Archive member included to satisfy reference by file (symbol)

.\CortexM3\ARM_GCC_541\Debug\pandemic.a(LED1.o)
                              .\CortexM3\ARM_GCC_541\Debug\pandemic.o (LED1_Write)
.\CortexM3\ARM_GCC_541\Debug\pandemic.a(LED2.o)
                              .\CortexM3\ARM_GCC_541\Debug\pandemic.o (LED2_Write)
.\CortexM3\ARM_GCC_541\Debug\pandemic.a(LED3.o)
                              .\CortexM3\ARM_GCC_541\Debug\pandemic.o (LED3_Write)
.\CortexM3\ARM_GCC_541\Debug\pandemic.a(LED4.o)
                              .\CortexM3\ARM_GCC_541\Debug\pandemic.o (LED4_Write)
.\CortexM3\ARM_GCC_541\Debug\pandemic.a(KB_keyboard.o)
                              .\CortexM3\ARM_GCC_541\Debug\main.o (KB_Start)
.\CortexM3\ARM_GCC_541\Debug\pandemic.a(LCD.o)
                              .\CortexM3\ARM_GCC_541\Debug\pandemic.o (LCD_PrintString)
.\CortexM3\ARM_GCC_541\Debug\pandemic.a(KB_KeyboardCol1.o)
                              .\CortexM3\ARM_GCC_541\Debug\pandemic.a(KB_keyboard.o) (KB_KeyboardCol1_Write)
.\CortexM3\ARM_GCC_541\Debug\pandemic.a(KB_KeyboardCol3.o)
                              .\CortexM3\ARM_GCC_541\Debug\pandemic.a(KB_keyboard.o) (KB_KeyboardCol3_Write)
.\CortexM3\ARM_GCC_541\Debug\pandemic.a(KB_KeyboardCol2.o)
                              .\CortexM3\ARM_GCC_541\Debug\pandemic.a(KB_keyboard.o) (KB_KeyboardCol2_Write)
.\CortexM3\ARM_GCC_541\Debug\pandemic.a(KB_KeyboardRow0.o)
                              .\CortexM3\ARM_GCC_541\Debug\pandemic.a(KB_keyboard.o) (KB_KeyboardRow0_Read)
.\CortexM3\ARM_GCC_541\Debug\pandemic.a(KB_KeyboardRow1.o)
                              .\CortexM3\ARM_GCC_541\Debug\pandemic.a(KB_keyboard.o) (KB_KeyboardRow1_Read)
.\CortexM3\ARM_GCC_541\Debug\pandemic.a(KB_KeyboardRow2.o)
                              .\CortexM3\ARM_GCC_541\Debug\pandemic.a(KB_keyboard.o) (KB_KeyboardRow2_Read)
.\CortexM3\ARM_GCC_541\Debug\pandemic.a(KB_KeyboardRow3.o)
                              .\CortexM3\ARM_GCC_541\Debug\pandemic.a(KB_keyboard.o) (KB_KeyboardRow3_Read)
.\CortexM3\ARM_GCC_541\Debug\pandemic.a(CyLib.o)
                              .\CortexM3\ARM_GCC_541\Debug\Cm3Start.o (CyHalt)
.\CortexM3\ARM_GCC_541\Debug\pandemic.a(cyPm.o)
                              .\CortexM3\ARM_GCC_541\Debug\pandemic.a(CyLib.o) (CyPmReadStatus)
.\CortexM3\ARM_GCC_541\Debug\pandemic.a(CyBootAsmGnu.o)
                              .\CortexM3\ARM_GCC_541\Debug\cyfitter_cfg.o (CyDelayCycles)
.\CortexM3\ARM_GCC_541\Debug\pandemic.a(CyFlash.o)
                              .\CortexM3\ARM_GCC_541\Debug\pandemic.a(cyPm.o) (CyFlash_SetWaitCycles)
.\CortexM3\ARM_GCC_541\Debug\pandemic.a(CySpc.o)
                              .\CortexM3\ARM_GCC_541\Debug\pandemic.a(CyFlash.o) (CySpcStart)
c:/program files (x86)/cypress/psoc creator/4.3/psoc creator/import/gnu/arm/5.4.1/bin/../lib/gcc/arm-none-eabi/5.4.1/../../../../arm-none-eabi/lib/armv7-m\libg_nano.a(lib_a-errno.o)
                              .\CortexM3\ARM_GCC_541\Debug\Cm3Start.o (__errno)
c:/program files (x86)/cypress/psoc creator/4.3/psoc creator/import/gnu/arm/5.4.1/bin/../lib/gcc/arm-none-eabi/5.4.1/../../../../arm-none-eabi/lib/armv7-m\libg_nano.a(lib_a-exit.o)
                              c:/program files (x86)/cypress/psoc creator/4.3/psoc creator/import/gnu/arm/5.4.1/bin/../lib/gcc/arm-none-eabi/5.4.1/../../../../arm-none-eabi/lib/armv7-m/crt0.o (exit)
c:/program files (x86)/cypress/psoc creator/4.3/psoc creator/import/gnu/arm/5.4.1/bin/../lib/gcc/arm-none-eabi/5.4.1/../../../../arm-none-eabi/lib/armv7-m\libg_nano.a(lib_a-impure.o)
                              c:/program files (x86)/cypress/psoc creator/4.3/psoc creator/import/gnu/arm/5.4.1/bin/../lib/gcc/arm-none-eabi/5.4.1/../../../../arm-none-eabi/lib/armv7-m\libg_nano.a(lib_a-exit.o) (_global_impure_ptr)
c:/program files (x86)/cypress/psoc creator/4.3/psoc creator/import/gnu/arm/5.4.1/bin/../lib/gcc/arm-none-eabi/5.4.1/../../../../arm-none-eabi/lib/armv7-m\libg_nano.a(lib_a-init.o)
                              c:/program files (x86)/cypress/psoc creator/4.3/psoc creator/import/gnu/arm/5.4.1/bin/../lib/gcc/arm-none-eabi/5.4.1/../../../../arm-none-eabi/lib/armv7-m/crt0.o (__libc_init_array)
c:/program files (x86)/cypress/psoc creator/4.3/psoc creator/import/gnu/arm/5.4.1/bin/../lib/gcc/arm-none-eabi/5.4.1/../../../../arm-none-eabi/lib/armv7-m\libg_nano.a(lib_a-memcpy-stub.o)
                              .\CortexM3\ARM_GCC_541\Debug\queue.o (memcpy)
c:/program files (x86)/cypress/psoc creator/4.3/psoc creator/import/gnu/arm/5.4.1/bin/../lib/gcc/arm-none-eabi/5.4.1/../../../../arm-none-eabi/lib/armv7-m\libg_nano.a(lib_a-memset.o)
                              c:/program files (x86)/cypress/psoc creator/4.3/psoc creator/import/gnu/arm/5.4.1/bin/../lib/gcc/arm-none-eabi/5.4.1/../../../../arm-none-eabi/lib/armv7-m/crt0.o (memset)
[...]
Memory Configuration

Name             Origin             Length             Attributes
rom              0x00000000         0x00040000         xr
ram              0x1fff8000         0x00010000         xrw
*default*        0x00000000         0xffffffff

Linker script and memory map

LOAD c:/program files (x86)/cypress/psoc creator/4.3/psoc creator/import/gnu/arm/5.4.1/bin/../lib/gcc/arm-none-eabi/5.4.1/armv7-m/crti.o
LOAD c:/program files (x86)/cypress/psoc creator/4.3/psoc creator/import/gnu/arm/5.4.1/bin/../lib/gcc/arm-none-eabi/5.4.1/armv7-m/crtbegin.o
LOAD c:/program files (x86)/cypress/psoc creator/4.3/psoc creator/import/gnu/arm/5.4.1/bin/../lib/gcc/arm-none-eabi/5.4.1/../../../../arm-none-eabi/lib/armv7-m/crt0.o
START GROUP
LOAD .\CortexM3\ARM_GCC_541\Debug\croutine.o
LOAD .\CortexM3\ARM_GCC_541\Debug\event_groups.o
LOAD .\CortexM3\ARM_GCC_541\Debug\list.o
LOAD .\CortexM3\ARM_GCC_541\Debug\mpu_wrappers.o
LOAD .\CortexM3\ARM_GCC_541\Debug\port.o
LOAD .\CortexM3\ARM_GCC_541\Debug\queue.o
LOAD .\CortexM3\ARM_GCC_541\Debug\stream_buffer.o
LOAD .\CortexM3\ARM_GCC_541\Debug\tasks.o
LOAD .\CortexM3\ARM_GCC_541\Debug\timers.o
LOAD .\CortexM3\ARM_GCC_541\Debug\heap_2.o
LOAD .\CortexM3\ARM_GCC_541\Debug\main.o
LOAD .\CortexM3\ARM_GCC_541\Debug\pandemic.o
LOAD .\CortexM3\ARM_GCC_541\Debug\cyfitter_cfg.o
LOAD .\CortexM3\ARM_GCC_541\Debug\cymetadata.o
LOAD .\CortexM3\ARM_GCC_541\Debug\Cm3Start.o
LOAD .\CortexM3\ARM_GCC_541\Debug\pandemic.a
LOAD C:\Program Files (x86)\Cypress\PSoC Creator\4.3\PSoC Creator\psoc\content\cycomponentlibrary\CyComponentLibrary.cylib\CortexM3\ARM_GCC_541\Debug\CyComponentLibrary.a
LOAD c:/program files (x86)/cypress/psoc creator/4.3/psoc creator/import/gnu/arm/5.4.1/bin/../lib/gcc/arm-none-eabi/5.4.1/../../../../arm-none-eabi/lib/armv7-m\libm.a
END GROUP
START GROUP
LOAD c:/program files (x86)/cypress/psoc creator/4.3/psoc creator/import/gnu/arm/5.4.1/bin/../lib/gcc/arm-none-eabi/5.4.1/armv7-m\libgcc.a
LOAD c:/program files (x86)/cypress/psoc creator/4.3/psoc creator/import/gnu/arm/5.4.1/bin/../lib/gcc/arm-none-eabi/5.4.1/../../../../arm-none-eabi/lib/armv7-m\libg_nano.a
LOAD c:/program files (x86)/cypress/psoc creator/4.3/psoc creator/import/gnu/arm/5.4.1/bin/../lib/gcc/arm-none-eabi/5.4.1/../../../../arm-none-eabi/lib/armv7-m\libc_nano.a
END GROUP
START GROUP
LOAD c:/program files (x86)/cypress/psoc creator/4.3/psoc creator/import/gnu/arm/5.4.1/bin/../lib/gcc/arm-none-eabi/5.4.1/armv7-m\libgcc.a
LOAD c:/program files (x86)/cypress/psoc creator/4.3/psoc creator/import/gnu/arm/5.4.1/bin/../lib/gcc/arm-none-eabi/5.4.1/../../../../arm-none-eabi/lib/armv7-m\libc_nano.a
END GROUP
LOAD c:/program files (x86)/cypress/psoc creator/4.3/psoc creator/import/gnu/arm/5.4.1/bin/../lib/gcc/arm-none-eabi/5.4.1/armv7-m/crtend.o
LOAD c:/program files (x86)/cypress/psoc creator/4.3/psoc creator/import/gnu/arm/5.4.1/bin/../lib/gcc/arm-none-eabi/5.4.1/armv7-m/crtn.o
START GROUP
LOAD c:/program files (x86)/cypress/psoc creator/4.3/psoc creator/import/gnu/arm/5.4.1/bin/../lib/gcc/arm-none-eabi/5.4.1/armv7-m\libgcc.a
LOAD c:/program files (x86)/cypress/psoc creator/4.3/psoc creator/import/gnu/arm/5.4.1/bin/../lib/gcc/arm-none-eabi/5.4.1/../../../../arm-none-eabi/lib/armv7-m\libc.a
LOAD c:/program files (x86)/cypress/psoc creator/4.3/psoc creator/import/gnu/arm/5.4.1/bin/../lib/gcc/arm-none-eabi/5.4.1/../../../../arm-none-eabi/lib/armv7-m\libnosys.a
END GROUP
                0x00000000                CY_APPL_ORIGIN = 0x0
                0x00000100                CY_FLASH_ROW_SIZE = 0x100
                0x00000020                CY_ECC_ROW_SIZE = 0x20
                0x00000000                CY_EE_IN_BTLDR = 0x0
                0x00000000                CY_APPL_LOADABLE = 0x0
                0x00000800                CY_EE_SIZE = 0x800
                0x00000001                CY_APPL_NUM = 0x1
                0x00000001                CY_APPL_MAX = 0x1
                0x00000040                CY_METADATA_SIZE = 0x40
                0x00000000                CY_APPL_LOADABLE = 0x0
                0x00000000                CY_CHECKSUM_EXCLUDE_SIZE = ALIGN (0x0, CY_FLASH_ROW_SIZE)
                [!provide]                PROVIDE (__cy_heap_start, _end)
                0x00000001                PROVIDE (__cy_region_num, ((__cy_regions_end - __cy_regions) / 0x10))
                0x20008000                PROVIDE (__cy_stack, (ORIGIN (ram) + LENGTH (ram)))
                [!provide]                PROVIDE (__cy_heap_end, (__cy_stack - 0x800))

.cybootloader   0x00000000        0x0
 *(.cybootloader)
                0x00000000                appl1_start = CY_APPL_ORIGIN?CY_APPL_ORIGIN:ALIGN (CY_FLASH_ROW_SIZE)
                0x0001ff00                appl2_start = (appl1_start + ALIGN ((((LENGTH (rom) - appl1_start) - (0x2 * CY_FLASH_ROW_SIZE)) / 0x2), CY_FLASH_ROW_SIZE))
                0x00000000                appl_start = (CY_APPL_NUM == 0x1)?appl1_start:appl2_start
                0x00000000                ecc_offset = ((appl_start / CY_FLASH_ROW_SIZE) * CY_ECC_ROW_SIZE)
                0x00000000                ee_offset = (CY_APPL_LOADABLE && ! (CY_EE_IN_BTLDR))?((CY_EE_SIZE / CY_APPL_MAX) * (CY_APPL_NUM - 0x1)):0x0
                0x00000800                ee_size = (CY_APPL_LOADABLE && ! (CY_EE_IN_BTLDR))?(CY_EE_SIZE / CY_APPL_MAX):CY_EE_SIZE
                [!provide]                PROVIDE (CY_ECC_OFFSET, ecc_offset)

.text           0x00000000     0x248c
 CREATE_OBJECT_SYMBOLS
                0x00000000                PROVIDE (__cy_interrupt_vector, RomVectors)
 *(.romvectors)
 .romvectors    0x00000000       0x10 .\CortexM3\ARM_GCC_541\Debug\Cm3Start.o
                0x00000000                RomVectors
                0x00000001                ASSERT ((. != __cy_interrupt_vector), No interrupt vector)
                0x00000001                ASSERT (CY_APPL_ORIGIN?(SIZEOF (.cybootloader) <= CY_APPL_ORIGIN):0x1, Wrong image location)
                0x00000010                PROVIDE (__cy_reset, Reset)
 *(.text.Reset)
 .text.Reset    0x00000010       0x18 .\CortexM3\ARM_GCC_541\Debug\Cm3Start.o
                0x00000010                Reset
                0x00000001                ASSERT ((. != __cy_reset), No reset code)
 *(.dma_init)
                0x00000001                ASSERT ((((appl_start + .) <= 0x10000) || 0x1), DMA Init must be within the first 64k of flash)
 *(.text .text.* .gnu.linkonce.t.*)
 .text          0x00000028       0x5c c:/program files (x86)/cypress/psoc creator/4.3/psoc creator/import/gnu/arm/5.4.1/bin/../lib/gcc/arm-none-eabi/5.4.1/armv7-m/crtbegin.o
 .text.vListInitialise
                0x00000084       0x18 .\CortexM3\ARM_GCC_541\Debug\list.o
                0x00000084                vListInitialise
 .text.vListInitialiseItem
                0x0000009c        0x8 .\CortexM3\ARM_GCC_541\Debug\list.o
                0x0000009c                vListInitialiseItem
 .text.vListInsertEnd
                0x000000a4       0x18 .\CortexM3\ARM_GCC_541\Debug\list.o
                0x000000a4                vListInsertEnd
 .text.vListInsert
                0x000000bc       0x34 .\CortexM3\ARM_GCC_541\Debug\list.o
                0x000000bc                vListInsert
 .text.uxListRemove
                0x000000f0       0x28 .\CortexM3\ARM_GCC_541\Debug\list.o
                0x000000f0                uxListRemove
 .text.prvTaskExitError
                0x00000118       0x20 .\CortexM3\ARM_GCC_541\Debug\port.o
 .text.prvPortStartFirstTask
                0x00000138       0x20 .\CortexM3\ARM_GCC_541\Debug\port.o
 .text.pxPortInitialiseStack
                0x00000158       0x24 .\CortexM3\ARM_GCC_541\Debug\port.o
                0x00000158                pxPortInitialiseStack
 *fill*         0x0000017c        0x4 
 .text.vPortSVCHandler
                0x00000180       0x24 .\CortexM3\ARM_GCC_541\Debug\port.o
                0x00000180                vPortSVCHandler
 .text.vPortEnterCritical
                0x000001a4       0x20 .\CortexM3\ARM_GCC_541\Debug\port.o
                0x000001a4                vPortEnterCritical
 .text.vPortExitCritical
                0x000001c4       0x14 .\CortexM3\ARM_GCC_541\Debug\port.o
                0x000001c4                vPortExitCritical
 *fill*         0x000001d8        0x8 
 .text.xPortPendSVHandler
                0x000001e0       0x44 .\CortexM3\ARM_GCC_541\Debug\port.o
                0x000001e0                xPortPendSVHandler
 .text.xPortSysTickHandler
                0x00000224       0x2c .\CortexM3\ARM_GCC_541\Debug\port.o
                0x00000224                xPortSysTickHandler
 .text.vPortSetupTimerInterrupt
                0x00000250       0x24 .\CortexM3\ARM_GCC_541\Debug\port.o
                0x00000250                vPortSetupTimerInterrupt
 .text.xPortStartScheduler
                0x00000274       0x38 .\CortexM3\ARM_GCC_541\Debug\port.o
                0x00000274                xPortStartScheduler
 .text.prvGetDisinheritPriorityAfterTimeout
                0x000002ac       0x14 .\CortexM3\ARM_GCC_541\Debug\queue.o
 .text.prvIsQueueFull
                0x000002c0       0x20 .\CortexM3\ARM_GCC_541\Debug\queue.o
 .text.prvIsQueueEmpty
                0x000002e0       0x1c .\CortexM3\ARM_GCC_541\Debug\queue.o
 .text.prvCopyDataToQueue
                0x000002fc       0x78 .\CortexM3\ARM_GCC_541\Debug\queue.o
 .text.prvCopyDataFromQueue
                0x00000374       0x24 .\CortexM3\ARM_GCC_541\Debug\queue.o
 .text.prvUnlockQueue
                0x00000398       0x68 .\CortexM3\ARM_GCC_541\Debug\queue.o
 .text.xQueueGenericReset
                0x00000400       0x6c .\CortexM3\ARM_GCC_541\Debug\queue.o
                0x00000400                xQueueGenericReset
 .text.prvInitialiseNewQueue
                0x0000046c       0x1c .\CortexM3\ARM_GCC_541\Debug\queue.o
 .text.xQueueGenericCreate
                0x00000488       0x34 .\CortexM3\ARM_GCC_541\Debug\queue.o
                0x00000488                xQueueGenericCreate
 .text.xQueueGenericSend
                0x000004bc      0x108 .\CortexM3\ARM_GCC_541\Debug\queue.o
                0x000004bc                xQueueGenericSend
 .text.prvInitialiseMutex
                0x000005c4       0x18 .\CortexM3\ARM_GCC_541\Debug\queue.o
 .text.xQueueCreateMutex
                0x000005dc       0x18 .\CortexM3\ARM_GCC_541\Debug\queue.o
                0x000005dc                xQueueCreateMutex
 .text.xQueueGenericSendFromISR
                0x000005f4       0x70 .\CortexM3\ARM_GCC_541\Debug\queue.o
                0x000005f4                xQueueGenericSendFromISR
 .text.xQueueReceive
                0x00000664       0xf8 .\CortexM3\ARM_GCC_541\Debug\queue.o
                0x00000664                xQueueReceive
 .text.xQueueSemaphoreTake
                0x0000075c      0x128 .\CortexM3\ARM_GCC_541\Debug\queue.o
                0x0000075c                xQueueSemaphoreTake
 .text.xQueuePeek
                0x00000884       0xf8 .\CortexM3\ARM_GCC_541\Debug\queue.o
                0x00000884                xQueuePeek
 .text.vQueueAddToRegistry
                0x0000097c       0x28 .\CortexM3\ARM_GCC_541\Debug\queue.o
                0x0000097c                vQueueAddToRegistry
 .text.vQueueWaitForMessageRestricted
                0x000009a4       0x4c .\CortexM3\ARM_GCC_541\Debug\queue.o
                0x000009a4                vQueueWaitForMessageRestricted
 .text.prvResetNextTaskUnblockTime
                0x000009f0       0x24 .\CortexM3\ARM_GCC_541\Debug\tasks.o
 .text.prvDeleteTCB
                0x00000a14       0x14 .\CortexM3\ARM_GCC_541\Debug\tasks.o
 .text.prvInitialiseNewTask
                0x00000a28       0x90 .\CortexM3\ARM_GCC_541\Debug\tasks.o
 .text.prvInitialiseTaskLists
                0x00000ab8       0x58 .\CortexM3\ARM_GCC_541\Debug\tasks.o
 .text.prvAddNewTaskToReadyList
                0x00000b10       0xac .\CortexM3\ARM_GCC_541\Debug\tasks.o
 .text.prvCheckTasksWaitingTermination
                0x00000bbc       0x44 .\CortexM3\ARM_GCC_541\Debug\tasks.o
 .text.prvIdleTask
                0x00000c00        0x8 .\CortexM3\ARM_GCC_541\Debug\tasks.o
 .text.prvAddCurrentTaskToDelayedList
                0x00000c08       0x84 .\CortexM3\ARM_GCC_541\Debug\tasks.o
 .text.xTaskCreate
                0x00000c8c       0x64 .\CortexM3\ARM_GCC_541\Debug\tasks.o
                0x00000c8c                xTaskCreate
 .text.vTaskStartScheduler
                0x00000cf0       0x60 .\CortexM3\ARM_GCC_541\Debug\tasks.o
                0x00000cf0                vTaskStartScheduler
 .text.vTaskSuspendAll
                0x00000d50       0x14 .\CortexM3\ARM_GCC_541\Debug\tasks.o
                0x00000d50                vTaskSuspendAll
 .text.xTaskGetTickCount
                0x00000d64        0xc .\CortexM3\ARM_GCC_541\Debug\tasks.o
                0x00000d64                xTaskGetTickCount
 .text.xTaskIncrementTick
                0x00000d70      0x100 .\CortexM3\ARM_GCC_541\Debug\tasks.o
                0x00000d70                xTaskIncrementTick
 .text.xTaskResumeAll
                0x00000e70       0xd8 .\CortexM3\ARM_GCC_541\Debug\tasks.o
                0x00000e70                xTaskResumeAll
 .text.vTaskDelay
                0x00000f48       0x34 .\CortexM3\ARM_GCC_541\Debug\tasks.o
                0x00000f48                vTaskDelay
 .text.vTaskSwitchContext
                0x00000f7c       0x70 .\CortexM3\ARM_GCC_541\Debug\tasks.o
                0x00000f7c                vTaskSwitchContext
 .text.vTaskPlaceOnEventList
                0x00000fec       0x20 .\CortexM3\ARM_GCC_541\Debug\tasks.o
                0x00000fec                vTaskPlaceOnEventList
 .text.vTaskPlaceOnEventListRestricted
                0x0000100c       0x28 .\CortexM3\ARM_GCC_541\Debug\tasks.o
                0x0000100c                vTaskPlaceOnEventListRestricted
 .text.xTaskRemoveFromEventList
                0x00001034       0x74 .\CortexM3\ARM_GCC_541\Debug\tasks.o
                0x00001034                xTaskRemoveFromEventList
 .text.vTaskInternalSetTimeOutState
                0x000010a8       0x14 .\CortexM3\ARM_GCC_541\Debug\tasks.o
                0x000010a8                vTaskInternalSetTimeOutState
 .text.xTaskCheckForTimeOut
                0x000010bc       0x58 .\CortexM3\ARM_GCC_541\Debug\tasks.o
                0x000010bc                xTaskCheckForTimeOut
 .text.vTaskMissedYield
                0x00001114       0x10 .\CortexM3\ARM_GCC_541\Debug\tasks.o
                0x00001114                vTaskMissedYield
 .text.xTaskGetSchedulerState
                0x00001124       0x20 .\CortexM3\ARM_GCC_541\Debug\tasks.o
                0x00001124                xTaskGetSchedulerState
 .text.xTaskPriorityInherit
                0x00001144       0xc8 .\CortexM3\ARM_GCC_541\Debug\tasks.o
                0x00001144                xTaskPriorityInherit
 .text.xTaskPriorityDisinherit
                0x0000120c       0x88 .\CortexM3\ARM_GCC_541\Debug\tasks.o
                0x0000120c                xTaskPriorityDisinherit
 .text.vTaskPriorityDisinheritAfterTimeout
                0x00001294       0x98 .\CortexM3\ARM_GCC_541\Debug\tasks.o
                0x00001294                vTaskPriorityDisinheritAfterTimeout
 .text.pvTaskIncrementMutexHeldCount
                0x0000132c       0x20 .\CortexM3\ARM_GCC_541\Debug\tasks.o
                0x0000132c                pvTaskIncrementMutexHeldCount
 .text.prvGetNextExpireTime
                0x0000134c       0x20 .\CortexM3\ARM_GCC_541\Debug\timers.o
 .text.prvInsertTimerInActiveList
                0x0000136c       0x44 .\CortexM3\ARM_GCC_541\Debug\timers.o
 .text.prvCheckForValidListAndQueue
                0x000013b0       0x48 .\CortexM3\ARM_GCC_541\Debug\timers.o
 .text.prvInitialiseNewTimer
                0x000013f8       0x2c .\CortexM3\ARM_GCC_541\Debug\timers.o
 .text.xTimerCreateTimerTask
                0x00001424       0x40 .\CortexM3\ARM_GCC_541\Debug\timers.o
                0x00001424                xTimerCreateTimerTask
 .text.xTimerCreate
                0x00001464       0x34 .\CortexM3\ARM_GCC_541\Debug\timers.o
                0x00001464                xTimerCreate
 .text.xTimerGenericCommand
                0x00001498       0x58 .\CortexM3\ARM_GCC_541\Debug\timers.o
                0x00001498                xTimerGenericCommand
 .text.prvSwitchTimerLists
                0x000014f0       0x60 .\CortexM3\ARM_GCC_541\Debug\timers.o
 .text.prvSampleTimeNow
                0x00001550       0x2c .\CortexM3\ARM_GCC_541\Debug\timers.o
 .text.prvProcessExpiredTimer
                0x0000157c       0x48 .\CortexM3\ARM_GCC_541\Debug\timers.o
 .text.prvProcessTimerOrBlockTask
                0x000015c4       0x70 .\CortexM3\ARM_GCC_541\Debug\timers.o
 .text.prvProcessReceivedCommands
                0x00001634       0x94 .\CortexM3\ARM_GCC_541\Debug\timers.o
 .text.prvTimerTask
                0x000016c8       0x18 .\CortexM3\ARM_GCC_541\Debug\timers.o
 .text.prvHeapInit
                0x000016e0       0x30 .\CortexM3\ARM_GCC_541\Debug\heap_2.o
 .text.pvPortMalloc
                0x00001710       0xac .\CortexM3\ARM_GCC_541\Debug\heap_2.o
                0x00001710                pvPortMalloc
 .text.vPortFree
                0x000017bc       0x44 .\CortexM3\ARM_GCC_541\Debug\heap_2.o
                0x000017bc                vPortFree
 .text.freeRTOSInit
                0x00001800       0x20 .\CortexM3\ARM_GCC_541\Debug\main.o
 .text.quarantineTask
                0x00001820       0x18 .\CortexM3\ARM_GCC_541\Debug\main.o
                0x00001820                quarantineTask
 .text.vaccineTask
                0x00001838       0x44 .\CortexM3\ARM_GCC_541\Debug\main.o
                0x00001838                vaccineTask
 .text.medicineTask
                0x0000187c       0x2c .\CortexM3\ARM_GCC_541\Debug\main.o
                0x0000187c                medicineTask
 .text.screenUpdateTask
                0x000018a8       0x14 .\CortexM3\ARM_GCC_541\Debug\main.o
                0x000018a8                screenUpdateTask
 .text.main     0x000018bc       0xf4 .\CortexM3\ARM_GCC_541\Debug\main.o
                0x000018bc                main
 .text.releaseContamination
                0x000019b0       0x18 .\CortexM3\ARM_GCC_541\Debug\main.o
                0x000019b0                releaseContamination
 .text.releaseClue
                0x000019c8       0x24 .\CortexM3\ARM_GCC_541\Debug\main.o
                0x000019c8                releaseClue
 .text.deadlineContamination
                0x000019ec       0x2c .\CortexM3\ARM_GCC_541\Debug\pandemic.o
                0x000019ec                deadlineContamination
 .text.quarantine
                0x00001a18       0x2c .\CortexM3\ARM_GCC_541\Debug\pandemic.o
                0x00001a18                quarantine
 .text.startContamination
                0x00001a44       0x68 .\CortexM3\ARM_GCC_541\Debug\pandemic.o
                0x00001a44                startContamination
 .text.gameTask
                0x00001aac      0x124 .\CortexM3\ARM_GCC_541\Debug\pandemic.o
                0x00001aac                gameTask
 .text.encode   0x00001bd0        0x8 .\CortexM3\ARM_GCC_541\Debug\pandemic.o
                0x00001bd0                encode
 .text.assignMissionToLab
                0x00001bd8       0x3c .\CortexM3\ARM_GCC_541\Debug\pandemic.o
                0x00001bd8                assignMissionToLab
 .text.shipVaccine
                0x00001c14       0x24 .\CortexM3\ARM_GCC_541\Debug\pandemic.o
                0x00001c14                shipVaccine
 .text.CyClockStartupError
                0x00001c38        0x4 .\CortexM3\ARM_GCC_541\Debug\cyfitter_cfg.o
 .text.AnalogSetDefault
                0x00001c3c       0x28 .\CortexM3\ARM_GCC_541\Debug\cyfitter_cfg.o
 .text.CYMEMZERO
                0x00001c64        0xc .\CortexM3\ARM_GCC_541\Debug\cyfitter_cfg.o
 .text.ClockSetup
                0x00001c70       0x9c .\CortexM3\ARM_GCC_541\Debug\cyfitter_cfg.o
 .text.CYCONFIGCPY
                0x00001d0c        0x8 .\CortexM3\ARM_GCC_541\Debug\cyfitter_cfg.o
 .text.cyfitter_cfg
                0x00001d14       0xfc .\CortexM3\ARM_GCC_541\Debug\cyfitter_cfg.o
                0x00001d14                cyfitter_cfg
 .text.IntDefaultHandler
                0x00001e10       0x10 .\CortexM3\ARM_GCC_541\Debug\Cm3Start.o
                0x00001e10                IntDefaultHandler
 .text._sbrk    0x00001e20       0x30 .\CortexM3\ARM_GCC_541\Debug\Cm3Start.o
                0x00001e20                _sbrk
 .text.Start_c  0x00001e50       0x4c .\CortexM3\ARM_GCC_541\Debug\Cm3Start.o
                0x00001e50                Start_c
 .text.initialize_psoc
                0x00001e9c       0x68 .\CortexM3\ARM_GCC_541\Debug\Cm3Start.o
                0x00001e9c                initialize_psoc
 .text.LED1_Write
                0x00001f04       0x18 .\CortexM3\ARM_GCC_541\Debug\pandemic.a(LED1.o)
                0x00001f04                LED1_Write
 .text.LED2_Write
                0x00001f1c       0x18 .\CortexM3\ARM_GCC_541\Debug\pandemic.a(LED2.o)
                0x00001f1c                LED2_Write
 .text.LED3_Write
                0x00001f34       0x18 .\CortexM3\ARM_GCC_541\Debug\pandemic.a(LED3.o)
                0x00001f34                LED3_Write
 .text.LED4_Write
                0x00001f4c       0x18 .\CortexM3\ARM_GCC_541\Debug\pandemic.a(LED4.o)
                0x00001f4c                LED4_Write
 .text.KB_Start
                0x00001f64       0x18 .\CortexM3\ARM_GCC_541\Debug\pandemic.a(KB_keyboard.o)
                0x00001f64                KB_Start
 .text.LCD_WrCntrlNib
                0x00001f7c       0x34 .\CortexM3\ARM_GCC_541\Debug\pandemic.a(LCD.o)
 .text.LCD_WrDatNib
                0x00001fb0       0x44 .\CortexM3\ARM_GCC_541\Debug\pandemic.a(LCD.o)
 .text.LCD_IsReady
                0x00001ff4       0xe4 .\CortexM3\ARM_GCC_541\Debug\pandemic.a(LCD.o)
                0x00001ff4                LCD_IsReady
 .text.LCD_WriteData
                0x000020d8       0x18 .\CortexM3\ARM_GCC_541\Debug\pandemic.a(LCD.o)
                0x000020d8                LCD_WriteData
 .text.LCD_PrintString
                0x000020f0       0x1c .\CortexM3\ARM_GCC_541\Debug\pandemic.a(LCD.o)
                0x000020f0                LCD_PrintString
 .text.LCD_WriteControl
                0x0000210c       0x18 .\CortexM3\ARM_GCC_541\Debug\pandemic.a(LCD.o)
                0x0000210c                LCD_WriteControl
 .text.LCD_Init
                0x00002124       0x6c .\CortexM3\ARM_GCC_541\Debug\pandemic.a(LCD.o)
                0x00002124                LCD_Init
 .text.LCD_Enable
                0x00002190       0x14 .\CortexM3\ARM_GCC_541\Debug\pandemic.a(LCD.o)
                0x00002190                LCD_Enable
 .text.LCD_Start
                0x000021a4       0x1c .\CortexM3\ARM_GCC_541\Debug\pandemic.a(LCD.o)
                0x000021a4                LCD_Start
 .text.LCD_Position
                0x000021c0       0x3c .\CortexM3\ARM_GCC_541\Debug\pandemic.a(LCD.o)
                0x000021c0                LCD_Position
 .text.KB_KeyboardCol1_Write
                0x000021fc       0x18 .\CortexM3\ARM_GCC_541\Debug\pandemic.a(KB_KeyboardCol1.o)
                0x000021fc                KB_KeyboardCol1_Write
 .text.KB_KeyboardCol3_Write
                0x00002214       0x18 .\CortexM3\ARM_GCC_541\Debug\pandemic.a(KB_KeyboardCol3.o)
                0x00002214                KB_KeyboardCol3_Write
 .text.KB_KeyboardCol2_Write
                0x0000222c       0x18 .\CortexM3\ARM_GCC_541\Debug\pandemic.a(KB_KeyboardCol2.o)
                0x0000222c                KB_KeyboardCol2_Write
 .text.CyDelay  0x00002244       0x2c .\CortexM3\ARM_GCC_541\Debug\pandemic.a(CyLib.o)
                0x00002244                CyDelay
 .text.CyDelayUs
                0x00002270       0x14 .\CortexM3\ARM_GCC_541\Debug\pandemic.a(CyLib.o)
                0x00002270                CyDelayUs
 *fill*         0x00002284        0x4 
 .text          0x00002288       0x20 .\CortexM3\ARM_GCC_541\Debug\pandemic.a(CyBootAsmGnu.o)
                0x00002288                CyDelayCycles
                0x00002298                CyEnterCriticalSection
                0x000022a0                CyExitCriticalSection
 .text.__errno  0x000022a8        0xc c:/program files (x86)/cypress/psoc creator/4.3/psoc creator/import/gnu/arm/5.4.1/bin/../lib/gcc/arm-none-eabi/5.4.1/../../../../arm-none-eabi/lib/armv7-m\libg_nano.a(lib_a-errno.o)
                0x000022a8                __errno
 .text.__libc_init_array
                0x000022b4       0x4c c:/program files (x86)/cypress/psoc creator/4.3/psoc creator/import/gnu/arm/5.4.1/bin/../lib/gcc/arm-none-eabi/5.4.1/../../../../arm-none-eabi/lib/armv7-m\libg_nano.a(lib_a-init.o)
                0x000022b4                __libc_init_array
 .text.memcpy   0x00002300       0x16 c:/program files (x86)/cypress/psoc creator/4.3/psoc creator/import/gnu/arm/5.4.1/bin/../lib/gcc/arm-none-eabi/5.4.1/../../../../arm-none-eabi/lib/armv7-m\libg_nano.a(lib_a-memcpy-stub.o)
                0x00002300                memcpy
 .text.memset   0x00002316       0x10 c:/program files (x86)/cypress/psoc creator/4.3/psoc creator/import/gnu/arm/5.4.1/bin/../lib/gcc/arm-none-eabi/5.4.1/../../../../arm-none-eabi/lib/armv7-m\libg_nano.a(lib_a-memset.o)
                0x00002316                memset
 *fill*         0x00002326        0x2 
 .text.rand     0x00002328       0x74 c:/program files (x86)/cypress/psoc creator/4.3/psoc creator/import/gnu/arm/5.4.1/bin/../lib/gcc/arm-none-eabi/5.4.1/../../../../arm-none-eabi/lib/armv7-m\libg_nano.a(lib_a-rand.o)
                0x00002328                rand
 .text.malloc   0x0000239c       0x10 c:/program files (x86)/cypress/psoc creator/4.3/psoc creator/import/gnu/arm/5.4.1/bin/../lib/gcc/arm-none-eabi/5.4.1/../../../../arm-none-eabi/lib/armv7-m\libg_nano.a(lib_a-malloc.o)
                0x0000239c                malloc
 .text._malloc_r
                0x000023ac       0xbc c:/program files (x86)/cypress/psoc creator/4.3/psoc creator/import/gnu/arm/5.4.1/bin/../lib/gcc/arm-none-eabi/5.4.1/../../../../arm-none-eabi/lib/armv7-m\libg_nano.a(lib_a-nano-mallocr.o)
                0x000023ac                _malloc_r
 .text._sbrk_r  0x00002468       0x20 c:/program files (x86)/cypress/psoc creator/4.3/psoc creator/import/gnu/arm/5.4.1/bin/../lib/gcc/arm-none-eabi/5.4.1/../../../../arm-none-eabi/lib/armv7-m\libg_nano.a(lib_a-sbrkr.o)
                0x00002468                _sbrk_r
 .text.__malloc_lock
                0x00002488        0x2 c:/program files (x86)/cypress/psoc creator/4.3/psoc creator/import/gnu/arm/5.4.1/bin/../lib/gcc/arm-none-eabi/5.4.1/../../../../arm-none-eabi/lib/armv7-m\libg_nano.a(lib_a-mlock.o)
                0x00002488                __malloc_lock
 .text.__malloc_unlock
                0x0000248a        0x2 c:/program files (x86)/cypress/psoc creator/4.3/psoc creator/import/gnu/arm/5.4.1/bin/../lib/gcc/arm-none-eabi/5.4.1/../../../../arm-none-eabi/lib/armv7-m\libg_nano.a(lib_a-mlock.o)
                0x0000248a                __malloc_unlock
 *(.plt)
 *(.gnu.warning)
 *(.glue_7t)
 .glue_7t       0x0000248c        0x0 linker stubs
 *(.glue_7)
 .glue_7        0x0000248c        0x0 linker stubs
 *(.vfp11_veneer)
 .vfp11_veneer  0x0000248c        0x0 linker stubs
 *(.bootloader)
 *(.ARM.extab* .gnu.linkonce.armextab.*)
 *(.gcc_except_table)

.v4_bx          0x0000248c        0x0
 .v4_bx         0x0000248c        0x0 linker stubs

.iplt           0x0000248c        0x0
 .iplt          0x0000248c        0x0 c:/program files (x86)/cypress/psoc creator/4.3/psoc creator/import/gnu/arm/5.4.1/bin/../lib/gcc/arm-none-eabi/5.4.1/armv7-m/crtbegin.o

.eh_frame_hdr
 *(.eh_frame_hdr)

.eh_frame       0x0000248c        0x4
 *(.eh_frame)
 .eh_frame      0x0000248c        0x0 c:/program files (x86)/cypress/psoc creator/4.3/psoc creator/import/gnu/arm/5.4.1/bin/../lib/gcc/arm-none-eabi/5.4.1/armv7-m/crtbegin.o
 .eh_frame      0x0000248c        0x4 c:/program files (x86)/cypress/psoc creator/4.3/psoc creator/import/gnu/arm/5.4.1/bin/../lib/gcc/arm-none-eabi/5.4.1/armv7-m/crtend.o
                [!provide]                PROVIDE (__exidx_start, .)

.ARM.exidx
 *(.ARM.exidx* .gnu.linkonce.armexidx.*)
                0x00002490                __exidx_end = .

.rodata         0x00002490       0xf0
 *(.rodata .rodata.* .gnu.linkonce.r.*)
 .rodata.str1.4
                0x00002490        0x5 .\CortexM3\ARM_GCC_541\Debug\tasks.o
 *fill*         0x00002495        0x3 
 .rodata.str1.4
                0x00002498       0x10 .\CortexM3\ARM_GCC_541\Debug\timers.o
 .rodata.str1.4
                0x000024a8       0x4e .\CortexM3\ARM_GCC_541\Debug\main.o
 *fill*         0x000024f6        0x2 
 .rodata.str1.4
                0x000024f8       0x28 .\CortexM3\ARM_GCC_541\Debug\pandemic.o
                                 0x25 (size before relaxing)
 .rodata        0x00002520       0x24 .\CortexM3\ARM_GCC_541\Debug\cyfitter_cfg.o
 .rodata.str1.1
                0x00002544        0x2 c:/program files (x86)/cypress/psoc creator/4.3/psoc creator/import/gnu/arm/5.4.1/bin/../lib/gcc/arm-none-eabi/5.4.1/../../../../arm-none-eabi/lib/armv7-m\libg_nano.a(lib_a-impure.o)
                0x00002548                . = ALIGN (0x4)
 *fill*         0x00002546        0x2 
 *(.init)
 .init          0x00002548        0x4 c:/program files (x86)/cypress/psoc creator/4.3/psoc creator/import/gnu/arm/5.4.1/bin/../lib/gcc/arm-none-eabi/5.4.1/armv7-m/crti.o
                0x00002548                _init
 .init          0x0000254c        0x8 c:/program files (x86)/cypress/psoc creator/4.3/psoc creator/import/gnu/arm/5.4.1/bin/../lib/gcc/arm-none-eabi/5.4.1/armv7-m/crtn.o
                0x00002554                . = ALIGN (0x4)
                0x00002554                __preinit_array_start = .
 *(.preinit_array)
                0x00002554                __preinit_array_end = .
                0x00002554                . = ALIGN (0x4)
                0x00002554                __init_array_start = .
 *(SORT(.init_array.*))
 *(.init_array)
 .init_array    0x00002554        0x4 c:/program files (x86)/cypress/psoc creator/4.3/psoc creator/import/gnu/arm/5.4.1/bin/../lib/gcc/arm-none-eabi/5.4.1/armv7-m/crtbegin.o
 .init_array    0x00002558        0x4 .\CortexM3\ARM_GCC_541\Debug\Cm3Start.o
                0x0000255c                __init_array_end = .
                0x0000255c                . = ALIGN (0x4)
 *(.fini)
 .fini          0x0000255c        0x4 c:/program files (x86)/cypress/psoc creator/4.3/psoc creator/import/gnu/arm/5.4.1/bin/../lib/gcc/arm-none-eabi/5.4.1/armv7-m/crti.o
                0x0000255c                _fini
 .fini          0x00002560        0x8 c:/program files (x86)/cypress/psoc creator/4.3/psoc creator/import/gnu/arm/5.4.1/bin/../lib/gcc/arm-none-eabi/5.4.1/armv7-m/crtn.o
                0x00002568                . = ALIGN (0x4)
                0x00002568                __fini_array_start = .
 *(.fini_array)
 .fini_array    0x00002568        0x4 c:/program files (x86)/cypress/psoc creator/4.3/psoc creator/import/gnu/arm/5.4.1/bin/../lib/gcc/arm-none-eabi/5.4.1/armv7-m/crtbegin.o
 *(SORT(.fini_array.*))
                0x0000256c                __fini_array_end = .
                0x0000256c                . = ALIGN (0x4)
 *crtbegin.o(.ctors)
 *(EXCLUDE_FILE(*crtend.o) .ctors)
 *(SORT(.ctors.*))
 *crtend.o(.ctors)
                0x0000256c                . = ALIGN (0x4)
 *crtbegin.o(.dtors)
 *(EXCLUDE_FILE(*crtend.o) .dtors)
 *(SORT(.dtors.*))
 *crtend.o(.dtors)
                0x0000256c                . = ALIGN (0x4)
                0x0000256c                __cy_regions = .
                0x0000256c        0x4 LONG 0x2580 __cy_region_init_ram
                0x00002570        0x4 LONG 0x1fff80c8 __cy_region_start_data
                0x00002574        0x4 LONG 0x90 __cy_region_init_size_ram
                0x00002578        0x4 LONG 0x8418 __cy_region_zero_size_ram
                0x0000257c                __cy_regions_end = .
                0x00002580                . = ALIGN (0x8)
 *fill*         0x0000257c        0x4 
                0x00002580                _etext = .

.cy_checksum_exclude
                0x00002580        0x0
 *(.cy_checksum_exclude)

.ramvectors     0x1fff8000       0xc0
                0x1fff8000                __cy_region_start_ram = .
 *(.ramvectors)
 .ramvectors    0x1fff8000       0xc0 .\CortexM3\ARM_GCC_541\Debug\Cm3Start.o
                0x1fff8000                CyRamVectors

.noinit         0x1fff80c0        0x1
 *(.noinit)
 .noinit        0x1fff80c0        0x1 .\CortexM3\ARM_GCC_541\Debug\pandemic.a(CyLib.o)
                0x1fff80c0                CyResetStatus

.data           0x1fff80c8       0x90 load address 0x00002580
                0x1fff80c8                __cy_region_start_data = .
 *(.jcr)
 .jcr           0x1fff80c8        0x0 c:/program files (x86)/cypress/psoc creator/4.3/psoc creator/import/gnu/arm/5.4.1/bin/../lib/gcc/arm-none-eabi/5.4.1/armv7-m/crtbegin.o
 .jcr           0x1fff80c8        0x4 c:/program files (x86)/cypress/psoc creator/4.3/psoc creator/import/gnu/arm/5.4.1/bin/../lib/gcc/arm-none-eabi/5.4.1/armv7-m/crtend.o
 *(.got.plt)
 *(.got)
 *(.shdata)
 *(.data .data.* .gnu.linkonce.d.*)
 .data          0x1fff80cc        0x4 .\CortexM3\ARM_GCC_541\Debug\port.o
 .data          0x1fff80d0        0x4 .\CortexM3\ARM_GCC_541\Debug\heap_2.o
 .data          0x1fff80d4        0x8 .\CortexM3\ARM_GCC_541\Debug\pandemic.o
                0x1fff80d4                quarantineStatus
                0x1fff80d5                populationCntr
                0x1fff80d6                contaminationPeriod
                0x1fff80d8                cluePeriod
                0x1fff80da                virusPeriod
 .data          0x1fff80dc        0x4 .\CortexM3\ARM_GCC_541\Debug\Cm3Start.o
 .data          0x1fff80e0       0x10 .\CortexM3\ARM_GCC_541\Debug\pandemic.a(CyLib.o)
                0x1fff80e0                cydelay_32k_ms
                0x1fff80e4                cydelay_freq_khz
                0x1fff80e8                cydelay_freq_mhz
                0x1fff80ec                cydelay_freq_hz
 .data.impure_data
                0x1fff80f0       0x60 c:/program files (x86)/cypress/psoc creator/4.3/psoc creator/import/gnu/arm/5.4.1/bin/../lib/gcc/arm-none-eabi/5.4.1/../../../../arm-none-eabi/lib/armv7-m\libg_nano.a(lib_a-impure.o)
 .data._impure_ptr
                0x1fff8150        0x4 c:/program files (x86)/cypress/psoc creator/4.3/psoc creator/import/gnu/arm/5.4.1/bin/../lib/gcc/arm-none-eabi/5.4.1/../../../../arm-none-eabi/lib/armv7-m\libg_nano.a(lib_a-impure.o)
                0x1fff8150                _impure_ptr
                0x1fff8158                . = ALIGN (0x8)
 *fill*         0x1fff8154        0x4 
 *(.ram)
                0x1fff8158                _edata = .

.igot.plt       0x1fff8158        0x0 load address 0x00002610
 .igot.plt      0x1fff8158        0x0 c:/program files (x86)/cypress/psoc creator/4.3/psoc creator/import/gnu/arm/5.4.1/bin/../lib/gcc/arm-none-eabi/5.4.1/armv7-m/crtbegin.o

.bss            0x1fff8158     0x8418 load address 0x00002610
                0x1fff8158                PROVIDE (__bss_start__, .)
 *(.shbss)
 *(.bss .bss.* .gnu.linkonce.b.*)
 .bss           0x1fff8158       0x1c c:/program files (x86)/cypress/psoc creator/4.3/psoc creator/import/gnu/arm/5.4.1/bin/../lib/gcc/arm-none-eabi/5.4.1/armv7-m/crtbegin.o
 .bss           0x1fff8174      0x320 .\CortexM3\ARM_GCC_541\Debug\tasks.o
                0x1fff8468                pxCurrentTCB
 .bss           0x1fff8494       0x3c .\CortexM3\ARM_GCC_541\Debug\timers.o
 .bss           0x1fff84d0     0x8014 .\CortexM3\ARM_GCC_541\Debug\heap_2.o
 .bss           0x200004e4        0x2 .\CortexM3\ARM_GCC_541\Debug\pandemic.o
                0x200004e4                medicineCntr
                0x200004e5                vaccineCntr
 .bss           0x200004e6        0x2 .\CortexM3\ARM_GCC_541\Debug\pandemic.a(LCD.o)
                0x200004e6                LCD_enableState
                0x200004e7                LCD_initVar
 .bss.__malloc_sbrk_start
                0x200004e8        0x4 c:/program files (x86)/cypress/psoc creator/4.3/psoc creator/import/gnu/arm/5.4.1/bin/../lib/gcc/arm-none-eabi/5.4.1/../../../../arm-none-eabi/lib/armv7-m\libg_nano.a(lib_a-nano-mallocr.o)
                0x200004e8                __malloc_sbrk_start
 .bss.__malloc_free_list
                0x200004ec        0x4 c:/program files (x86)/cypress/psoc creator/4.3/psoc creator/import/gnu/arm/5.4.1/bin/../lib/gcc/arm-none-eabi/5.4.1/../../../../arm-none-eabi/lib/armv7-m\libg_nano.a(lib_a-nano-mallocr.o)
                0x200004ec                __malloc_free_list
 *(COMMON)
 COMMON         0x200004f0       0x50 .\CortexM3\ARM_GCC_541\Debug\queue.o
                0x200004f0                xQueueRegistry
 COMMON         0x20000540       0x20 .\CortexM3\ARM_GCC_541\Debug\main.o
                0x20000540                vaccineHandler
                0x20000544                quarantineHandler
                0x20000548                s1
                0x2000054c                medicineHandler
                0x20000550                s2
                0x20000554                screenUpdateHandler
                0x20000558                q
                0x2000055c                gameHandler
 COMMON         0x20000560        0xc .\CortexM3\ARM_GCC_541\Debug\pandemic.o
                0x20000560                clue
                0x20000561                missionCpy
                0x20000564                quarantineMutex
                0x20000568                contaminationHandler
 COMMON         0x2000056c        0x4 c:/program files (x86)/cypress/psoc creator/4.3/psoc creator/import/gnu/arm/5.4.1/bin/../lib/gcc/arm-none-eabi/5.4.1/../../../../arm-none-eabi/lib/armv7-m\libg_nano.a(lib_a-reent.o)
                0x2000056c                errno
                0x20000570                . = ALIGN (0x8)
 *(.ram.b)
                0x20000570                _end = .
                0x20000570                __end = .
                0x20000570                PROVIDE (end, .)
                0x20000570                PROVIDE (__bss_end__, .)
                0x00002580                __cy_region_init_ram = LOADADDR (.data)
                0x00000090                __cy_region_init_size_ram = (_edata - ADDR (.data))
                0x00008418                __cy_region_zero_size_ram = (_end - _edata)

.heap           0x20000570       0x80 load address 0x00002610
                0x20000570                . = _end
                0x200005f0                . = (. + 0x80)
 *fill*         0x20000570       0x80 
                0x200005f0                __cy_heap_limit = .

.stack          0x20007800      0x800
                0x20007800                __cy_stack_limit = .
                0x20008000                . = (. + 0x800)
 *fill*         0x20007800      0x800 
                0x00000001                ASSERT ((__cy_stack_limit >= __cy_heap_limit), region RAM overflowed with stack)
                0x00000000                cy_checksum_exclude_size = (CY_APPL_LOADABLE == 0x1)?SIZEOF (.cy_checksum_exclude):0x0
                0x00000001                ASSERT ((cy_checksum_exclude_size <= CY_CHECKSUM_EXCLUDE_SIZE), CY_BOOT: Section .cy_checksum_exclude size exceedes specified limit.)

.cyloadermeta
 *(.cyloadermeta)

.cyloadablemeta
 *(.cyloadablemeta)

.cyconfigecc    0x80000000       0x34
 *(.cyconfigecc)
 .cyconfigecc   0x80000000       0x34 .\CortexM3\ARM_GCC_541\Debug\cymetadata.o
                0x80000000                cy_meta_configecc

.cycustnvl      0x90000000        0x4
 *(.cycustnvl)
 .cycustnvl     0x90000000        0x4 .\CortexM3\ARM_GCC_541\Debug\cymetadata.o
                0x90000000                cy_meta_custnvl

.cywolatch      0x90100000        0x4
 *(.cywolatch)
 .cywolatch     0x90100000        0x4 .\CortexM3\ARM_GCC_541\Debug\cymetadata.o
                0x90100000                cy_meta_wonvl

.cyeeprom       0x90200000        0x0
 *(.cyeeprom)
                0x00000001                ASSERT ((. <= ((0x90200000 + ee_offset) + ee_size)), .cyeeprom data will not fit in EEPROM)

.cyflashprotect
                0x90400000      0x100
 *(.cyflashprotect)
 .cyflashprotect
                0x90400000      0x100 .\CortexM3\ARM_GCC_541\Debug\cymetadata.o
                0x90400000                cy_meta_flashprotect

.cymeta         0x90500000        0xc
 *(.cymeta)
 .cymeta        0x90500000        0xc .\CortexM3\ARM_GCC_541\Debug\cymetadata.o
                0x90500000                cy_metadata

.rel.dyn        0x00002610        0x0 load address 0x9050000c
 .rel.iplt      0x00002610        0x0 c:/program files (x86)/cypress/psoc creator/4.3/psoc creator/import/gnu/arm/5.4.1/bin/../lib/gcc/arm-none-eabi/5.4.1/armv7-m/crtbegin.o

.stab
 *(.stab)

.stabstr
 *(.stabstr)

.debug
 *(.debug)

.line
 *(.line)

.debug_srcinfo
 *(.debug_srcinfo)

.debug_sfnames
 *(.debug_sfnames)

.debug_aranges  0x00000000     0x1130
 *(.debug_aranges)
 .debug_aranges
                0x00000000       0x18 .\CortexM3\ARM_GCC_541\Debug\croutine.o
 .debug_aranges
                0x00000018       0x68 .\CortexM3\ARM_GCC_541\Debug\event_groups.o
 .debug_aranges
                0x00000080       0x40 .\CortexM3\ARM_GCC_541\Debug\list.o
 .debug_aranges
                0x000000c0      0x260 .\CortexM3\ARM_GCC_541\Debug\mpu_wrappers.o
 .debug_aranges
                0x00000320       0x70 .\CortexM3\ARM_GCC_541\Debug\port.o
 .debug_aranges
                0x00000390      0x118 .\CortexM3\ARM_GCC_541\Debug\queue.o
 .debug_aranges
                0x000004a8       0xc0 .\CortexM3\ARM_GCC_541\Debug\stream_buffer.o
 .debug_aranges
                0x00000568      0x1c8 .\CortexM3\ARM_GCC_541\Debug\tasks.o
 .debug_aranges
                0x00000730       0xb8 .\CortexM3\ARM_GCC_541\Debug\timers.o
 .debug_aranges
                0x000007e8       0x40 .\CortexM3\ARM_GCC_541\Debug\heap_2.o
 .debug_aranges
                0x00000828       0x58 .\CortexM3\ARM_GCC_541\Debug\main.o
 .debug_aranges
                0x00000880       0x70 .\CortexM3\ARM_GCC_541\Debug\pandemic.o
 .debug_aranges
                0x000008f0       0x50 .\CortexM3\ARM_GCC_541\Debug\cyfitter_cfg.o
 .debug_aranges
                0x00000940       0x18 .\CortexM3\ARM_GCC_541\Debug\cymetadata.o
 .debug_aranges
                0x00000958       0x48 .\CortexM3\ARM_GCC_541\Debug\Cm3Start.o
 .debug_aranges
                0x000009a0       0x38 .\CortexM3\ARM_GCC_541\Debug\pandemic.a(LED1.o)
 .debug_aranges
                0x000009d8       0x38 .\CortexM3\ARM_GCC_541\Debug\pandemic.a(LED2.o)
 .debug_aranges
                0x00000a10       0x38 .\CortexM3\ARM_GCC_541\Debug\pandemic.a(LED3.o)
 .debug_aranges
                0x00000a48       0x38 .\CortexM3\ARM_GCC_541\Debug\pandemic.a(LED4.o)
 .debug_aranges
                0x00000a80       0x30 .\CortexM3\ARM_GCC_541\Debug\pandemic.a(KB_keyboard.o)
 .debug_aranges
                0x00000ab0       0x98 .\CortexM3\ARM_GCC_541\Debug\pandemic.a(LCD.o)
 .debug_aranges
                0x00000b48       0x38 .\CortexM3\ARM_GCC_541\Debug\pandemic.a(KB_KeyboardCol1.o)
 .debug_aranges
                0x00000b80       0x38 .\CortexM3\ARM_GCC_541\Debug\pandemic.a(KB_KeyboardCol3.o)
 .debug_aranges
                0x00000bb8       0x38 .\CortexM3\ARM_GCC_541\Debug\pandemic.a(KB_KeyboardCol2.o)
 .debug_aranges
                0x00000bf0       0x38 .\CortexM3\ARM_GCC_541\Debug\pandemic.a(KB_KeyboardRow0.o)
 .debug_aranges
                0x00000c28       0x38 .\CortexM3\ARM_GCC_541\Debug\pandemic.a(KB_KeyboardRow1.o)
 .debug_aranges
                0x00000c60       0x38 .\CortexM3\ARM_GCC_541\Debug\pandemic.a(KB_KeyboardRow2.o)
 .debug_aranges
                0x00000c98       0x38 .\CortexM3\ARM_GCC_541\Debug\pandemic.a(KB_KeyboardRow3.o)
 .debug_aranges
                0x00000cd0      0x2a0 .\CortexM3\ARM_GCC_541\Debug\pandemic.a(CyLib.o)
 .debug_aranges
                0x00000f70       0x98 .\CortexM3\ARM_GCC_541\Debug\pandemic.a(cyPm.o)
 .debug_aranges
                0x00001008       0x20 .\CortexM3\ARM_GCC_541\Debug\pandemic.a(CyBootAsmGnu.o)
 .debug_aranges
                0x00001028       0x88 .\CortexM3\ARM_GCC_541\Debug\pandemic.a(CyFlash.o)
 .debug_aranges
                0x000010b0       0x80 .\CortexM3\ARM_GCC_541\Debug\pandemic.a(CySpc.o)

.debug_pubnames
 *(.debug_pubnames)

.debug_info     0x00000000     0xf613
 *(.debug_info .gnu.linkonce.wi.*)
 .debug_info    0x00000000       0x79 .\CortexM3\ARM_GCC_541\Debug\croutine.o
 .debug_info    0x00000079      0x8f1 .\CortexM3\ARM_GCC_541\Debug\event_groups.o
 .debug_info    0x0000096a      0x2ac .\CortexM3\ARM_GCC_541\Debug\list.o
 .debug_info    0x00000c16     0x3182 .\CortexM3\ARM_GCC_541\Debug\mpu_wrappers.o
 .debug_info    0x00003d98      0x32e .\CortexM3\ARM_GCC_541\Debug\port.o
 .debug_info    0x000040c6     0x19c8 .\CortexM3\ARM_GCC_541\Debug\queue.o
 .debug_info    0x00005a8e     0x123f .\CortexM3\ARM_GCC_541\Debug\stream_buffer.o
 .debug_info    0x00006ccd     0x206f .\CortexM3\ARM_GCC_541\Debug\tasks.o
 .debug_info    0x00008d3c      0xe72 .\CortexM3\ARM_GCC_541\Debug\timers.o
 .debug_info    0x00009bae      0x32e .\CortexM3\ARM_GCC_541\Debug\heap_2.o
 .debug_info    0x00009edc      0x669 .\CortexM3\ARM_GCC_541\Debug\main.o
 .debug_info    0x0000a545      0x6a2 .\CortexM3\ARM_GCC_541\Debug\pandemic.o
 .debug_info    0x0000abe7      0x465 .\CortexM3\ARM_GCC_541\Debug\cyfitter_cfg.o
 .debug_info    0x0000b04c      0x134 .\CortexM3\ARM_GCC_541\Debug\cymetadata.o
 .debug_info    0x0000b180      0x3bb .\CortexM3\ARM_GCC_541\Debug\Cm3Start.o
 .debug_info    0x0000b53b      0x11f .\CortexM3\ARM_GCC_541\Debug\pandemic.a(LED1.o)
 .debug_info    0x0000b65a      0x11f .\CortexM3\ARM_GCC_541\Debug\pandemic.a(LED2.o)
 .debug_info    0x0000b779      0x11f .\CortexM3\ARM_GCC_541\Debug\pandemic.a(LED3.o)
 .debug_info    0x0000b898      0x11f .\CortexM3\ARM_GCC_541\Debug\pandemic.a(LED4.o)
 .debug_info    0x0000b9b7      0x36a .\CortexM3\ARM_GCC_541\Debug\pandemic.a(KB_keyboard.o)
 .debug_info    0x0000bd21      0x715 .\CortexM3\ARM_GCC_541\Debug\pandemic.a(LCD.o)
 .debug_info    0x0000c436      0x11f .\CortexM3\ARM_GCC_541\Debug\pandemic.a(KB_KeyboardCol1.o)
 .debug_info    0x0000c555      0x11f .\CortexM3\ARM_GCC_541\Debug\pandemic.a(KB_KeyboardCol3.o)
 .debug_info    0x0000c674      0x11f .\CortexM3\ARM_GCC_541\Debug\pandemic.a(KB_KeyboardCol2.o)
 .debug_info    0x0000c793      0x11f .\CortexM3\ARM_GCC_541\Debug\pandemic.a(KB_KeyboardRow0.o)
 .debug_info    0x0000c8b2      0x11f .\CortexM3\ARM_GCC_541\Debug\pandemic.a(KB_KeyboardRow1.o)
 .debug_info    0x0000c9d1      0x11f .\CortexM3\ARM_GCC_541\Debug\pandemic.a(KB_KeyboardRow2.o)
 .debug_info    0x0000caf0      0x11f .\CortexM3\ARM_GCC_541\Debug\pandemic.a(KB_KeyboardRow3.o)
 .debug_info    0x0000cc0f     0x1374 .\CortexM3\ARM_GCC_541\Debug\pandemic.a(CyLib.o)
 .debug_info    0x0000df83      0xa2a .\CortexM3\ARM_GCC_541\Debug\pandemic.a(cyPm.o)
 .debug_info    0x0000e9ad       0xc9 .\CortexM3\ARM_GCC_541\Debug\pandemic.a(CyBootAsmGnu.o)
 .debug_info    0x0000ea76      0x64d .\CortexM3\ARM_GCC_541\Debug\pandemic.a(CyFlash.o)
 .debug_info    0x0000f0c3      0x550 .\CortexM3\ARM_GCC_541\Debug\pandemic.a(CySpc.o)

.debug_abbrev   0x00000000     0x29b4
 *(.debug_abbrev)
 .debug_abbrev  0x00000000       0x26 .\CortexM3\ARM_GCC_541\Debug\croutine.o
 .debug_abbrev  0x00000026      0x215 .\CortexM3\ARM_GCC_541\Debug\event_groups.o
 .debug_abbrev  0x0000023b       0xe3 .\CortexM3\ARM_GCC_541\Debug\list.o
 .debug_abbrev  0x0000031e      0x201 .\CortexM3\ARM_GCC_541\Debug\mpu_wrappers.o
 .debug_abbrev  0x0000051f      0x1ca .\CortexM3\ARM_GCC_541\Debug\port.o
 .debug_abbrev  0x000006e9      0x2b7 .\CortexM3\ARM_GCC_541\Debug\queue.o
 .debug_abbrev  0x000009a0      0x264 .\CortexM3\ARM_GCC_541\Debug\stream_buffer.o
 .debug_abbrev  0x00000c04      0x2f1 .\CortexM3\ARM_GCC_541\Debug\tasks.o
 .debug_abbrev  0x00000ef5      0x23a .\CortexM3\ARM_GCC_541\Debug\timers.o
 .debug_abbrev  0x0000112f      0x17f .\CortexM3\ARM_GCC_541\Debug\heap_2.o
 .debug_abbrev  0x000012ae      0x1b1 .\CortexM3\ARM_GCC_541\Debug\main.o
 .debug_abbrev  0x0000145f      0x1ca .\CortexM3\ARM_GCC_541\Debug\pandemic.o
 .debug_abbrev  0x00001629      0x1ac .\CortexM3\ARM_GCC_541\Debug\cyfitter_cfg.o
 .debug_abbrev  0x000017d5       0x5d .\CortexM3\ARM_GCC_541\Debug\cymetadata.o
 .debug_abbrev  0x00001832      0x1e8 .\CortexM3\ARM_GCC_541\Debug\Cm3Start.o
 .debug_abbrev  0x00001a1a       0x90 .\CortexM3\ARM_GCC_541\Debug\pandemic.a(LED1.o)
 .debug_abbrev  0x00001aaa       0x90 .\CortexM3\ARM_GCC_541\Debug\pandemic.a(LED2.o)
 .debug_abbrev  0x00001b3a       0x90 .\CortexM3\ARM_GCC_541\Debug\pandemic.a(LED3.o)
 .debug_abbrev  0x00001bca       0x90 .\CortexM3\ARM_GCC_541\Debug\pandemic.a(LED4.o)
 .debug_abbrev  0x00001c5a       0xc5 .\CortexM3\ARM_GCC_541\Debug\pandemic.a(KB_keyboard.o)
 .debug_abbrev  0x00001d1f      0x157 .\CortexM3\ARM_GCC_541\Debug\pandemic.a(LCD.o)
 .debug_abbrev  0x00001e76       0x90 .\CortexM3\ARM_GCC_541\Debug\pandemic.a(KB_KeyboardCol1.o)
 .debug_abbrev  0x00001f06       0x90 .\CortexM3\ARM_GCC_541\Debug\pandemic.a(KB_KeyboardCol3.o)
 .debug_abbrev  0x00001f96       0x90 .\CortexM3\ARM_GCC_541\Debug\pandemic.a(KB_KeyboardCol2.o)
 .debug_abbrev  0x00002026       0x90 .\CortexM3\ARM_GCC_541\Debug\pandemic.a(KB_KeyboardRow0.o)
 .debug_abbrev  0x000020b6       0x90 .\CortexM3\ARM_GCC_541\Debug\pandemic.a(KB_KeyboardRow1.o)
 .debug_abbrev  0x00002146       0x90 .\CortexM3\ARM_GCC_541\Debug\pandemic.a(KB_KeyboardRow2.o)
 .debug_abbrev  0x000021d6       0x90 .\CortexM3\ARM_GCC_541\Debug\pandemic.a(KB_KeyboardRow3.o)
 .debug_abbrev  0x00002266      0x254 .\CortexM3\ARM_GCC_541\Debug\pandemic.a(CyLib.o)
 .debug_abbrev  0x000024ba      0x1ab .\CortexM3\ARM_GCC_541\Debug\pandemic.a(cyPm.o)
 .debug_abbrev  0x00002665       0x14 .\CortexM3\ARM_GCC_541\Debug\pandemic.a(CyBootAsmGnu.o)
 .debug_abbrev  0x00002679      0x1a7 .\CortexM3\ARM_GCC_541\Debug\pandemic.a(CyFlash.o)
 .debug_abbrev  0x00002820      0x194 .\CortexM3\ARM_GCC_541\Debug\pandemic.a(CySpc.o)

.debug_line     0x00000000     0x5231
 *(.debug_line)
 .debug_line    0x00000000       0x1d .\CortexM3\ARM_GCC_541\Debug\croutine.o
 .debug_line    0x0000001d      0x2f5 .\CortexM3\ARM_GCC_541\Debug\event_groups.o
 .debug_line    0x00000312      0x1d9 .\CortexM3\ARM_GCC_541\Debug\list.o
 .debug_line    0x000004eb      0x7e1 .\CortexM3\ARM_GCC_541\Debug\mpu_wrappers.o
 .debug_line    0x00000ccc      0x274 .\CortexM3\ARM_GCC_541\Debug\port.o
 .debug_line    0x00000f40      0x6e0 .\CortexM3\ARM_GCC_541\Debug\queue.o
 .debug_line    0x00001620      0x4e5 .\CortexM3\ARM_GCC_541\Debug\stream_buffer.o
 .debug_line    0x00001b05      0xa9f .\CortexM3\ARM_GCC_541\Debug\tasks.o
 .debug_line    0x000025a4      0x3b8 .\CortexM3\ARM_GCC_541\Debug\timers.o
 .debug_line    0x0000295c      0x28a .\CortexM3\ARM_GCC_541\Debug\heap_2.o
 .debug_line    0x00002be6      0x294 .\CortexM3\ARM_GCC_541\Debug\main.o
 .debug_line    0x00002e7a      0x397 .\CortexM3\ARM_GCC_541\Debug\pandemic.o
 .debug_line    0x00003211      0x1aa .\CortexM3\ARM_GCC_541\Debug\cyfitter_cfg.o
 .debug_line    0x000033bb      0x141 .\CortexM3\ARM_GCC_541\Debug\cymetadata.o
 .debug_line    0x000034fc      0x234 .\CortexM3\ARM_GCC_541\Debug\Cm3Start.o
 .debug_line    0x00003730       0x91 .\CortexM3\ARM_GCC_541\Debug\pandemic.a(LED1.o)
 .debug_line    0x000037c1       0x91 .\CortexM3\ARM_GCC_541\Debug\pandemic.a(LED2.o)
 .debug_line    0x00003852       0x91 .\CortexM3\ARM_GCC_541\Debug\pandemic.a(LED3.o)
 .debug_line    0x000038e3       0x91 .\CortexM3\ARM_GCC_541\Debug\pandemic.a(LED4.o)
 .debug_line    0x00003974      0x240 .\CortexM3\ARM_GCC_541\Debug\pandemic.a(KB_keyboard.o)
 .debug_line    0x00003bb4      0x1dc .\CortexM3\ARM_GCC_541\Debug\pandemic.a(LCD.o)
 .debug_line    0x00003d90       0x9c .\CortexM3\ARM_GCC_541\Debug\pandemic.a(KB_KeyboardCol1.o)
 .debug_line    0x00003e2c       0x9c .\CortexM3\ARM_GCC_541\Debug\pandemic.a(KB_KeyboardCol3.o)
 .debug_line    0x00003ec8       0x9c .\CortexM3\ARM_GCC_541\Debug\pandemic.a(KB_KeyboardCol2.o)
 .debug_line    0x00003f64       0x9c .\CortexM3\ARM_GCC_541\Debug\pandemic.a(KB_KeyboardRow0.o)
 .debug_line    0x00004000       0x9c .\CortexM3\ARM_GCC_541\Debug\pandemic.a(KB_KeyboardRow1.o)
 .debug_line    0x0000409c       0x9c .\CortexM3\ARM_GCC_541\Debug\pandemic.a(KB_KeyboardRow2.o)
 .debug_line    0x00004138       0x9c .\CortexM3\ARM_GCC_541\Debug\pandemic.a(KB_KeyboardRow3.o)
 .debug_line    0x000041d4      0x816 .\CortexM3\ARM_GCC_541\Debug\pandemic.a(CyLib.o)
 .debug_line    0x000049ea      0x367 .\CortexM3\ARM_GCC_541\Debug\pandemic.a(cyPm.o)
 .debug_line    0x00004d51       0x66 .\CortexM3\ARM_GCC_541\Debug\pandemic.a(CyBootAsmGnu.o)
 .debug_line    0x00004db7      0x21a .\CortexM3\ARM_GCC_541\Debug\pandemic.a(CyFlash.o)
 .debug_line    0x00004fd1      0x260 .\CortexM3\ARM_GCC_541\Debug\pandemic.a(CySpc.o)

.debug_frame    0x00000000     0x33f0
 *(.debug_frame)
 .debug_frame   0x00000000      0x13c .\CortexM3\ARM_GCC_541\Debug\event_groups.o
 .debug_frame   0x0000013c       0x70 .\CortexM3\ARM_GCC_541\Debug\list.o
 .debug_frame   0x000001ac      0x9b8 .\CortexM3\ARM_GCC_541\Debug\mpu_wrappers.o
 .debug_frame   0x00000b64       0xe0 .\CortexM3\ARM_GCC_541\Debug\port.o
 .debug_frame   0x00000c44      0x3c0 .\CortexM3\ARM_GCC_541\Debug\queue.o
 .debug_frame   0x00001004      0x2f0 .\CortexM3\ARM_GCC_541\Debug\stream_buffer.o
 .debug_frame   0x000012f4      0x664 .\CortexM3\ARM_GCC_541\Debug\tasks.o
 .debug_frame   0x00001958      0x260 .\CortexM3\ARM_GCC_541\Debug\timers.o
 .debug_frame   0x00001bb8       0x8c .\CortexM3\ARM_GCC_541\Debug\heap_2.o
 .debug_frame   0x00001c44       0xe4 .\CortexM3\ARM_GCC_541\Debug\main.o
 .debug_frame   0x00001d28      0x118 .\CortexM3\ARM_GCC_541\Debug\pandemic.o
 .debug_frame   0x00001e40       0xb8 .\CortexM3\ARM_GCC_541\Debug\cyfitter_cfg.o
 .debug_frame   0x00001ef8       0xb8 .\CortexM3\ARM_GCC_541\Debug\Cm3Start.o
 .debug_frame   0x00001fb0       0x50 .\CortexM3\ARM_GCC_541\Debug\pandemic.a(LED1.o)
 .debug_frame   0x00002000       0x50 .\CortexM3\ARM_GCC_541\Debug\pandemic.a(LED2.o)
 .debug_frame   0x00002050       0x50 .\CortexM3\ARM_GCC_541\Debug\pandemic.a(LED3.o)
 .debug_frame   0x000020a0       0x50 .\CortexM3\ARM_GCC_541\Debug\pandemic.a(LED4.o)
 .debug_frame   0x000020f0       0x58 .\CortexM3\ARM_GCC_541\Debug\pandemic.a(KB_keyboard.o)
 .debug_frame   0x00002148      0x1e8 .\CortexM3\ARM_GCC_541\Debug\pandemic.a(LCD.o)
 .debug_frame   0x00002330       0x50 .\CortexM3\ARM_GCC_541\Debug\pandemic.a(KB_KeyboardCol1.o)
 .debug_frame   0x00002380       0x50 .\CortexM3\ARM_GCC_541\Debug\pandemic.a(KB_KeyboardCol3.o)
 .debug_frame   0x000023d0       0x50 .\CortexM3\ARM_GCC_541\Debug\pandemic.a(KB_KeyboardCol2.o)
 .debug_frame   0x00002420       0x50 .\CortexM3\ARM_GCC_541\Debug\pandemic.a(KB_KeyboardRow0.o)
 .debug_frame   0x00002470       0x50 .\CortexM3\ARM_GCC_541\Debug\pandemic.a(KB_KeyboardRow1.o)
 .debug_frame   0x000024c0       0x50 .\CortexM3\ARM_GCC_541\Debug\pandemic.a(KB_KeyboardRow2.o)
 .debug_frame   0x00002510       0x50 .\CortexM3\ARM_GCC_541\Debug\pandemic.a(KB_KeyboardRow3.o)
 .debug_frame   0x00002560      0x738 .\CortexM3\ARM_GCC_541\Debug\pandemic.a(CyLib.o)
 .debug_frame   0x00002c98      0x1f8 .\CortexM3\ARM_GCC_541\Debug\pandemic.a(cyPm.o)
 .debug_frame   0x00002e90      0x194 .\CortexM3\ARM_GCC_541\Debug\pandemic.a(CyFlash.o)
 .debug_frame   0x00003024      0x180 .\CortexM3\ARM_GCC_541\Debug\pandemic.a(CySpc.o)
 .debug_frame   0x000031a4       0x20 c:/program files (x86)/cypress/psoc creator/4.3/psoc creator/import/gnu/arm/5.4.1/bin/../lib/gcc/arm-none-eabi/5.4.1/../../../../arm-none-eabi/lib/armv7-m\libg_nano.a(lib_a-errno.o)
 .debug_frame   0x000031c4       0x28 c:/program files (x86)/cypress/psoc creator/4.3/psoc creator/import/gnu/arm/5.4.1/bin/../lib/gcc/arm-none-eabi/5.4.1/../../../../arm-none-eabi/lib/armv7-m\libg_nano.a(lib_a-exit.o)
 .debug_frame   0x000031ec       0x2c c:/program files (x86)/cypress/psoc creator/4.3/psoc creator/import/gnu/arm/5.4.1/bin/../lib/gcc/arm-none-eabi/5.4.1/../../../../arm-none-eabi/lib/armv7-m\libg_nano.a(lib_a-init.o)
 .debug_frame   0x00003218       0x28 c:/program files (x86)/cypress/psoc creator/4.3/psoc creator/import/gnu/arm/5.4.1/bin/../lib/gcc/arm-none-eabi/5.4.1/../../../../arm-none-eabi/lib/armv7-m\libg_nano.a(lib_a-memcpy-stub.o)
 .debug_frame   0x00003240       0x20 c:/program files (x86)/cypress/psoc creator/4.3/psoc creator/import/gnu/arm/5.4.1/bin/../lib/gcc/arm-none-eabi/5.4.1/../../../../arm-none-eabi/lib/armv7-m\libg_nano.a(lib_a-memset.o)
 .debug_frame   0x00003260       0x44 c:/program files (x86)/cypress/psoc creator/4.3/psoc creator/import/gnu/arm/5.4.1/bin/../lib/gcc/arm-none-eabi/5.4.1/../../../../arm-none-eabi/lib/armv7-m\libg_nano.a(lib_a-rand.o)
 .debug_frame   0x000032a4       0x30 c:/program files (x86)/cypress/psoc creator/4.3/psoc creator/import/gnu/arm/5.4.1/bin/../lib/gcc/arm-none-eabi/5.4.1/../../../../arm-none-eabi/lib/armv7-m\libg_nano.a(lib_a-malloc.o)
 .debug_frame   0x000032d4       0x38 c:/program files (x86)/cypress/psoc creator/4.3/psoc creator/import/gnu/arm/5.4.1/bin/../lib/gcc/arm-none-eabi/5.4.1/../../../../arm-none-eabi/lib/armv7-m\libg_nano.a(lib_a-nano-freer.o)
 .debug_frame   0x0000330c       0x2c c:/program files (x86)/cypress/psoc creator/4.3/psoc creator/import/gnu/arm/5.4.1/bin/../lib/gcc/arm-none-eabi/5.4.1/../../../../arm-none-eabi/lib/armv7-m\libg_nano.a(lib_a-nano-mallocr.o)
 .debug_frame   0x00003338       0x2c c:/program files (x86)/cypress/psoc creator/4.3/psoc creator/import/gnu/arm/5.4.1/bin/../lib/gcc/arm-none-eabi/5.4.1/../../../../arm-none-eabi/lib/armv7-m\libg_nano.a(lib_a-sbrkr.o)
 .debug_frame   0x00003364       0x30 c:/program files (x86)/cypress/psoc creator/4.3/psoc creator/import/gnu/arm/5.4.1/bin/../lib/gcc/arm-none-eabi/5.4.1/../../../../arm-none-eabi/lib/armv7-m\libg_nano.a(lib_a-mlock.o)
 .debug_frame   0x00003394       0x5c c:/program files (x86)/cypress/psoc creator/4.3/psoc creator/import/gnu/arm/5.4.1/bin/../lib/gcc/arm-none-eabi/5.4.1/../../../../arm-none-eabi/lib/armv7-m\libg_nano.a(lib_a-reent.o)

.debug_str      0x00000000     0x3e38
 *(.debug_str)
 .debug_str     0x00000000      0x186 .\CortexM3\ARM_GCC_541\Debug\croutine.o
                                0x1bf (size before relaxing)
 .debug_str     0x00000186      0x3a9 .\CortexM3\ARM_GCC_541\Debug\event_groups.o
                                0x640 (size before relaxing)
 .debug_str     0x0000052f       0x91 .\CortexM3\ARM_GCC_541\Debug\list.o
                                0x30e (size before relaxing)
 .debug_str     0x000005c0      0xc48 .\CortexM3\ARM_GCC_541\Debug\mpu_wrappers.o
                               0x14ac (size before relaxing)
 .debug_str     0x00001208      0x12d .\CortexM3\ARM_GCC_541\Debug\port.o
                                0x383 (size before relaxing)
 .debug_str     0x00001335      0x4bf .\CortexM3\ARM_GCC_541\Debug\queue.o
                                0xad3 (size before relaxing)
 .debug_str     0x000017f4      0x254 .\CortexM3\ARM_GCC_541\Debug\stream_buffer.o
                                0x874 (size before relaxing)
 .debug_str     0x00001a48      0x5b8 .\CortexM3\ARM_GCC_541\Debug\tasks.o
                                0xfed (size before relaxing)
 .debug_str     0x00002000      0x2b3 .\CortexM3\ARM_GCC_541\Debug\timers.o
                                0x89e (size before relaxing)
 .debug_str     0x000022b3       0xff .\CortexM3\ARM_GCC_541\Debug\heap_2.o
                                0x367 (size before relaxing)
 .debug_str     0x000023b2      0x179 .\CortexM3\ARM_GCC_541\Debug\main.o
                                0x472 (size before relaxing)
 .debug_str     0x0000252b      0x1b9 .\CortexM3\ARM_GCC_541\Debug\pandemic.o
                                0x512 (size before relaxing)
 .debug_str     0x000026e4      0x107 .\CortexM3\ARM_GCC_541\Debug\cyfitter_cfg.o
                                0x2f1 (size before relaxing)
 .debug_str     0x000027eb       0x75 .\CortexM3\ARM_GCC_541\Debug\cymetadata.o
                                0x21d (size before relaxing)
 .debug_str     0x00002860      0x130 .\CortexM3\ARM_GCC_541\Debug\Cm3Start.o
                                0x343 (size before relaxing)
 .debug_str     0x00002990       0x61 .\CortexM3\ARM_GCC_541\Debug\pandemic.a(LED1.o)
                                0x216 (size before relaxing)
 .debug_str     0x000029f1       0x4b .\CortexM3\ARM_GCC_541\Debug\pandemic.a(LED2.o)
                                0x216 (size before relaxing)
 .debug_str     0x00002a3c       0x4b .\CortexM3\ARM_GCC_541\Debug\pandemic.a(LED3.o)
                                0x216 (size before relaxing)
 .debug_str     0x00002a87       0x4b .\CortexM3\ARM_GCC_541\Debug\pandemic.a(LED4.o)
                                0x216 (size before relaxing)
 .debug_str     0x00002ad2       0xcb .\CortexM3\ARM_GCC_541\Debug\pandemic.a(KB_keyboard.o)
                                0x2a2 (size before relaxing)
 .debug_str     0x00002b9d      0x15a .\CortexM3\ARM_GCC_541\Debug\pandemic.a(LCD.o)
                                0x364 (size before relaxing)
 .debug_str     0x00002cf7       0x77 .\CortexM3\ARM_GCC_541\Debug\pandemic.a(KB_KeyboardCol1.o)
                                0x24d (size before relaxing)
 .debug_str     0x00002d6e       0x77 .\CortexM3\ARM_GCC_541\Debug\pandemic.a(KB_KeyboardCol3.o)
                                0x24d (size before relaxing)
 .debug_str     0x00002de5       0x77 .\CortexM3\ARM_GCC_541\Debug\pandemic.a(KB_KeyboardCol2.o)
                                0x24d (size before relaxing)
 .debug_str     0x00002e5c       0x78 .\CortexM3\ARM_GCC_541\Debug\pandemic.a(KB_KeyboardRow0.o)
                                0x24d (size before relaxing)
 .debug_str     0x00002ed4       0x78 .\CortexM3\ARM_GCC_541\Debug\pandemic.a(KB_KeyboardRow1.o)
                                0x24d (size before relaxing)
 .debug_str     0x00002f4c       0x78 .\CortexM3\ARM_GCC_541\Debug\pandemic.a(KB_KeyboardRow2.o)
                                0x24d (size before relaxing)
 .debug_str     0x00002fc4       0x78 .\CortexM3\ARM_GCC_541\Debug\pandemic.a(KB_KeyboardRow3.o)
                                0x24d (size before relaxing)
 .debug_str     0x0000303c      0x829 .\CortexM3\ARM_GCC_541\Debug\pandemic.a(CyLib.o)
                                0xa80 (size before relaxing)
 .debug_str     0x00003865      0x365 .\CortexM3\ARM_GCC_541\Debug\pandemic.a(cyPm.o)
                                0x76c (size before relaxing)
 .debug_str     0x00003bca      0x1bb .\CortexM3\ARM_GCC_541\Debug\pandemic.a(CyFlash.o)
                                0x3f9 (size before relaxing)
 .debug_str     0x00003d85       0xb3 .\CortexM3\ARM_GCC_541\Debug\pandemic.a(CySpc.o)
                                0x371 (size before relaxing)

.debug_loc      0x00000000     0x9175
 *(.debug_loc)
 .debug_loc     0x00000000      0x6e0 .\CortexM3\ARM_GCC_541\Debug\event_groups.o
 .debug_loc     0x000006e0       0x65 .\CortexM3\ARM_GCC_541\Debug\list.o
 .debug_loc     0x00000745     0x2060 .\CortexM3\ARM_GCC_541\Debug\mpu_wrappers.o
 .debug_loc     0x000027a5       0xa8 .\CortexM3\ARM_GCC_541\Debug\port.o
 .debug_loc     0x0000284d     0x146c .\CortexM3\ARM_GCC_541\Debug\queue.o
 .debug_loc     0x00003cb9     0x10b5 .\CortexM3\ARM_GCC_541\Debug\stream_buffer.o
 .debug_loc     0x00004d6e     0x16c9 .\CortexM3\ARM_GCC_541\Debug\tasks.o
 .debug_loc     0x00006437      0x9d7 .\CortexM3\ARM_GCC_541\Debug\timers.o
 .debug_loc     0x00006e0e      0x1cc .\CortexM3\ARM_GCC_541\Debug\heap_2.o
 .debug_loc     0x00006fda       0x5d .\CortexM3\ARM_GCC_541\Debug\main.o
 .debug_loc     0x00007037      0x14a .\CortexM3\ARM_GCC_541\Debug\pandemic.o
 .debug_loc     0x00007181      0x168 .\CortexM3\ARM_GCC_541\Debug\cyfitter_cfg.o
 .debug_loc     0x000072e9      0x144 .\CortexM3\ARM_GCC_541\Debug\Cm3Start.o
 .debug_loc     0x0000742d       0x42 .\CortexM3\ARM_GCC_541\Debug\pandemic.a(LED1.o)
 .debug_loc     0x0000746f       0x42 .\CortexM3\ARM_GCC_541\Debug\pandemic.a(LED2.o)
 .debug_loc     0x000074b1       0x42 .\CortexM3\ARM_GCC_541\Debug\pandemic.a(LED3.o)
 .debug_loc     0x000074f3       0x42 .\CortexM3\ARM_GCC_541\Debug\pandemic.a(LED4.o)
 .debug_loc     0x00007535      0x3c6 .\CortexM3\ARM_GCC_541\Debug\pandemic.a(LCD.o)
 .debug_loc     0x000078fb       0x42 .\CortexM3\ARM_GCC_541\Debug\pandemic.a(KB_KeyboardCol1.o)
 .debug_loc     0x0000793d       0x42 .\CortexM3\ARM_GCC_541\Debug\pandemic.a(KB_KeyboardCol3.o)
 .debug_loc     0x0000797f       0x42 .\CortexM3\ARM_GCC_541\Debug\pandemic.a(KB_KeyboardCol2.o)
 .debug_loc     0x000079c1       0x42 .\CortexM3\ARM_GCC_541\Debug\pandemic.a(KB_KeyboardRow0.o)
 .debug_loc     0x00007a03       0x42 .\CortexM3\ARM_GCC_541\Debug\pandemic.a(KB_KeyboardRow1.o)
 .debug_loc     0x00007a45       0x42 .\CortexM3\ARM_GCC_541\Debug\pandemic.a(KB_KeyboardRow2.o)
 .debug_loc     0x00007a87       0x42 .\CortexM3\ARM_GCC_541\Debug\pandemic.a(KB_KeyboardRow3.o)
 .debug_loc     0x00007ac9      0xa11 .\CortexM3\ARM_GCC_541\Debug\pandemic.a(CyLib.o)
 .debug_loc     0x000084da      0x1e4 .\CortexM3\ARM_GCC_541\Debug\pandemic.a(cyPm.o)
 .debug_loc     0x000086be      0x3b2 .\CortexM3\ARM_GCC_541\Debug\pandemic.a(CyFlash.o)
 .debug_loc     0x00008a70      0x705 .\CortexM3\ARM_GCC_541\Debug\pandemic.a(CySpc.o)

.debug_macinfo
 *(.debug_macinfo)

.debug_ranges   0x00000000      0xfa0
 *(.debug_ranges)
 .debug_ranges  0x00000000       0x70 .\CortexM3\ARM_GCC_541\Debug\event_groups.o
 .debug_ranges  0x00000070       0x30 .\CortexM3\ARM_GCC_541\Debug\list.o
 .debug_ranges  0x000000a0      0x250 .\CortexM3\ARM_GCC_541\Debug\mpu_wrappers.o
 .debug_ranges  0x000002f0       0x60 .\CortexM3\ARM_GCC_541\Debug\port.o
 .debug_ranges  0x00000350      0x150 .\CortexM3\ARM_GCC_541\Debug\queue.o
 .debug_ranges  0x000004a0       0xb0 .\CortexM3\ARM_GCC_541\Debug\stream_buffer.o
 .debug_ranges  0x00000550      0x1f8 .\CortexM3\ARM_GCC_541\Debug\tasks.o
 .debug_ranges  0x00000748       0xa8 .\CortexM3\ARM_GCC_541\Debug\timers.o
 .debug_ranges  0x000007f0       0x30 .\CortexM3\ARM_GCC_541\Debug\heap_2.o
 .debug_ranges  0x00000820       0x48 .\CortexM3\ARM_GCC_541\Debug\main.o
 .debug_ranges  0x00000868       0x60 .\CortexM3\ARM_GCC_541\Debug\pandemic.o
 .debug_ranges  0x000008c8       0x40 .\CortexM3\ARM_GCC_541\Debug\cyfitter_cfg.o
 .debug_ranges  0x00000908       0x38 .\CortexM3\ARM_GCC_541\Debug\Cm3Start.o
 .debug_ranges  0x00000940       0x28 .\CortexM3\ARM_GCC_541\Debug\pandemic.a(LED1.o)
 .debug_ranges  0x00000968       0x28 .\CortexM3\ARM_GCC_541\Debug\pandemic.a(LED2.o)
 .debug_ranges  0x00000990       0x28 .\CortexM3\ARM_GCC_541\Debug\pandemic.a(LED3.o)
 .debug_ranges  0x000009b8       0x28 .\CortexM3\ARM_GCC_541\Debug\pandemic.a(LED4.o)
 .debug_ranges  0x000009e0       0x20 .\CortexM3\ARM_GCC_541\Debug\pandemic.a(KB_keyboard.o)
 .debug_ranges  0x00000a00       0x88 .\CortexM3\ARM_GCC_541\Debug\pandemic.a(LCD.o)
 .debug_ranges  0x00000a88       0x28 .\CortexM3\ARM_GCC_541\Debug\pandemic.a(KB_KeyboardCol1.o)
 .debug_ranges  0x00000ab0       0x28 .\CortexM3\ARM_GCC_541\Debug\pandemic.a(KB_KeyboardCol3.o)
 .debug_ranges  0x00000ad8       0x28 .\CortexM3\ARM_GCC_541\Debug\pandemic.a(KB_KeyboardCol2.o)
 .debug_ranges  0x00000b00       0x28 .\CortexM3\ARM_GCC_541\Debug\pandemic.a(KB_KeyboardRow0.o)
 .debug_ranges  0x00000b28       0x28 .\CortexM3\ARM_GCC_541\Debug\pandemic.a(KB_KeyboardRow1.o)
 .debug_ranges  0x00000b50       0x28 .\CortexM3\ARM_GCC_541\Debug\pandemic.a(KB_KeyboardRow2.o)
 .debug_ranges  0x00000b78       0x28 .\CortexM3\ARM_GCC_541\Debug\pandemic.a(KB_KeyboardRow3.o)
 .debug_ranges  0x00000ba0      0x290 .\CortexM3\ARM_GCC_541\Debug\pandemic.a(CyLib.o)
 .debug_ranges  0x00000e30       0x88 .\CortexM3\ARM_GCC_541\Debug\pandemic.a(cyPm.o)
 .debug_ranges  0x00000eb8       0x78 .\CortexM3\ARM_GCC_541\Debug\pandemic.a(CyFlash.o)
 .debug_ranges  0x00000f30       0x70 .\CortexM3\ARM_GCC_541\Debug\pandemic.a(CySpc.o)

.comment        0x00000000       0x6e
 .comment       0x00000000       0x6e .\CortexM3\ARM_GCC_541\Debug\croutine.o
                                 0x6f (size before relaxing)
 .comment       0x0000006e       0x6f .\CortexM3\ARM_GCC_541\Debug\event_groups.o
 .comment       0x0000006e       0x6f .\CortexM3\ARM_GCC_541\Debug\list.o
 .comment       0x0000006e       0x6f .\CortexM3\ARM_GCC_541\Debug\mpu_wrappers.o
 .comment       0x0000006e       0x6f .\CortexM3\ARM_GCC_541\Debug\port.o
 .comment       0x0000006e       0x6f .\CortexM3\ARM_GCC_541\Debug\queue.o
 .comment       0x0000006e       0x6f .\CortexM3\ARM_GCC_541\Debug\stream_buffer.o
 .comment       0x0000006e       0x6f .\CortexM3\ARM_GCC_541\Debug\tasks.o
 .comment       0x0000006e       0x6f .\CortexM3\ARM_GCC_541\Debug\timers.o
 .comment       0x0000006e       0x6f .\CortexM3\ARM_GCC_541\Debug\heap_2.o
 .comment       0x0000006e       0x6f .\CortexM3\ARM_GCC_541\Debug\main.o
 .comment       0x0000006e       0x6f .\CortexM3\ARM_GCC_541\Debug\pandemic.o
 .comment       0x0000006e       0x6f .\CortexM3\ARM_GCC_541\Debug\cyfitter_cfg.o
 .comment       0x0000006e       0x6f .\CortexM3\ARM_GCC_541\Debug\cymetadata.o
 .comment       0x0000006e       0x6f .\CortexM3\ARM_GCC_541\Debug\Cm3Start.o
 .comment       0x0000006e       0x6f .\CortexM3\ARM_GCC_541\Debug\pandemic.a(LED1.o)
 .comment       0x0000006e       0x6f .\CortexM3\ARM_GCC_541\Debug\pandemic.a(LED2.o)
 .comment       0x0000006e       0x6f .\CortexM3\ARM_GCC_541\Debug\pandemic.a(LED3.o)
 .comment       0x0000006e       0x6f .\CortexM3\ARM_GCC_541\Debug\pandemic.a(LED4.o)
 .comment       0x0000006e       0x6f .\CortexM3\ARM_GCC_541\Debug\pandemic.a(KB_keyboard.o)
 .comment       0x0000006e       0x6f .\CortexM3\ARM_GCC_541\Debug\pandemic.a(LCD.o)
 .comment       0x0000006e       0x6f .\CortexM3\ARM_GCC_541\Debug\pandemic.a(KB_KeyboardCol1.o)
 .comment       0x0000006e       0x6f .\CortexM3\ARM_GCC_541\Debug\pandemic.a(KB_KeyboardCol3.o)
 .comment       0x0000006e       0x6f .\CortexM3\ARM_GCC_541\Debug\pandemic.a(KB_KeyboardCol2.o)
 .comment       0x0000006e       0x6f .\CortexM3\ARM_GCC_541\Debug\pandemic.a(KB_KeyboardRow0.o)
 .comment       0x0000006e       0x6f .\CortexM3\ARM_GCC_541\Debug\pandemic.a(KB_KeyboardRow1.o)
 .comment       0x0000006e       0x6f .\CortexM3\ARM_GCC_541\Debug\pandemic.a(KB_KeyboardRow2.o)
 .comment       0x0000006e       0x6f .\CortexM3\ARM_GCC_541\Debug\pandemic.a(KB_KeyboardRow3.o)
 .comment       0x0000006e       0x6f .\CortexM3\ARM_GCC_541\Debug\pandemic.a(CyLib.o)
 .comment       0x0000006e       0x6f .\CortexM3\ARM_GCC_541\Debug\pandemic.a(cyPm.o)
 .comment       0x0000006e       0x6f .\CortexM3\ARM_GCC_541\Debug\pandemic.a(CyFlash.o)
 .comment       0x0000006e       0x6f .\CortexM3\ARM_GCC_541\Debug\pandemic.a(CySpc.o)

.debug_weaknames
 *(.debug_weaknames)

.debug_funcnames
 *(.debug_funcnames)

.debug_typenames
 *(.debug_typenames)

.debug_varnames
 *(.debug_varnames)

.note.gnu.arm.ident
 *(.note.gnu.arm.ident)

.ARM.attributes
                0x00000000       0x29
 *(.ARM.attributes)
 .ARM.attributes
                0x00000000       0x1d c:/program files (x86)/cypress/psoc creator/4.3/psoc creator/import/gnu/arm/5.4.1/bin/../lib/gcc/arm-none-eabi/5.4.1/armv7-m/crti.o
 .ARM.attributes
                0x0000001d       0x2d c:/program files (x86)/cypress/psoc creator/4.3/psoc creator/import/gnu/arm/5.4.1/bin/../lib/gcc/arm-none-eabi/5.4.1/armv7-m/crtbegin.o
 .ARM.attributes
                0x0000004a       0x1b c:/program files (x86)/cypress/psoc creator/4.3/psoc creator/import/gnu/arm/5.4.1/bin/../lib/gcc/arm-none-eabi/5.4.1/../../../../arm-none-eabi/lib/armv7-m/crt0.o
 .ARM.attributes
                0x00000065       0x33 .\CortexM3\ARM_GCC_541\Debug\croutine.o
 .ARM.attributes
                0x00000098       0x33 .\CortexM3\ARM_GCC_541\Debug\event_groups.o
 .ARM.attributes
                0x000000cb       0x33 .\CortexM3\ARM_GCC_541\Debug\list.o
 .ARM.attributes
                0x000000fe       0x33 .\CortexM3\ARM_GCC_541\Debug\mpu_wrappers.o
 .ARM.attributes
                0x00000131       0x33 .\CortexM3\ARM_GCC_541\Debug\port.o
 .ARM.attributes
                0x00000164       0x33 .\CortexM3\ARM_GCC_541\Debug\queue.o
 .ARM.attributes
                0x00000197       0x33 .\CortexM3\ARM_GCC_541\Debug\stream_buffer.o
 .ARM.attributes
                0x000001ca       0x33 .\CortexM3\ARM_GCC_541\Debug\tasks.o
 .ARM.attributes
                0x000001fd       0x33 .\CortexM3\ARM_GCC_541\Debug\timers.o
 .ARM.attributes
                0x00000230       0x33 .\CortexM3\ARM_GCC_541\Debug\heap_2.o
 .ARM.attributes
                0x00000263       0x33 .\CortexM3\ARM_GCC_541\Debug\main.o
 .ARM.attributes
                0x00000296       0x33 .\CortexM3\ARM_GCC_541\Debug\pandemic.o
 .ARM.attributes
                0x000002c9       0x33 .\CortexM3\ARM_GCC_541\Debug\cyfitter_cfg.o
 .ARM.attributes
                0x000002fc       0x33 .\CortexM3\ARM_GCC_541\Debug\cymetadata.o
 .ARM.attributes
                0x0000032f       0x33 .\CortexM3\ARM_GCC_541\Debug\Cm3Start.o
 .ARM.attributes
                0x00000362       0x33 .\CortexM3\ARM_GCC_541\Debug\pandemic.a(LED1.o)
 .ARM.attributes
                0x00000395       0x33 .\CortexM3\ARM_GCC_541\Debug\pandemic.a(LED2.o)
 .ARM.attributes
                0x000003c8       0x33 .\CortexM3\ARM_GCC_541\Debug\pandemic.a(LED3.o)
 .ARM.attributes
                0x000003fb       0x33 .\CortexM3\ARM_GCC_541\Debug\pandemic.a(LED4.o)
 .ARM.attributes
                0x0000042e       0x33 .\CortexM3\ARM_GCC_541\Debug\pandemic.a(KB_keyboard.o)
 .ARM.attributes
                0x00000461       0x33 .\CortexM3\ARM_GCC_541\Debug\pandemic.a(LCD.o)
 .ARM.attributes
                0x00000494       0x33 .\CortexM3\ARM_GCC_541\Debug\pandemic.a(KB_KeyboardCol1.o)
 .ARM.attributes
                0x000004c7       0x33 .\CortexM3\ARM_GCC_541\Debug\pandemic.a(KB_KeyboardCol3.o)
 .ARM.attributes
                0x000004fa       0x33 .\CortexM3\ARM_GCC_541\Debug\pandemic.a(KB_KeyboardCol2.o)
 .ARM.attributes
                0x0000052d       0x33 .\CortexM3\ARM_GCC_541\Debug\pandemic.a(KB_KeyboardRow0.o)
 .ARM.attributes
                0x00000560       0x33 .\CortexM3\ARM_GCC_541\Debug\pandemic.a(KB_KeyboardRow1.o)
 .ARM.attributes
                0x00000593       0x33 .\CortexM3\ARM_GCC_541\Debug\pandemic.a(KB_KeyboardRow2.o)
 .ARM.attributes
                0x000005c6       0x33 .\CortexM3\ARM_GCC_541\Debug\pandemic.a(KB_KeyboardRow3.o)
 .ARM.attributes
                0x000005f9       0x33 .\CortexM3\ARM_GCC_541\Debug\pandemic.a(CyLib.o)
 .ARM.attributes
                0x0000062c       0x33 .\CortexM3\ARM_GCC_541\Debug\pandemic.a(cyPm.o)
 .ARM.attributes
                0x0000065f       0x21 .\CortexM3\ARM_GCC_541\Debug\pandemic.a(CyBootAsmGnu.o)
 .ARM.attributes
                0x00000680       0x33 .\CortexM3\ARM_GCC_541\Debug\pandemic.a(CyFlash.o)
 .ARM.attributes
                0x000006b3       0x33 .\CortexM3\ARM_GCC_541\Debug\pandemic.a(CySpc.o)
 .ARM.attributes
                0x000006e6       0x2d c:/program files (x86)/cypress/psoc creator/4.3/psoc creator/import/gnu/arm/5.4.1/bin/../lib/gcc/arm-none-eabi/5.4.1/../../../../arm-none-eabi/lib/armv7-m\libg_nano.a(lib_a-errno.o)
 .ARM.attributes
                0x00000713       0x2d c:/program files (x86)/cypress/psoc creator/4.3/psoc creator/import/gnu/arm/5.4.1/bin/../lib/gcc/arm-none-eabi/5.4.1/../../../../arm-none-eabi/lib/armv7-m\libg_nano.a(lib_a-exit.o)
 .ARM.attributes
                0x00000740       0x2d c:/program files (x86)/cypress/psoc creator/4.3/psoc creator/import/gnu/arm/5.4.1/bin/../lib/gcc/arm-none-eabi/5.4.1/../../../../arm-none-eabi/lib/armv7-m\libg_nano.a(lib_a-impure.o)
 .ARM.attributes
                0x0000076d       0x2d c:/program files (x86)/cypress/psoc creator/4.3/psoc creator/import/gnu/arm/5.4.1/bin/../lib/gcc/arm-none-eabi/5.4.1/../../../../arm-none-eabi/lib/armv7-m\libg_nano.a(lib_a-init.o)
 .ARM.attributes
                0x0000079a       0x2d c:/program files (x86)/cypress/psoc creator/4.3/psoc creator/import/gnu/arm/5.4.1/bin/../lib/gcc/arm-none-eabi/5.4.1/../../../../arm-none-eabi/lib/armv7-m\libg_nano.a(lib_a-memcpy-stub.o)
 .ARM.attributes
                0x000007c7       0x2d c:/program files (x86)/cypress/psoc creator/4.3/psoc creator/import/gnu/arm/5.4.1/bin/../lib/gcc/arm-none-eabi/5.4.1/../../../../arm-none-eabi/lib/armv7-m\libg_nano.a(lib_a-memset.o)
 .ARM.attributes
                0x000007f4       0x2d c:/program files (x86)/cypress/psoc creator/4.3/psoc creator/import/gnu/arm/5.4.1/bin/../lib/gcc/arm-none-eabi/5.4.1/../../../../arm-none-eabi/lib/armv7-m\libg_nano.a(lib_a-rand.o)
 .ARM.attributes
                0x00000821       0x2d c:/program files (x86)/cypress/psoc creator/4.3/psoc creator/import/gnu/arm/5.4.1/bin/../lib/gcc/arm-none-eabi/5.4.1/../../../../arm-none-eabi/lib/armv7-m\libg_nano.a(lib_a-malloc.o)
 .ARM.attributes
                0x0000084e       0x2d c:/program files (x86)/cypress/psoc creator/4.3/psoc creator/import/gnu/arm/5.4.1/bin/../lib/gcc/arm-none-eabi/5.4.1/../../../../arm-none-eabi/lib/armv7-m\libg_nano.a(lib_a-nano-freer.o)
 .ARM.attributes
                0x0000087b       0x2d c:/program files (x86)/cypress/psoc creator/4.3/psoc creator/import/gnu/arm/5.4.1/bin/../lib/gcc/arm-none-eabi/5.4.1/../../../../arm-none-eabi/lib/armv7-m\libg_nano.a(lib_a-nano-mallocr.o)
 .ARM.attributes
                0x000008a8       0x2d c:/program files (x86)/cypress/psoc creator/4.3/psoc creator/import/gnu/arm/5.4.1/bin/../lib/gcc/arm-none-eabi/5.4.1/../../../../arm-none-eabi/lib/armv7-m\libg_nano.a(lib_a-sbrkr.o)
 .ARM.attributes
                0x000008d5       0x2d c:/program files (x86)/cypress/psoc creator/4.3/psoc creator/import/gnu/arm/5.4.1/bin/../lib/gcc/arm-none-eabi/5.4.1/../../../../arm-none-eabi/lib/armv7-m\libg_nano.a(lib_a-mlock.o)
 .ARM.attributes
                0x00000902       0x2d c:/program files (x86)/cypress/psoc creator/4.3/psoc creator/import/gnu/arm/5.4.1/bin/../lib/gcc/arm-none-eabi/5.4.1/../../../../arm-none-eabi/lib/armv7-m\libg_nano.a(lib_a-reent.o)
 .ARM.attributes
                0x0000092f       0x2d c:/program files (x86)/cypress/psoc creator/4.3/psoc creator/import/gnu/arm/5.4.1/bin/../lib/gcc/arm-none-eabi/5.4.1/armv7-m/crtend.o
 .ARM.attributes
                0x0000095c       0x1d c:/program files (x86)/cypress/psoc creator/4.3/psoc creator/import/gnu/arm/5.4.1/bin/../lib/gcc/arm-none-eabi/5.4.1/armv7-m/crtn.o

/DISCARD/
 *(.note.GNU-stack)
OUTPUT(C:\Users\IEUser\Downloads\Project assignment-20200331\ELECH410-201920_proj_resources\project_pandemic_empty\pandemic.cydsn\CortexM3\ARM_GCC_541\Debug\pandemic.elf elf32-littlearm)
