Archive member included to satisfy reference by file (symbol)

.\CortexM3\ARM_GCC_541\Debug\pandemic.a(LED1.o)
                              .\CortexM3\ARM_GCC_541\Debug\pandemic.o (LED1_Write)
.\CortexM3\ARM_GCC_541\Debug\pandemic.a(LED2.o)
                              .\CortexM3\ARM_GCC_541\Debug\pandemic.o (LED2_Write)
.\CortexM3\ARM_GCC_541\Debug\pandemic.a(LED3.o)
                              .\CortexM3\ARM_GCC_541\Debug\pandemic.o (LED3_Write)
.\CortexM3\ARM_GCC_541\Debug\pandemic.a(LED4.o)
                              .\CortexM3\ARM_GCC_541\Debug\pandemic.o (LED4_Write)
.\CortexM3\ARM_GCC_541\Debug\pandemic.a(KB_keyboard.o)
                              .\CortexM3\ARM_GCC_541\Debug\main.o (KB_Start)
.\CortexM3\ARM_GCC_541\Debug\pandemic.a(LCD.o)
                              .\CortexM3\ARM_GCC_541\Debug\pandemic.o (LCD_PrintString)
.\CortexM3\ARM_GCC_541\Debug\pandemic.a(KB_KeyboardCol1.o)
                              .\CortexM3\ARM_GCC_541\Debug\pandemic.a(KB_keyboard.o) (KB_KeyboardCol1_Write)
.\CortexM3\ARM_GCC_541\Debug\pandemic.a(KB_KeyboardCol3.o)
                              .\CortexM3\ARM_GCC_541\Debug\pandemic.a(KB_keyboard.o) (KB_KeyboardCol3_Write)
.\CortexM3\ARM_GCC_541\Debug\pandemic.a(KB_KeyboardCol2.o)
                              .\CortexM3\ARM_GCC_541\Debug\pandemic.a(KB_keyboard.o) (KB_KeyboardCol2_Write)
.\CortexM3\ARM_GCC_541\Debug\pandemic.a(KB_KeyboardRow0.o)
                              .\CortexM3\ARM_GCC_541\Debug\pandemic.a(KB_keyboard.o) (KB_KeyboardRow0_Read)
.\CortexM3\ARM_GCC_541\Debug\pandemic.a(KB_KeyboardRow1.o)
                              .\CortexM3\ARM_GCC_541\Debug\pandemic.a(KB_keyboard.o) (KB_KeyboardRow1_Read)
.\CortexM3\ARM_GCC_541\Debug\pandemic.a(KB_KeyboardRow2.o)
                              .\CortexM3\ARM_GCC_541\Debug\pandemic.a(KB_keyboard.o) (KB_KeyboardRow2_Read)
.\CortexM3\ARM_GCC_541\Debug\pandemic.a(KB_KeyboardRow3.o)
                              .\CortexM3\ARM_GCC_541\Debug\pandemic.a(KB_keyboard.o) (KB_KeyboardRow3_Read)
.\CortexM3\ARM_GCC_541\Debug\pandemic.a(CyLib.o)
                              .\CortexM3\ARM_GCC_541\Debug\Cm3Start.o (CyHalt)
.\CortexM3\ARM_GCC_541\Debug\pandemic.a(cyPm.o)
                              .\CortexM3\ARM_GCC_541\Debug\pandemic.a(CyLib.o) (CyPmReadStatus)
.\CortexM3\ARM_GCC_541\Debug\pandemic.a(CyBootAsmGnu.o)
                              .\CortexM3\ARM_GCC_541\Debug\cyfitter_cfg.o (CyDelayCycles)
.\CortexM3\ARM_GCC_541\Debug\pandemic.a(CyFlash.o)
                              .\CortexM3\ARM_GCC_541\Debug\pandemic.a(cyPm.o) (CyFlash_SetWaitCycles)
.\CortexM3\ARM_GCC_541\Debug\pandemic.a(CySpc.o)
                              .\CortexM3\ARM_GCC_541\Debug\pandemic.a(CyFlash.o) (CySpcStart)
c:/program files (x86)/cypress/psoc creator/4.3/psoc creator/import/gnu/arm/5.4.1/bin/../lib/gcc/arm-none-eabi/5.4.1/../../../../arm-none-eabi/lib/armv7-m\libg_nano.a(lib_a-errno.o)
                              .\CortexM3\ARM_GCC_541\Debug\Cm3Start.o (__errno)
c:/program files (x86)/cypress/psoc creator/4.3/psoc creator/import/gnu/arm/5.4.1/bin/../lib/gcc/arm-none-eabi/5.4.1/../../../../arm-none-eabi/lib/armv7-m\libg_nano.a(lib_a-exit.o)
                              c:/program files (x86)/cypress/psoc creator/4.3/psoc creator/import/gnu/arm/5.4.1/bin/../lib/gcc/arm-none-eabi/5.4.1/../../../../arm-none-eabi/lib/armv7-m/crt0.o (exit)
c:/program files (x86)/cypress/psoc creator/4.3/psoc creator/import/gnu/arm/5.4.1/bin/../lib/gcc/arm-none-eabi/5.4.1/../../../../arm-none-eabi/lib/armv7-m\libg_nano.a(lib_a-impure.o)
                              c:/program files (x86)/cypress/psoc creator/4.3/psoc creator/import/gnu/arm/5.4.1/bin/../lib/gcc/arm-none-eabi/5.4.1/../../../../arm-none-eabi/lib/armv7-m\libg_nano.a(lib_a-exit.o) (_global_impure_ptr)
c:/program files (x86)/cypress/psoc creator/4.3/psoc creator/import/gnu/arm/5.4.1/bin/../lib/gcc/arm-none-eabi/5.4.1/../../../../arm-none-eabi/lib/armv7-m\libg_nano.a(lib_a-init.o)
                              c:/program files (x86)/cypress/psoc creator/4.3/psoc creator/import/gnu/arm/5.4.1/bin/../lib/gcc/arm-none-eabi/5.4.1/../../../../arm-none-eabi/lib/armv7-m/crt0.o (__libc_init_array)
c:/program files (x86)/cypress/psoc creator/4.3/psoc creator/import/gnu/arm/5.4.1/bin/../lib/gcc/arm-none-eabi/5.4.1/../../../../arm-none-eabi/lib/armv7-m\libg_nano.a(lib_a-memcpy-stub.o)
                              .\CortexM3\ARM_GCC_541\Debug\queue.o (memcpy)
c:/program files (x86)/cypress/psoc creator/4.3/psoc creator/import/gnu/arm/5.4.1/bin/../lib/gcc/arm-none-eabi/5.4.1/../../../../arm-none-eabi/lib/armv7-m\libg_nano.a(lib_a-memset.o)
                              c:/program files (x86)/cypress/psoc creator/4.3/psoc creator/import/gnu/arm/5.4.1/bin/../lib/gcc/arm-none-eabi/5.4.1/../../../../arm-none-eabi/lib/armv7-m/crt0.o (memset)
[...]
Memory Configuration

Name             Origin             Length             Attributes
rom              0x00000000         0x00040000         xr
ram              0x1fff8000         0x00010000         xrw
*default*        0x00000000         0xffffffff

Linker script and memory map

LOAD c:/program files (x86)/cypress/psoc creator/4.3/psoc creator/import/gnu/arm/5.4.1/bin/../lib/gcc/arm-none-eabi/5.4.1/armv7-m/crti.o
LOAD c:/program files (x86)/cypress/psoc creator/4.3/psoc creator/import/gnu/arm/5.4.1/bin/../lib/gcc/arm-none-eabi/5.4.1/armv7-m/crtbegin.o
LOAD c:/program files (x86)/cypress/psoc creator/4.3/psoc creator/import/gnu/arm/5.4.1/bin/../lib/gcc/arm-none-eabi/5.4.1/../../../../arm-none-eabi/lib/armv7-m/crt0.o
START GROUP
LOAD .\CortexM3\ARM_GCC_541\Debug\croutine.o
LOAD .\CortexM3\ARM_GCC_541\Debug\event_groups.o
LOAD .\CortexM3\ARM_GCC_541\Debug\list.o
LOAD .\CortexM3\ARM_GCC_541\Debug\mpu_wrappers.o
LOAD .\CortexM3\ARM_GCC_541\Debug\port.o
LOAD .\CortexM3\ARM_GCC_541\Debug\queue.o
LOAD .\CortexM3\ARM_GCC_541\Debug\stream_buffer.o
LOAD .\CortexM3\ARM_GCC_541\Debug\tasks.o
LOAD .\CortexM3\ARM_GCC_541\Debug\timers.o
LOAD .\CortexM3\ARM_GCC_541\Debug\heap_2.o
LOAD .\CortexM3\ARM_GCC_541\Debug\main.o
LOAD .\CortexM3\ARM_GCC_541\Debug\pandemic.o
LOAD .\CortexM3\ARM_GCC_541\Debug\cyfitter_cfg.o
LOAD .\CortexM3\ARM_GCC_541\Debug\cymetadata.o
LOAD .\CortexM3\ARM_GCC_541\Debug\Cm3Start.o
LOAD .\CortexM3\ARM_GCC_541\Debug\pandemic.a
LOAD C:\Program Files (x86)\Cypress\PSoC Creator\4.3\PSoC Creator\psoc\content\cycomponentlibrary\CyComponentLibrary.cylib\CortexM3\ARM_GCC_541\Debug\CyComponentLibrary.a
LOAD c:/program files (x86)/cypress/psoc creator/4.3/psoc creator/import/gnu/arm/5.4.1/bin/../lib/gcc/arm-none-eabi/5.4.1/../../../../arm-none-eabi/lib/armv7-m\libm.a
END GROUP
START GROUP
LOAD c:/program files (x86)/cypress/psoc creator/4.3/psoc creator/import/gnu/arm/5.4.1/bin/../lib/gcc/arm-none-eabi/5.4.1/armv7-m\libgcc.a
LOAD c:/program files (x86)/cypress/psoc creator/4.3/psoc creator/import/gnu/arm/5.4.1/bin/../lib/gcc/arm-none-eabi/5.4.1/../../../../arm-none-eabi/lib/armv7-m\libg_nano.a
LOAD c:/program files (x86)/cypress/psoc creator/4.3/psoc creator/import/gnu/arm/5.4.1/bin/../lib/gcc/arm-none-eabi/5.4.1/../../../../arm-none-eabi/lib/armv7-m\libc_nano.a
END GROUP
START GROUP
LOAD c:/program files (x86)/cypress/psoc creator/4.3/psoc creator/import/gnu/arm/5.4.1/bin/../lib/gcc/arm-none-eabi/5.4.1/armv7-m\libgcc.a
LOAD c:/program files (x86)/cypress/psoc creator/4.3/psoc creator/import/gnu/arm/5.4.1/bin/../lib/gcc/arm-none-eabi/5.4.1/../../../../arm-none-eabi/lib/armv7-m\libc_nano.a
END GROUP
LOAD c:/program files (x86)/cypress/psoc creator/4.3/psoc creator/import/gnu/arm/5.4.1/bin/../lib/gcc/arm-none-eabi/5.4.1/armv7-m/crtend.o
LOAD c:/program files (x86)/cypress/psoc creator/4.3/psoc creator/import/gnu/arm/5.4.1/bin/../lib/gcc/arm-none-eabi/5.4.1/armv7-m/crtn.o
START GROUP
LOAD c:/program files (x86)/cypress/psoc creator/4.3/psoc creator/import/gnu/arm/5.4.1/bin/../lib/gcc/arm-none-eabi/5.4.1/armv7-m\libgcc.a
LOAD c:/program files (x86)/cypress/psoc creator/4.3/psoc creator/import/gnu/arm/5.4.1/bin/../lib/gcc/arm-none-eabi/5.4.1/../../../../arm-none-eabi/lib/armv7-m\libc.a
LOAD c:/program files (x86)/cypress/psoc creator/4.3/psoc creator/import/gnu/arm/5.4.1/bin/../lib/gcc/arm-none-eabi/5.4.1/../../../../arm-none-eabi/lib/armv7-m\libnosys.a
END GROUP
                0x00000000                CY_APPL_ORIGIN = 0x0
                0x00000100                CY_FLASH_ROW_SIZE = 0x100
                0x00000020                CY_ECC_ROW_SIZE = 0x20
                0x00000000                CY_EE_IN_BTLDR = 0x0
                0x00000000                CY_APPL_LOADABLE = 0x0
                0x00000800                CY_EE_SIZE = 0x800
                0x00000001                CY_APPL_NUM = 0x1
                0x00000001                CY_APPL_MAX = 0x1
                0x00000040                CY_METADATA_SIZE = 0x40
                0x00000000                CY_APPL_LOADABLE = 0x0
                0x00000000                CY_CHECKSUM_EXCLUDE_SIZE = ALIGN (0x0, CY_FLASH_ROW_SIZE)
                [!provide]                PROVIDE (__cy_heap_start, _end)
                0x00000001                PROVIDE (__cy_region_num, ((__cy_regions_end - __cy_regions) / 0x10))
                0x20008000                PROVIDE (__cy_stack, (ORIGIN (ram) + LENGTH (ram)))
                [!provide]                PROVIDE (__cy_heap_end, (__cy_stack - 0x800))

.cybootloader   0x00000000        0x0
 *(.cybootloader)
                0x00000000                appl1_start = CY_APPL_ORIGIN?CY_APPL_ORIGIN:ALIGN (CY_FLASH_ROW_SIZE)
                0x0001ff00                appl2_start = (appl1_start + ALIGN ((((LENGTH (rom) - appl1_start) - (0x2 * CY_FLASH_ROW_SIZE)) / 0x2), CY_FLASH_ROW_SIZE))
                0x00000000                appl_start = (CY_APPL_NUM == 0x1)?appl1_start:appl2_start
                0x00000000                ecc_offset = ((appl_start / CY_FLASH_ROW_SIZE) * CY_ECC_ROW_SIZE)
                0x00000000                ee_offset = (CY_APPL_LOADABLE && ! (CY_EE_IN_BTLDR))?((CY_EE_SIZE / CY_APPL_MAX) * (CY_APPL_NUM - 0x1)):0x0
                0x00000800                ee_size = (CY_APPL_LOADABLE && ! (CY_EE_IN_BTLDR))?(CY_EE_SIZE / CY_APPL_MAX):CY_EE_SIZE
                [!provide]                PROVIDE (CY_ECC_OFFSET, ecc_offset)

.text           0x00000000     0x25e4
 CREATE_OBJECT_SYMBOLS
                0x00000000                PROVIDE (__cy_interrupt_vector, RomVectors)
 *(.romvectors)
 .romvectors    0x00000000       0x10 .\CortexM3\ARM_GCC_541\Debug\Cm3Start.o
                0x00000000                RomVectors
                0x00000001                ASSERT ((. != __cy_interrupt_vector), No interrupt vector)
                0x00000001                ASSERT (CY_APPL_ORIGIN?(SIZEOF (.cybootloader) <= CY_APPL_ORIGIN):0x1, Wrong image location)
                0x00000010                PROVIDE (__cy_reset, Reset)
 *(.text.Reset)
 .text.Reset    0x00000010       0x18 .\CortexM3\ARM_GCC_541\Debug\Cm3Start.o
                0x00000010                Reset
                0x00000001                ASSERT ((. != __cy_reset), No reset code)
 *(.dma_init)
                0x00000001                ASSERT ((((appl_start + .) <= 0x10000) || 0x1), DMA Init must be within the first 64k of flash)
 *(.text .text.* .gnu.linkonce.t.*)
 .text          0x00000028       0x5c c:/program files (x86)/cypress/psoc creator/4.3/psoc creator/import/gnu/arm/5.4.1/bin/../lib/gcc/arm-none-eabi/5.4.1/armv7-m/crtbegin.o
 .text.vListInitialise
                0x00000084       0x18 .\CortexM3\ARM_GCC_541\Debug\list.o
                0x00000084                vListInitialise
 .text.vListInitialiseItem
                0x0000009c        0x8 .\CortexM3\ARM_GCC_541\Debug\list.o
                0x0000009c                vListInitialiseItem
 .text.vListInsertEnd
                0x000000a4       0x18 .\CortexM3\ARM_GCC_541\Debug\list.o
                0x000000a4                vListInsertEnd
 .text.vListInsert
                0x000000bc       0x34 .\CortexM3\ARM_GCC_541\Debug\list.o
                0x000000bc                vListInsert
 .text.uxListRemove
                0x000000f0       0x28 .\CortexM3\ARM_GCC_541\Debug\list.o
                0x000000f0                uxListRemove
 .text.prvTaskExitError
                0x00000118       0x20 .\CortexM3\ARM_GCC_541\Debug\port.o
 .text.prvPortStartFirstTask
                0x00000138       0x20 .\CortexM3\ARM_GCC_541\Debug\port.o
 .text.pxPortInitialiseStack
                0x00000158       0x24 .\CortexM3\ARM_GCC_541\Debug\port.o
                0x00000158                pxPortInitialiseStack
 *fill*         0x0000017c        0x4 
 .text.vPortSVCHandler
                0x00000180       0x24 .\CortexM3\ARM_GCC_541\Debug\port.o
                0x00000180                vPortSVCHandler
 .text.vPortEnterCritical
                0x000001a4       0x20 .\CortexM3\ARM_GCC_541\Debug\port.o
                0x000001a4                vPortEnterCritical
 .text.vPortExitCritical
                0x000001c4       0x14 .\CortexM3\ARM_GCC_541\Debug\port.o
                0x000001c4                vPortExitCritical
 *fill*         0x000001d8        0x8 
 .text.xPortPendSVHandler
                0x000001e0       0x44 .\CortexM3\ARM_GCC_541\Debug\port.o
                0x000001e0                xPortPendSVHandler
 .text.xPortSysTickHandler
                0x00000224       0x2c .\CortexM3\ARM_GCC_541\Debug\port.o
                0x00000224                xPortSysTickHandler
 .text.vPortSetupTimerInterrupt
                0x00000250       0x24 .\CortexM3\ARM_GCC_541\Debug\port.o
                0x00000250                vPortSetupTimerInterrupt
 .text.xPortStartScheduler
                0x00000274       0x38 .\CortexM3\ARM_GCC_541\Debug\port.o
                0x00000274                xPortStartScheduler
 .text.prvGetDisinheritPriorityAfterTimeout
                0x000002ac       0x14 .\CortexM3\ARM_GCC_541\Debug\queue.o
 .text.prvIsQueueFull
                0x000002c0       0x20 .\CortexM3\ARM_GCC_541\Debug\queue.o
 .text.prvIsQueueEmpty
                0x000002e0       0x1c .\CortexM3\ARM_GCC_541\Debug\queue.o
 .text.prvCopyDataToQueue
                0x000002fc       0x78 .\CortexM3\ARM_GCC_541\Debug\queue.o
 .text.prvCopyDataFromQueue
                0x00000374       0x24 .\CortexM3\ARM_GCC_541\Debug\queue.o
 .text.prvUnlockQueue
                0x00000398       0x68 .\CortexM3\ARM_GCC_541\Debug\queue.o
 .text.xQueueGenericReset
                0x00000400       0x6c .\CortexM3\ARM_GCC_541\Debug\queue.o
                0x00000400                xQueueGenericReset
 .text.prvInitialiseNewQueue
                0x0000046c       0x1c .\CortexM3\ARM_GCC_541\Debug\queue.o
 .text.xQueueGenericCreate
                0x00000488       0x34 .\CortexM3\ARM_GCC_541\Debug\queue.o
                0x00000488                xQueueGenericCreate
 .text.xQueueGenericSend
                0x000004bc      0x108 .\CortexM3\ARM_GCC_541\Debug\queue.o
                0x000004bc                xQueueGenericSend
 .text.prvInitialiseMutex
                0x000005c4       0x18 .\CortexM3\ARM_GCC_541\Debug\queue.o
 .text.xQueueCreateMutex
                0x000005dc       0x18 .\CortexM3\ARM_GCC_541\Debug\queue.o
                0x000005dc                xQueueCreateMutex
 .text.xQueueGenericSendFromISR
                0x000005f4       0x70 .\CortexM3\ARM_GCC_541\Debug\queue.o
                0x000005f4                xQueueGenericSendFromISR
 .text.xQueueReceive
                0x00000664       0xf8 .\CortexM3\ARM_GCC_541\Debug\queue.o
                0x00000664                xQueueReceive
 .text.xQueueSemaphoreTake
                0x0000075c      0x128 .\CortexM3\ARM_GCC_541\Debug\queue.o
                0x0000075c                xQueueSemaphoreTake
 .text.xQueuePeek
                0x00000884       0xf8 .\CortexM3\ARM_GCC_541\Debug\queue.o
                0x00000884                xQueuePeek
 .text.vQueueAddToRegistry
                0x0000097c       0x28 .\CortexM3\ARM_GCC_541\Debug\queue.o
                0x0000097c                vQueueAddToRegistry
 .text.vQueueWaitForMessageRestricted
                0x000009a4       0x4c .\CortexM3\ARM_GCC_541\Debug\queue.o
                0x000009a4                vQueueWaitForMessageRestricted
 .text.prvResetNextTaskUnblockTime
                0x000009f0       0x24 .\CortexM3\ARM_GCC_541\Debug\tasks.o
 .text.prvDeleteTCB
                0x00000a14       0x14 .\CortexM3\ARM_GCC_541\Debug\tasks.o
 .text.prvInitialiseNewTask
                0x00000a28       0x90 .\CortexM3\ARM_GCC_541\Debug\tasks.o
 .text.prvInitialiseTaskLists
                0x00000ab8       0x58 .\CortexM3\ARM_GCC_541\Debug\tasks.o
 .text.prvAddNewTaskToReadyList
                0x00000b10       0xac .\CortexM3\ARM_GCC_541\Debug\tasks.o
 .text.prvCheckTasksWaitingTermination
                0x00000bbc       0x44 .\CortexM3\ARM_GCC_541\Debug\tasks.o
 .text.prvIdleTask
                0x00000c00        0x8 .\CortexM3\ARM_GCC_541\Debug\tasks.o
 .text.prvAddCurrentTaskToDelayedList
                0x00000c08       0x84 .\CortexM3\ARM_GCC_541\Debug\tasks.o
 .text.xTaskCreate
                0x00000c8c       0x64 .\CortexM3\ARM_GCC_541\Debug\tasks.o
                0x00000c8c                xTaskCreate
 .text.vTaskStartScheduler
                0x00000cf0       0x60 .\CortexM3\ARM_GCC_541\Debug\tasks.o
                0x00000cf0                vTaskStartScheduler
 .text.vTaskSuspendAll
                0x00000d50       0x14 .\CortexM3\ARM_GCC_541\Debug\tasks.o
                0x00000d50                vTaskSuspendAll
 .text.xTaskGetTickCount
                0x00000d64        0xc .\CortexM3\ARM_GCC_541\Debug\tasks.o
                0x00000d64                xTaskGetTickCount
 .text.xTaskIncrementTick
                0x00000d70      0x100 .\CortexM3\ARM_GCC_541\Debug\tasks.o
                0x00000d70                xTaskIncrementTick
 .text.xTaskResumeAll
                0x00000e70       0xd8 .\CortexM3\ARM_GCC_541\Debug\tasks.o
                0x00000e70                xTaskResumeAll
 .text.vTaskDelay
                0x00000f48       0x34 .\CortexM3\ARM_GCC_541\Debug\tasks.o
                0x00000f48                vTaskDelay
 .text.vTaskSwitchContext
                0x00000f7c       0x70 .\CortexM3\ARM_GCC_541\Debug\tasks.o
                0x00000f7c                vTaskSwitchContext
 .text.vTaskPlaceOnEventList
                0x00000fec       0x20 .\CortexM3\ARM_GCC_541\Debug\tasks.o
                0x00000fec                vTaskPlaceOnEventList
 .text.vTaskPlaceOnEventListRestricted
                0x0000100c       0x28 .\CortexM3\ARM_GCC_541\Debug\tasks.o
                0x0000100c                vTaskPlaceOnEventListRestricted
 .text.xTaskRemoveFromEventList
                0x00001034       0x74 .\CortexM3\ARM_GCC_541\Debug\tasks.o
                0x00001034                xTaskRemoveFromEventList
 .text.vTaskInternalSetTimeOutState
                0x000010a8       0x14 .\CortexM3\ARM_GCC_541\Debug\tasks.o
                0x000010a8                vTaskInternalSetTimeOutState
 .text.xTaskCheckForTimeOut
                0x000010bc       0x58 .\CortexM3\ARM_GCC_541\Debug\tasks.o
                0x000010bc                xTaskCheckForTimeOut
 .text.vTaskMissedYield
                0x00001114       0x10 .\CortexM3\ARM_GCC_541\Debug\tasks.o
                0x00001114                vTaskMissedYield
 .text.xTaskGetSchedulerState
                0x00001124       0x20 .\CortexM3\ARM_GCC_541\Debug\tasks.o
                0x00001124                xTaskGetSchedulerState
 .text.xTaskPriorityInherit
                0x00001144       0xc8 .\CortexM3\ARM_GCC_541\Debug\tasks.o
                0x00001144                xTaskPriorityInherit
 .text.xTaskPriorityDisinherit
                0x0000120c       0x88 .\CortexM3\ARM_GCC_541\Debug\tasks.o
                0x0000120c                xTaskPriorityDisinherit
 .text.vTaskPriorityDisinheritAfterTimeout
                0x00001294       0x98 .\CortexM3\ARM_GCC_541\Debug\tasks.o
                0x00001294                vTaskPriorityDisinheritAfterTimeout
 .text.pvTaskIncrementMutexHeldCount
                0x0000132c       0x20 .\CortexM3\ARM_GCC_541\Debug\tasks.o
                0x0000132c                pvTaskIncrementMutexHeldCount
 .text.prvGetNextExpireTime
                0x0000134c       0x20 .\CortexM3\ARM_GCC_541\Debug\timers.o
 .text.prvInsertTimerInActiveList
                0x0000136c       0x44 .\CortexM3\ARM_GCC_541\Debug\timers.o
 .text.prvCheckForValidListAndQueue
                0x000013b0       0x48 .\CortexM3\ARM_GCC_541\Debug\timers.o
 .text.prvInitialiseNewTimer
                0x000013f8       0x2c .\CortexM3\ARM_GCC_541\Debug\timers.o
 .text.xTimerCreateTimerTask
                0x00001424       0x40 .\CortexM3\ARM_GCC_541\Debug\timers.o
                0x00001424                xTimerCreateTimerTask
 .text.xTimerCreate
                0x00001464       0x34 .\CortexM3\ARM_GCC_541\Debug\timers.o
                0x00001464                xTimerCreate
 .text.xTimerGenericCommand
                0x00001498       0x58 .\CortexM3\ARM_GCC_541\Debug\timers.o
                0x00001498                xTimerGenericCommand
 .text.prvSwitchTimerLists
                0x000014f0       0x60 .\CortexM3\ARM_GCC_541\Debug\timers.o
 .text.prvSampleTimeNow
                0x00001550       0x2c .\CortexM3\ARM_GCC_541\Debug\timers.o
 .text.prvProcessExpiredTimer
                0x0000157c       0x48 .\CortexM3\ARM_GCC_541\Debug\timers.o
 .text.prvProcessTimerOrBlockTask
                0x000015c4       0x70 .\CortexM3\ARM_GCC_541\Debug\timers.o
 .text.prvProcessReceivedCommands
                0x00001634       0x94 .\CortexM3\ARM_GCC_541\Debug\timers.o
 .text.prvTimerTask
                0x000016c8       0x18 .\CortexM3\ARM_GCC_541\Debug\timers.o
 .text.prvHeapInit
                0x000016e0       0x30 .\CortexM3\ARM_GCC_541\Debug\heap_2.o
 .text.pvPortMalloc
                0x00001710       0xac .\CortexM3\ARM_GCC_541\Debug\heap_2.o
                0x00001710                pvPortMalloc
 .text.vPortFree
                0x000017bc       0x44 .\CortexM3\ARM_GCC_541\Debug\heap_2.o
                0x000017bc                vPortFree
 .text.freeRTOSInit
                0x00001800       0x20 .\CortexM3\ARM_GCC_541\Debug\main.o
 .text.quarantineTask
                0x00001820       0x18 .\CortexM3\ARM_GCC_541\Debug\main.o
                0x00001820                quarantineTask
 .text.vaccineTask
                0x00001838       0x48 .\CortexM3\ARM_GCC_541\Debug\main.o
                0x00001838                vaccineTask
 .text.medicineTask
                0x00001880       0x30 .\CortexM3\ARM_GCC_541\Debug\main.o
                0x00001880                medicineTask
 .text.main     0x000018b0       0xf4 .\CortexM3\ARM_GCC_541\Debug\main.o
                0x000018b0                main
 .text.releaseContamination
                0x000019a4       0x18 .\CortexM3\ARM_GCC_541\Debug\main.o
                0x000019a4                releaseContamination
 .text.releaseClue
                0x000019bc       0x24 .\CortexM3\ARM_GCC_541\Debug\main.o
                0x000019bc                releaseClue
 .text.printCounter
                0x000019e0       0x38 .\CortexM3\ARM_GCC_541\Debug\main.o
                0x000019e0                printCounter
 .text.convertPercentage
                0x00001a18       0x44 .\CortexM3\ARM_GCC_541\Debug\main.o
                0x00001a18                convertPercentage
 .text.screenUpdateTask
                0x00001a5c       0xa8 .\CortexM3\ARM_GCC_541\Debug\main.o
                0x00001a5c                screenUpdateTask
 .text.deadlineContamination
                0x00001b04       0x2c .\CortexM3\ARM_GCC_541\Debug\pandemic.o
                0x00001b04                deadlineContamination
 .text.quarantine
                0x00001b30       0x2c .\CortexM3\ARM_GCC_541\Debug\pandemic.o
                0x00001b30                quarantine
 .text.shipMedicine
                0x00001b5c       0x18 .\CortexM3\ARM_GCC_541\Debug\pandemic.o
                0x00001b5c                shipMedicine
 .text.startContamination
                0x00001b74       0x68 .\CortexM3\ARM_GCC_541\Debug\pandemic.o
                0x00001b74                startContamination
 .text.gameTask
                0x00001bdc      0x124 .\CortexM3\ARM_GCC_541\Debug\pandemic.o
                0x00001bdc                gameTask
 .text.getPopulationCntr
                0x00001d00        0xc .\CortexM3\ARM_GCC_541\Debug\pandemic.o
                0x00001d00                getPopulationCntr
 .text.getMedicineCntr
                0x00001d0c        0xc .\CortexM3\ARM_GCC_541\Debug\pandemic.o
                0x00001d0c                getMedicineCntr
 .text.getVaccineCntr
                0x00001d18        0xc .\CortexM3\ARM_GCC_541\Debug\pandemic.o
                0x00001d18                getVaccineCntr
 .text.encode   0x00001d24        0x8 .\CortexM3\ARM_GCC_541\Debug\pandemic.o
                0x00001d24                encode
 .text.assignMissionToLab
                0x00001d2c       0x3c .\CortexM3\ARM_GCC_541\Debug\pandemic.o
                0x00001d2c                assignMissionToLab
 .text.shipVaccine
                0x00001d68       0x24 .\CortexM3\ARM_GCC_541\Debug\pandemic.o
                0x00001d68                shipVaccine
 .text.CyClockStartupError
                0x00001d8c        0x4 .\CortexM3\ARM_GCC_541\Debug\cyfitter_cfg.o
 .text.AnalogSetDefault
                0x00001d90       0x28 .\CortexM3\ARM_GCC_541\Debug\cyfitter_cfg.o
 .text.CYMEMZERO
                0x00001db8        0xc .\CortexM3\ARM_GCC_541\Debug\cyfitter_cfg.o
 .text.ClockSetup
                0x00001dc4       0x9c .\CortexM3\ARM_GCC_541\Debug\cyfitter_cfg.o
 .text.CYCONFIGCPY
                0x00001e60        0x8 .\CortexM3\ARM_GCC_541\Debug\cyfitter_cfg.o
 .text.cyfitter_cfg
                0x00001e68       0xfc .\CortexM3\ARM_GCC_541\Debug\cyfitter_cfg.o
                0x00001e68                cyfitter_cfg
 .text.IntDefaultHandler
                0x00001f64       0x10 .\CortexM3\ARM_GCC_541\Debug\Cm3Start.o
                0x00001f64                IntDefaultHandler
 .text._sbrk    0x00001f74       0x30 .\CortexM3\ARM_GCC_541\Debug\Cm3Start.o
                0x00001f74                _sbrk
 .text.Start_c  0x00001fa4       0x4c .\CortexM3\ARM_GCC_541\Debug\Cm3Start.o
                0x00001fa4                Start_c
 .text.initialize_psoc
                0x00001ff0       0x68 .\CortexM3\ARM_GCC_541\Debug\Cm3Start.o
                0x00001ff0                initialize_psoc
 .text.LED1_Write
                0x00002058       0x18 .\CortexM3\ARM_GCC_541\Debug\pandemic.a(LED1.o)
                0x00002058                LED1_Write
 .text.LED2_Write
                0x00002070       0x18 .\CortexM3\ARM_GCC_541\Debug\pandemic.a(LED2.o)
                0x00002070                LED2_Write
 .text.LED3_Write
                0x00002088       0x18 .\CortexM3\ARM_GCC_541\Debug\pandemic.a(LED3.o)
                0x00002088                LED3_Write
 .text.LED4_Write
                0x000020a0       0x18 .\CortexM3\ARM_GCC_541\Debug\pandemic.a(LED4.o)
                0x000020a0                LED4_Write
 .text.KB_Start
                0x000020b8       0x18 .\CortexM3\ARM_GCC_541\Debug\pandemic.a(KB_keyboard.o)
                0x000020b8                KB_Start
 .text.LCD_WrCntrlNib
                0x000020d0       0x34 .\CortexM3\ARM_GCC_541\Debug\pandemic.a(LCD.o)
 .text.LCD_WrDatNib
                0x00002104       0x44 .\CortexM3\ARM_GCC_541\Debug\pandemic.a(LCD.o)
 .text.LCD_IsReady
                0x00002148       0xe4 .\CortexM3\ARM_GCC_541\Debug\pandemic.a(LCD.o)
                0x00002148                LCD_IsReady
 .text.LCD_WriteData
                0x0000222c       0x18 .\CortexM3\ARM_GCC_541\Debug\pandemic.a(LCD.o)
                0x0000222c                LCD_WriteData
 .text.LCD_PrintString
                0x00002244       0x1c .\CortexM3\ARM_GCC_541\Debug\pandemic.a(LCD.o)
                0x00002244                LCD_PrintString
 .text.LCD_PutChar
                0x00002260        0x8 .\CortexM3\ARM_GCC_541\Debug\pandemic.a(LCD.o)
                0x00002260                LCD_PutChar
 .text.LCD_WriteControl
                0x00002268       0x18 .\CortexM3\ARM_GCC_541\Debug\pandemic.a(LCD.o)
                0x00002268                LCD_WriteControl
 .text.LCD_Init
                0x00002280       0x6c .\CortexM3\ARM_GCC_541\Debug\pandemic.a(LCD.o)
                0x00002280                LCD_Init
 .text.LCD_Enable
                0x000022ec       0x14 .\CortexM3\ARM_GCC_541\Debug\pandemic.a(LCD.o)
                0x000022ec                LCD_Enable
 .text.LCD_Start
                0x00002300       0x1c .\CortexM3\ARM_GCC_541\Debug\pandemic.a(LCD.o)
                0x00002300                LCD_Start
 .text.LCD_Position
                0x0000231c       0x3c .\CortexM3\ARM_GCC_541\Debug\pandemic.a(LCD.o)
                0x0000231c                LCD_Position
 .text.KB_KeyboardCol1_Write
                0x00002358       0x18 .\CortexM3\ARM_GCC_541\Debug\pandemic.a(KB_KeyboardCol1.o)
                0x00002358                KB_KeyboardCol1_Write
 .text.KB_KeyboardCol3_Write
                0x00002370       0x18 .\CortexM3\ARM_GCC_541\Debug\pandemic.a(KB_KeyboardCol3.o)
                0x00002370                KB_KeyboardCol3_Write
 .text.KB_KeyboardCol2_Write
                0x00002388       0x18 .\CortexM3\ARM_GCC_541\Debug\pandemic.a(KB_KeyboardCol2.o)
                0x00002388                KB_KeyboardCol2_Write
 .text.CyDelay  0x000023a0       0x2c .\CortexM3\ARM_GCC_541\Debug\pandemic.a(CyLib.o)
                0x000023a0                CyDelay
 .text.CyDelayUs
                0x000023cc       0x14 .\CortexM3\ARM_GCC_541\Debug\pandemic.a(CyLib.o)
                0x000023cc                CyDelayUs
 .text          0x000023e0       0x20 .\CortexM3\ARM_GCC_541\Debug\pandemic.a(CyBootAsmGnu.o)
                0x000023e0                CyDelayCycles
                0x000023f0                CyEnterCriticalSection
                0x000023f8                CyExitCriticalSection
 .text.__errno  0x00002400        0xc c:/program files (x86)/cypress/psoc creator/4.3/psoc creator/import/gnu/arm/5.4.1/bin/../lib/gcc/arm-none-eabi/5.4.1/../../../../arm-none-eabi/lib/armv7-m\libg_nano.a(lib_a-errno.o)
                0x00002400                __errno
 .text.__libc_init_array
                0x0000240c       0x4c c:/program files (x86)/cypress/psoc creator/4.3/psoc creator/import/gnu/arm/5.4.1/bin/../lib/gcc/arm-none-eabi/5.4.1/../../../../arm-none-eabi/lib/armv7-m\libg_nano.a(lib_a-init.o)
                0x0000240c                __libc_init_array
 .text.memcpy   0x00002458       0x16 c:/program files (x86)/cypress/psoc creator/4.3/psoc creator/import/gnu/arm/5.4.1/bin/../lib/gcc/arm-none-eabi/5.4.1/../../../../arm-none-eabi/lib/armv7-m\libg_nano.a(lib_a-memcpy-stub.o)
                0x00002458                memcpy
 .text.memset   0x0000246e       0x10 c:/program files (x86)/cypress/psoc creator/4.3/psoc creator/import/gnu/arm/5.4.1/bin/../lib/gcc/arm-none-eabi/5.4.1/../../../../arm-none-eabi/lib/armv7-m\libg_nano.a(lib_a-memset.o)
                0x0000246e                memset
 *fill*         0x0000247e        0x2 
 .text.rand     0x00002480       0x74 c:/program files (x86)/cypress/psoc creator/4.3/psoc creator/import/gnu/arm/5.4.1/bin/../lib/gcc/arm-none-eabi/5.4.1/../../../../arm-none-eabi/lib/armv7-m\libg_nano.a(lib_a-rand.o)
                0x00002480                rand
 .text.malloc   0x000024f4       0x10 c:/program files (x86)/cypress/psoc creator/4.3/psoc creator/import/gnu/arm/5.4.1/bin/../lib/gcc/arm-none-eabi/5.4.1/../../../../arm-none-eabi/lib/armv7-m\libg_nano.a(lib_a-malloc.o)
                0x000024f4                malloc
 .text._malloc_r
                0x00002504       0xbc c:/program files (x86)/cypress/psoc creator/4.3/psoc creator/import/gnu/arm/5.4.1/bin/../lib/gcc/arm-none-eabi/5.4.1/../../../../arm-none-eabi/lib/armv7-m\libg_nano.a(lib_a-nano-mallocr.o)
                0x00002504                _malloc_r
 .text._sbrk_r  0x000025c0       0x20 c:/program files (x86)/cypress/psoc creator/4.3/psoc creator/import/gnu/arm/5.4.1/bin/../lib/gcc/arm-none-eabi/5.4.1/../../../../arm-none-eabi/lib/armv7-m\libg_nano.a(lib_a-sbrkr.o)
                0x000025c0                _sbrk_r
 .text.__malloc_lock
                0x000025e0        0x2 c:/program files (x86)/cypress/psoc creator/4.3/psoc creator/import/gnu/arm/5.4.1/bin/../lib/gcc/arm-none-eabi/5.4.1/../../../../arm-none-eabi/lib/armv7-m\libg_nano.a(lib_a-mlock.o)
                0x000025e0                __malloc_lock
 .text.__malloc_unlock
                0x000025e2        0x2 c:/program files (x86)/cypress/psoc creator/4.3/psoc creator/import/gnu/arm/5.4.1/bin/../lib/gcc/arm-none-eabi/5.4.1/../../../../arm-none-eabi/lib/armv7-m\libg_nano.a(lib_a-mlock.o)
                0x000025e2                __malloc_unlock
 *(.plt)
 *(.gnu.warning)
 *(.glue_7t)
 .glue_7t       0x000025e4        0x0 linker stubs
 *(.glue_7)
 .glue_7        0x000025e4        0x0 linker stubs
 *(.vfp11_veneer)
 .vfp11_veneer  0x000025e4        0x0 linker stubs
 *(.bootloader)
 *(.ARM.extab* .gnu.linkonce.armextab.*)
 *(.gcc_except_table)

.v4_bx          0x000025e4        0x0
 .v4_bx         0x000025e4        0x0 linker stubs

.iplt           0x000025e4        0x0
 .iplt          0x000025e4        0x0 c:/program files (x86)/cypress/psoc creator/4.3/psoc creator/import/gnu/arm/5.4.1/bin/../lib/gcc/arm-none-eabi/5.4.1/armv7-m/crtbegin.o

.eh_frame_hdr
 *(.eh_frame_hdr)

.eh_frame       0x000025e4        0x4
 *(.eh_frame)
 .eh_frame      0x000025e4        0x0 c:/program files (x86)/cypress/psoc creator/4.3/psoc creator/import/gnu/arm/5.4.1/bin/../lib/gcc/arm-none-eabi/5.4.1/armv7-m/crtbegin.o
 .eh_frame      0x000025e4        0x4 c:/program files (x86)/cypress/psoc creator/4.3/psoc creator/import/gnu/arm/5.4.1/bin/../lib/gcc/arm-none-eabi/5.4.1/armv7-m/crtend.o
                [!provide]                PROVIDE (__exidx_start, .)

.ARM.exidx
 *(.ARM.exidx* .gnu.linkonce.armexidx.*)
                0x000025e8                __exidx_end = .

.rodata         0x000025e8       0xf0
 *(.rodata .rodata.* .gnu.linkonce.r.*)
 .rodata.str1.4
                0x000025e8        0x5 .\CortexM3\ARM_GCC_541\Debug\tasks.o
 *fill*         0x000025ed        0x3 
 .rodata.str1.4
                0x000025f0       0x10 .\CortexM3\ARM_GCC_541\Debug\timers.o
 .rodata.str1.4
                0x00002600       0x4e .\CortexM3\ARM_GCC_541\Debug\main.o
 *fill*         0x0000264e        0x2 
 .rodata.str1.4
                0x00002650       0x28 .\CortexM3\ARM_GCC_541\Debug\pandemic.o
                                 0x25 (size before relaxing)
 .rodata        0x00002678       0x24 .\CortexM3\ARM_GCC_541\Debug\cyfitter_cfg.o
 .rodata.str1.1
                0x0000269c        0x2 c:/program files (x86)/cypress/psoc creator/4.3/psoc creator/import/gnu/arm/5.4.1/bin/../lib/gcc/arm-none-eabi/5.4.1/../../../../arm-none-eabi/lib/armv7-m\libg_nano.a(lib_a-impure.o)
                0x000026a0                . = ALIGN (0x4)
 *fill*         0x0000269e        0x2 
 *(.init)
 .init          0x000026a0        0x4 c:/program files (x86)/cypress/psoc creator/4.3/psoc creator/import/gnu/arm/5.4.1/bin/../lib/gcc/arm-none-eabi/5.4.1/armv7-m/crti.o
                0x000026a0                _init
 .init          0x000026a4        0x8 c:/program files (x86)/cypress/psoc creator/4.3/psoc creator/import/gnu/arm/5.4.1/bin/../lib/gcc/arm-none-eabi/5.4.1/armv7-m/crtn.o
                0x000026ac                . = ALIGN (0x4)
                0x000026ac                __preinit_array_start = .
 *(.preinit_array)
                0x000026ac                __preinit_array_end = .
                0x000026ac                . = ALIGN (0x4)
                0x000026ac                __init_array_start = .
 *(SORT(.init_array.*))
 *(.init_array)
 .init_array    0x000026ac        0x4 c:/program files (x86)/cypress/psoc creator/4.3/psoc creator/import/gnu/arm/5.4.1/bin/../lib/gcc/arm-none-eabi/5.4.1/armv7-m/crtbegin.o
 .init_array    0x000026b0        0x4 .\CortexM3\ARM_GCC_541\Debug\Cm3Start.o
                0x000026b4                __init_array_end = .
                0x000026b4                . = ALIGN (0x4)
 *(.fini)
 .fini          0x000026b4        0x4 c:/program files (x86)/cypress/psoc creator/4.3/psoc creator/import/gnu/arm/5.4.1/bin/../lib/gcc/arm-none-eabi/5.4.1/armv7-m/crti.o
                0x000026b4                _fini
 .fini          0x000026b8        0x8 c:/program files (x86)/cypress/psoc creator/4.3/psoc creator/import/gnu/arm/5.4.1/bin/../lib/gcc/arm-none-eabi/5.4.1/armv7-m/crtn.o
                0x000026c0                . = ALIGN (0x4)
                0x000026c0                __fini_array_start = .
 *(.fini_array)
 .fini_array    0x000026c0        0x4 c:/program files (x86)/cypress/psoc creator/4.3/psoc creator/import/gnu/arm/5.4.1/bin/../lib/gcc/arm-none-eabi/5.4.1/armv7-m/crtbegin.o
 *(SORT(.fini_array.*))
                0x000026c4                __fini_array_end = .
                0x000026c4                . = ALIGN (0x4)
 *crtbegin.o(.ctors)
 *(EXCLUDE_FILE(*crtend.o) .ctors)
 *(SORT(.ctors.*))
 *crtend.o(.ctors)
                0x000026c4                . = ALIGN (0x4)
 *crtbegin.o(.dtors)
 *(EXCLUDE_FILE(*crtend.o) .dtors)
 *(SORT(.dtors.*))
 *crtend.o(.dtors)
                0x000026c4                . = ALIGN (0x4)
                0x000026c4                __cy_regions = .
                0x000026c4        0x4 LONG 0x26d8 __cy_region_init_ram
                0x000026c8        0x4 LONG 0x1fff80c8 __cy_region_start_data
                0x000026cc        0x4 LONG 0x90 __cy_region_init_size_ram
                0x000026d0        0x4 LONG 0x8418 __cy_region_zero_size_ram
                0x000026d4                __cy_regions_end = .
                0x000026d8                . = ALIGN (0x8)
 *fill*         0x000026d4        0x4 
                0x000026d8                _etext = .

.cy_checksum_exclude
                0x000026d8        0x0
 *(.cy_checksum_exclude)

.ramvectors     0x1fff8000       0xc0
                0x1fff8000                __cy_region_start_ram = .
 *(.ramvectors)
 .ramvectors    0x1fff8000       0xc0 .\CortexM3\ARM_GCC_541\Debug\Cm3Start.o
                0x1fff8000                CyRamVectors

.noinit         0x1fff80c0        0x1
 *(.noinit)
 .noinit        0x1fff80c0        0x1 .\CortexM3\ARM_GCC_541\Debug\pandemic.a(CyLib.o)
                0x1fff80c0                CyResetStatus

.data           0x1fff80c8       0x90 load address 0x000026d8
                0x1fff80c8                __cy_region_start_data = .
 *(.jcr)
 .jcr           0x1fff80c8        0x0 c:/program files (x86)/cypress/psoc creator/4.3/psoc creator/import/gnu/arm/5.4.1/bin/../lib/gcc/arm-none-eabi/5.4.1/armv7-m/crtbegin.o
 .jcr           0x1fff80c8        0x4 c:/program files (x86)/cypress/psoc creator/4.3/psoc creator/import/gnu/arm/5.4.1/bin/../lib/gcc/arm-none-eabi/5.4.1/armv7-m/crtend.o
 *(.got.plt)
 *(.got)
 *(.shdata)
 *(.data .data.* .gnu.linkonce.d.*)
 .data          0x1fff80cc        0x4 .\CortexM3\ARM_GCC_541\Debug\port.o
 .data          0x1fff80d0        0x4 .\CortexM3\ARM_GCC_541\Debug\heap_2.o
 .data          0x1fff80d4        0x8 .\CortexM3\ARM_GCC_541\Debug\pandemic.o
                0x1fff80d4                quarantineStatus
                0x1fff80d5                populationCntr
                0x1fff80d6                contaminationPeriod
                0x1fff80d8                cluePeriod
                0x1fff80da                virusPeriod
 .data          0x1fff80dc        0x4 .\CortexM3\ARM_GCC_541\Debug\Cm3Start.o
 .data          0x1fff80e0       0x10 .\CortexM3\ARM_GCC_541\Debug\pandemic.a(CyLib.o)
                0x1fff80e0                cydelay_32k_ms
                0x1fff80e4                cydelay_freq_khz
                0x1fff80e8                cydelay_freq_mhz
                0x1fff80ec                cydelay_freq_hz
 .data.impure_data
                0x1fff80f0       0x60 c:/program files (x86)/cypress/psoc creator/4.3/psoc creator/import/gnu/arm/5.4.1/bin/../lib/gcc/arm-none-eabi/5.4.1/../../../../arm-none-eabi/lib/armv7-m\libg_nano.a(lib_a-impure.o)
 .data._impure_ptr
                0x1fff8150        0x4 c:/program files (x86)/cypress/psoc creator/4.3/psoc creator/import/gnu/arm/5.4.1/bin/../lib/gcc/arm-none-eabi/5.4.1/../../../../arm-none-eabi/lib/armv7-m\libg_nano.a(lib_a-impure.o)
                0x1fff8150                _impure_ptr
                0x1fff8158                . = ALIGN (0x8)
 *fill*         0x1fff8154        0x4 
 *(.ram)
                0x1fff8158                _edata = .

.igot.plt       0x1fff8158        0x0 load address 0x00002768
 .igot.plt      0x1fff8158        0x0 c:/program files (x86)/cypress/psoc creator/4.3/psoc creator/import/gnu/arm/5.4.1/bin/../lib/gcc/arm-none-eabi/5.4.1/armv7-m/crtbegin.o

.bss            0x1fff8158     0x8418 load address 0x00002768
                0x1fff8158                PROVIDE (__bss_start__, .)
 *(.shbss)
 *(.bss .bss.* .gnu.linkonce.b.*)
 .bss           0x1fff8158       0x1c c:/program files (x86)/cypress/psoc creator/4.3/psoc creator/import/gnu/arm/5.4.1/bin/../lib/gcc/arm-none-eabi/5.4.1/armv7-m/crtbegin.o
 .bss           0x1fff8174      0x320 .\CortexM3\ARM_GCC_541\Debug\tasks.o
                0x1fff8468                pxCurrentTCB
 .bss           0x1fff8494       0x3c .\CortexM3\ARM_GCC_541\Debug\timers.o
 .bss           0x1fff84d0     0x8014 .\CortexM3\ARM_GCC_541\Debug\heap_2.o
 .bss           0x200004e4        0x2 .\CortexM3\ARM_GCC_541\Debug\pandemic.o
                0x200004e4                medicineCntr
                0x200004e5                vaccineCntr
 .bss           0x200004e6        0x2 .\CortexM3\ARM_GCC_541\Debug\pandemic.a(LCD.o)
                0x200004e6                LCD_enableState
                0x200004e7                LCD_initVar
 .bss.__malloc_sbrk_start
                0x200004e8        0x4 c:/program files (x86)/cypress/psoc creator/4.3/psoc creator/import/gnu/arm/5.4.1/bin/../lib/gcc/arm-none-eabi/5.4.1/../../../../arm-none-eabi/lib/armv7-m\libg_nano.a(lib_a-nano-mallocr.o)
                0x200004e8                __malloc_sbrk_start
 .bss.__malloc_free_list
                0x200004ec        0x4 c:/program files (x86)/cypress/psoc creator/4.3/psoc creator/import/gnu/arm/5.4.1/bin/../lib/gcc/arm-none-eabi/5.4.1/../../../../arm-none-eabi/lib/armv7-m\libg_nano.a(lib_a-nano-mallocr.o)
                0x200004ec                __malloc_free_list
 *(COMMON)
 COMMON         0x200004f0       0x50 .\CortexM3\ARM_GCC_541\Debug\queue.o
                0x200004f0                xQueueRegistry
 COMMON         0x20000540       0x20 .\CortexM3\ARM_GCC_541\Debug\main.o
                0x20000540                vaccineHandler
                0x20000544                quarantineHandler
                0x20000548                s1
                0x2000054c                medicineHandler
                0x20000550                s2
                0x20000554                screenUpdateHandler
                0x20000558                q
                0x2000055c                gameHandler
 COMMON         0x20000560        0xc .\CortexM3\ARM_GCC_541\Debug\pandemic.o
                0x20000560                clue
                0x20000561                missionCpy
                0x20000564                quarantineMutex
                0x20000568                contaminationHandler
 COMMON         0x2000056c        0x4 c:/program files (x86)/cypress/psoc creator/4.3/psoc creator/import/gnu/arm/5.4.1/bin/../lib/gcc/arm-none-eabi/5.4.1/../../../../arm-none-eabi/lib/armv7-m\libg_nano.a(lib_a-reent.o)
                0x2000056c                errno
                0x20000570                . = ALIGN (0x8)
 *(.ram.b)
                0x20000570                _end = .
                0x20000570                __end = .
                0x20000570                PROVIDE (end, .)
                0x20000570                PROVIDE (__bss_end__, .)
                0x000026d8                __cy_region_init_ram = LOADADDR (.data)
                0x00000090                __cy_region_init_size_ram = (_edata - ADDR (.data))
                0x00008418                __cy_region_zero_size_ram = (_end - _edata)

.heap           0x20000570       0x80 load address 0x00002768
                0x20000570                . = _end
                0x200005f0                . = (. + 0x80)
 *fill*         0x20000570       0x80 
                0x200005f0                __cy_heap_limit = .

.stack          0x20007800      0x800
                0x20007800                __cy_stack_limit = .
                0x20008000                . = (. + 0x800)
 *fill*         0x20007800      0x800 
                0x00000001                ASSERT ((__cy_stack_limit >= __cy_heap_limit), region RAM overflowed with stack)
                0x00000000                cy_checksum_exclude_size = (CY_APPL_LOADABLE == 0x1)?SIZEOF (.cy_checksum_exclude):0x0
                0x00000001                ASSERT ((cy_checksum_exclude_size <= CY_CHECKSUM_EXCLUDE_SIZE), CY_BOOT: Section .cy_checksum_exclude size exceedes specified limit.)

.cyloadermeta
 *(.cyloadermeta)

.cyloadablemeta
 *(.cyloadablemeta)

.cyconfigecc    0x80000000       0x34
 *(.cyconfigecc)
 .cyconfigecc   0x80000000       0x34 .\CortexM3\ARM_GCC_541\Debug\cymetadata.o
                0x80000000                cy_meta_configecc

.cycustnvl      0x90000000        0x4
 *(.cycustnvl)
 .cycustnvl     0x90000000        0x4 .\CortexM3\ARM_GCC_541\Debug\cymetadata.o
                0x90000000                cy_meta_custnvl

.cywolatch      0x90100000        0x4
 *(.cywolatch)
 .cywolatch     0x90100000        0x4 .\CortexM3\ARM_GCC_541\Debug\cymetadata.o
                0x90100000                cy_meta_wonvl

.cyeeprom       0x90200000        0x0
 *(.cyeeprom)
                0x00000001                ASSERT ((. <= ((0x90200000 + ee_offset) + ee_size)), .cyeeprom data will not fit in EEPROM)

.cyflashprotect
                0x90400000      0x100
 *(.cyflashprotect)
 .cyflashprotect
                0x90400000      0x100 .\CortexM3\ARM_GCC_541\Debug\cymetadata.o
                0x90400000                cy_meta_flashprotect

.cymeta         0x90500000        0xc
 *(.cymeta)
 .cymeta        0x90500000        0xc .\CortexM3\ARM_GCC_541\Debug\cymetadata.o
                0x90500000                cy_metadata

.rel.dyn        0x00002768        0x0 load address 0x9050000c
 .rel.iplt      0x00002768        0x0 c:/program files (x86)/cypress/psoc creator/4.3/psoc creator/import/gnu/arm/5.4.1/bin/../lib/gcc/arm-none-eabi/5.4.1/armv7-m/crtbegin.o

.stab
 *(.stab)

.stabstr
 *(.stabstr)

.debug
 *(.debug)

.line
 *(.line)

.debug_srcinfo
 *(.debug_srcinfo)

.debug_sfnames
 *(.debug_sfnames)

.debug_aranges  0x00000000     0x1140
 *(.debug_aranges)
 .debug_aranges
                0x00000000       0x18 .\CortexM3\ARM_GCC_541\Debug\croutine.o
 .debug_aranges
                0x00000018       0x68 .\CortexM3\ARM_GCC_541\Debug\event_groups.o
 .debug_aranges
                0x00000080       0x40 .\CortexM3\ARM_GCC_541\Debug\list.o
 .debug_aranges
                0x000000c0      0x260 .\CortexM3\ARM_GCC_541\Debug\mpu_wrappers.o
 .debug_aranges
                0x00000320       0x70 .\CortexM3\ARM_GCC_541\Debug\port.o
 .debug_aranges
                0x00000390      0x118 .\CortexM3\ARM_GCC_541\Debug\queue.o
 .debug_aranges
                0x000004a8       0xc0 .\CortexM3\ARM_GCC_541\Debug\stream_buffer.o
 .debug_aranges
                0x00000568      0x1c8 .\CortexM3\ARM_GCC_541\Debug\tasks.o
 .debug_aranges
                0x00000730       0xb8 .\CortexM3\ARM_GCC_541\Debug\timers.o
 .debug_aranges
                0x000007e8       0x40 .\CortexM3\ARM_GCC_541\Debug\heap_2.o
 .debug_aranges
                0x00000828       0x68 .\CortexM3\ARM_GCC_541\Debug\main.o
 .debug_aranges
                0x00000890       0x70 .\CortexM3\ARM_GCC_541\Debug\pandemic.o
 .debug_aranges
                0x00000900       0x50 .\CortexM3\ARM_GCC_541\Debug\cyfitter_cfg.o
 .debug_aranges
                0x00000950       0x18 .\CortexM3\ARM_GCC_541\Debug\cymetadata.o
 .debug_aranges
                0x00000968       0x48 .\CortexM3\ARM_GCC_541\Debug\Cm3Start.o
 .debug_aranges
                0x000009b0       0x38 .\CortexM3\ARM_GCC_541\Debug\pandemic.a(LED1.o)
 .debug_aranges
                0x000009e8       0x38 .\CortexM3\ARM_GCC_541\Debug\pandemic.a(LED2.o)
 .debug_aranges
                0x00000a20       0x38 .\CortexM3\ARM_GCC_541\Debug\pandemic.a(LED3.o)
 .debug_aranges
                0x00000a58       0x38 .\CortexM3\ARM_GCC_541\Debug\pandemic.a(LED4.o)
 .debug_aranges
                0x00000a90       0x30 .\CortexM3\ARM_GCC_541\Debug\pandemic.a(KB_keyboard.o)
 .debug_aranges
                0x00000ac0       0x98 .\CortexM3\ARM_GCC_541\Debug\pandemic.a(LCD.o)
 .debug_aranges
                0x00000b58       0x38 .\CortexM3\ARM_GCC_541\Debug\pandemic.a(KB_KeyboardCol1.o)
 .debug_aranges
                0x00000b90       0x38 .\CortexM3\ARM_GCC_541\Debug\pandemic.a(KB_KeyboardCol3.o)
 .debug_aranges
                0x00000bc8       0x38 .\CortexM3\ARM_GCC_541\Debug\pandemic.a(KB_KeyboardCol2.o)
 .debug_aranges
                0x00000c00       0x38 .\CortexM3\ARM_GCC_541\Debug\pandemic.a(KB_KeyboardRow0.o)
 .debug_aranges
                0x00000c38       0x38 .\CortexM3\ARM_GCC_541\Debug\pandemic.a(KB_KeyboardRow1.o)
 .debug_aranges
                0x00000c70       0x38 .\CortexM3\ARM_GCC_541\Debug\pandemic.a(KB_KeyboardRow2.o)
 .debug_aranges
                0x00000ca8       0x38 .\CortexM3\ARM_GCC_541\Debug\pandemic.a(KB_KeyboardRow3.o)
 .debug_aranges
                0x00000ce0      0x2a0 .\CortexM3\ARM_GCC_541\Debug\pandemic.a(CyLib.o)
 .debug_aranges
                0x00000f80       0x98 .\CortexM3\ARM_GCC_541\Debug\pandemic.a(cyPm.o)
 .debug_aranges
                0x00001018       0x20 .\CortexM3\ARM_GCC_541\Debug\pandemic.a(CyBootAsmGnu.o)
 .debug_aranges
                0x00001038       0x88 .\CortexM3\ARM_GCC_541\Debug\pandemic.a(CyFlash.o)
 .debug_aranges
                0x000010c0       0x80 .\CortexM3\ARM_GCC_541\Debug\pandemic.a(CySpc.o)

.debug_pubnames
 *(.debug_pubnames)

.debug_info     0x00000000     0xf8a8
 *(.debug_info .gnu.linkonce.wi.*)
 .debug_info    0x00000000       0x79 .\CortexM3\ARM_GCC_541\Debug\croutine.o
 .debug_info    0x00000079      0x8f1 .\CortexM3\ARM_GCC_541\Debug\event_groups.o
 .debug_info    0x0000096a      0x2ac .\CortexM3\ARM_GCC_541\Debug\list.o
 .debug_info    0x00000c16     0x3182 .\CortexM3\ARM_GCC_541\Debug\mpu_wrappers.o
 .debug_info    0x00003d98      0x32e .\CortexM3\ARM_GCC_541\Debug\port.o
 .debug_info    0x000040c6     0x19c8 .\CortexM3\ARM_GCC_541\Debug\queue.o
 .debug_info    0x00005a8e     0x123f .\CortexM3\ARM_GCC_541\Debug\stream_buffer.o
 .debug_info    0x00006ccd     0x206f .\CortexM3\ARM_GCC_541\Debug\tasks.o
 .debug_info    0x00008d3c      0xe72 .\CortexM3\ARM_GCC_541\Debug\timers.o
 .debug_info    0x00009bae      0x32e .\CortexM3\ARM_GCC_541\Debug\heap_2.o
 .debug_info    0x00009edc      0x8fb .\CortexM3\ARM_GCC_541\Debug\main.o
 .debug_info    0x0000a7d7      0x6a2 .\CortexM3\ARM_GCC_541\Debug\pandemic.o
 .debug_info    0x0000ae79      0x465 .\CortexM3\ARM_GCC_541\Debug\cyfitter_cfg.o
 .debug_info    0x0000b2de      0x134 .\CortexM3\ARM_GCC_541\Debug\cymetadata.o
 .debug_info    0x0000b412      0x3bb .\CortexM3\ARM_GCC_541\Debug\Cm3Start.o
 .debug_info    0x0000b7cd      0x11f .\CortexM3\ARM_GCC_541\Debug\pandemic.a(LED1.o)
 .debug_info    0x0000b8ec      0x11f .\CortexM3\ARM_GCC_541\Debug\pandemic.a(LED2.o)
 .debug_info    0x0000ba0b      0x11f .\CortexM3\ARM_GCC_541\Debug\pandemic.a(LED3.o)
 .debug_info    0x0000bb2a      0x11f .\CortexM3\ARM_GCC_541\Debug\pandemic.a(LED4.o)
 .debug_info    0x0000bc49      0x36a .\CortexM3\ARM_GCC_541\Debug\pandemic.a(KB_keyboard.o)
 .debug_info    0x0000bfb3      0x715 .\CortexM3\ARM_GCC_541\Debug\pandemic.a(LCD.o)
 .debug_info    0x0000c6c8      0x11f .\CortexM3\ARM_GCC_541\Debug\pandemic.a(KB_KeyboardCol1.o)
 .debug_info    0x0000c7e7      0x11f .\CortexM3\ARM_GCC_541\Debug\pandemic.a(KB_KeyboardCol3.o)
 .debug_info    0x0000c906      0x11f .\CortexM3\ARM_GCC_541\Debug\pandemic.a(KB_KeyboardCol2.o)
 .debug_info    0x0000ca25      0x11f .\CortexM3\ARM_GCC_541\Debug\pandemic.a(KB_KeyboardRow0.o)
 .debug_info    0x0000cb44      0x11f .\CortexM3\ARM_GCC_541\Debug\pandemic.a(KB_KeyboardRow1.o)
 .debug_info    0x0000cc63      0x11f .\CortexM3\ARM_GCC_541\Debug\pandemic.a(KB_KeyboardRow2.o)
 .debug_info    0x0000cd82      0x11f .\CortexM3\ARM_GCC_541\Debug\pandemic.a(KB_KeyboardRow3.o)
 .debug_info    0x0000cea1     0x1374 .\CortexM3\ARM_GCC_541\Debug\pandemic.a(CyLib.o)
 .debug_info    0x0000e215      0xa2a .\CortexM3\ARM_GCC_541\Debug\pandemic.a(cyPm.o)
 .debug_info    0x0000ec3f       0xcc .\CortexM3\ARM_GCC_541\Debug\pandemic.a(CyBootAsmGnu.o)
 .debug_info    0x0000ed0b      0x64d .\CortexM3\ARM_GCC_541\Debug\pandemic.a(CyFlash.o)
 .debug_info    0x0000f358      0x550 .\CortexM3\ARM_GCC_541\Debug\pandemic.a(CySpc.o)

.debug_abbrev   0x00000000     0x29db
 *(.debug_abbrev)
 .debug_abbrev  0x00000000       0x26 .\CortexM3\ARM_GCC_541\Debug\croutine.o
 .debug_abbrev  0x00000026      0x215 .\CortexM3\ARM_GCC_541\Debug\event_groups.o
 .debug_abbrev  0x0000023b       0xe3 .\CortexM3\ARM_GCC_541\Debug\list.o
 .debug_abbrev  0x0000031e      0x201 .\CortexM3\ARM_GCC_541\Debug\mpu_wrappers.o
 .debug_abbrev  0x0000051f      0x1ca .\CortexM3\ARM_GCC_541\Debug\port.o
 .debug_abbrev  0x000006e9      0x2b7 .\CortexM3\ARM_GCC_541\Debug\queue.o
 .debug_abbrev  0x000009a0      0x264 .\CortexM3\ARM_GCC_541\Debug\stream_buffer.o
 .debug_abbrev  0x00000c04      0x2f1 .\CortexM3\ARM_GCC_541\Debug\tasks.o
 .debug_abbrev  0x00000ef5      0x23a .\CortexM3\ARM_GCC_541\Debug\timers.o
 .debug_abbrev  0x0000112f      0x17f .\CortexM3\ARM_GCC_541\Debug\heap_2.o
 .debug_abbrev  0x000012ae      0x1d8 .\CortexM3\ARM_GCC_541\Debug\main.o
 .debug_abbrev  0x00001486      0x1ca .\CortexM3\ARM_GCC_541\Debug\pandemic.o
 .debug_abbrev  0x00001650      0x1ac .\CortexM3\ARM_GCC_541\Debug\cyfitter_cfg.o
 .debug_abbrev  0x000017fc       0x5d .\CortexM3\ARM_GCC_541\Debug\cymetadata.o
 .debug_abbrev  0x00001859      0x1e8 .\CortexM3\ARM_GCC_541\Debug\Cm3Start.o
 .debug_abbrev  0x00001a41       0x90 .\CortexM3\ARM_GCC_541\Debug\pandemic.a(LED1.o)
 .debug_abbrev  0x00001ad1       0x90 .\CortexM3\ARM_GCC_541\Debug\pandemic.a(LED2.o)
 .debug_abbrev  0x00001b61       0x90 .\CortexM3\ARM_GCC_541\Debug\pandemic.a(LED3.o)
 .debug_abbrev  0x00001bf1       0x90 .\CortexM3\ARM_GCC_541\Debug\pandemic.a(LED4.o)
 .debug_abbrev  0x00001c81       0xc5 .\CortexM3\ARM_GCC_541\Debug\pandemic.a(KB_keyboard.o)
 .debug_abbrev  0x00001d46      0x157 .\CortexM3\ARM_GCC_541\Debug\pandemic.a(LCD.o)
 .debug_abbrev  0x00001e9d       0x90 .\CortexM3\ARM_GCC_541\Debug\pandemic.a(KB_KeyboardCol1.o)
 .debug_abbrev  0x00001f2d       0x90 .\CortexM3\ARM_GCC_541\Debug\pandemic.a(KB_KeyboardCol3.o)
 .debug_abbrev  0x00001fbd       0x90 .\CortexM3\ARM_GCC_541\Debug\pandemic.a(KB_KeyboardCol2.o)
 .debug_abbrev  0x0000204d       0x90 .\CortexM3\ARM_GCC_541\Debug\pandemic.a(KB_KeyboardRow0.o)
 .debug_abbrev  0x000020dd       0x90 .\CortexM3\ARM_GCC_541\Debug\pandemic.a(KB_KeyboardRow1.o)
 .debug_abbrev  0x0000216d       0x90 .\CortexM3\ARM_GCC_541\Debug\pandemic.a(KB_KeyboardRow2.o)
 .debug_abbrev  0x000021fd       0x90 .\CortexM3\ARM_GCC_541\Debug\pandemic.a(KB_KeyboardRow3.o)
 .debug_abbrev  0x0000228d      0x254 .\CortexM3\ARM_GCC_541\Debug\pandemic.a(CyLib.o)
 .debug_abbrev  0x000024e1      0x1ab .\CortexM3\ARM_GCC_541\Debug\pandemic.a(cyPm.o)
 .debug_abbrev  0x0000268c       0x14 .\CortexM3\ARM_GCC_541\Debug\pandemic.a(CyBootAsmGnu.o)
 .debug_abbrev  0x000026a0      0x1a7 .\CortexM3\ARM_GCC_541\Debug\pandemic.a(CyFlash.o)
 .debug_abbrev  0x00002847      0x194 .\CortexM3\ARM_GCC_541\Debug\pandemic.a(CySpc.o)

.debug_line     0x00000000     0x52d8
 *(.debug_line)
 .debug_line    0x00000000       0x1d .\CortexM3\ARM_GCC_541\Debug\croutine.o
 .debug_line    0x0000001d      0x2f5 .\CortexM3\ARM_GCC_541\Debug\event_groups.o
 .debug_line    0x00000312      0x1d9 .\CortexM3\ARM_GCC_541\Debug\list.o
 .debug_line    0x000004eb      0x7e1 .\CortexM3\ARM_GCC_541\Debug\mpu_wrappers.o
 .debug_line    0x00000ccc      0x274 .\CortexM3\ARM_GCC_541\Debug\port.o
 .debug_line    0x00000f40      0x6e0 .\CortexM3\ARM_GCC_541\Debug\queue.o
 .debug_line    0x00001620      0x4e5 .\CortexM3\ARM_GCC_541\Debug\stream_buffer.o
 .debug_line    0x00001b05      0xa9f .\CortexM3\ARM_GCC_541\Debug\tasks.o
 .debug_line    0x000025a4      0x3b8 .\CortexM3\ARM_GCC_541\Debug\timers.o
 .debug_line    0x0000295c      0x28a .\CortexM3\ARM_GCC_541\Debug\heap_2.o
 .debug_line    0x00002be6      0x33b .\CortexM3\ARM_GCC_541\Debug\main.o
 .debug_line    0x00002f21      0x397 .\CortexM3\ARM_GCC_541\Debug\pandemic.o
 .debug_line    0x000032b8      0x1aa .\CortexM3\ARM_GCC_541\Debug\cyfitter_cfg.o
 .debug_line    0x00003462      0x141 .\CortexM3\ARM_GCC_541\Debug\cymetadata.o
 .debug_line    0x000035a3      0x234 .\CortexM3\ARM_GCC_541\Debug\Cm3Start.o
 .debug_line    0x000037d7       0x91 .\CortexM3\ARM_GCC_541\Debug\pandemic.a(LED1.o)
 .debug_line    0x00003868       0x91 .\CortexM3\ARM_GCC_541\Debug\pandemic.a(LED2.o)
 .debug_line    0x000038f9       0x91 .\CortexM3\ARM_GCC_541\Debug\pandemic.a(LED3.o)
 .debug_line    0x0000398a       0x91 .\CortexM3\ARM_GCC_541\Debug\pandemic.a(LED4.o)
 .debug_line    0x00003a1b      0x240 .\CortexM3\ARM_GCC_541\Debug\pandemic.a(KB_keyboard.o)
 .debug_line    0x00003c5b      0x1dc .\CortexM3\ARM_GCC_541\Debug\pandemic.a(LCD.o)
 .debug_line    0x00003e37       0x9c .\CortexM3\ARM_GCC_541\Debug\pandemic.a(KB_KeyboardCol1.o)
 .debug_line    0x00003ed3       0x9c .\CortexM3\ARM_GCC_541\Debug\pandemic.a(KB_KeyboardCol3.o)
 .debug_line    0x00003f6f       0x9c .\CortexM3\ARM_GCC_541\Debug\pandemic.a(KB_KeyboardCol2.o)
 .debug_line    0x0000400b       0x9c .\CortexM3\ARM_GCC_541\Debug\pandemic.a(KB_KeyboardRow0.o)
 .debug_line    0x000040a7       0x9c .\CortexM3\ARM_GCC_541\Debug\pandemic.a(KB_KeyboardRow1.o)
 .debug_line    0x00004143       0x9c .\CortexM3\ARM_GCC_541\Debug\pandemic.a(KB_KeyboardRow2.o)
 .debug_line    0x000041df       0x9c .\CortexM3\ARM_GCC_541\Debug\pandemic.a(KB_KeyboardRow3.o)
 .debug_line    0x0000427b      0x816 .\CortexM3\ARM_GCC_541\Debug\pandemic.a(CyLib.o)
 .debug_line    0x00004a91      0x367 .\CortexM3\ARM_GCC_541\Debug\pandemic.a(cyPm.o)
 .debug_line    0x00004df8       0x66 .\CortexM3\ARM_GCC_541\Debug\pandemic.a(CyBootAsmGnu.o)
 .debug_line    0x00004e5e      0x21a .\CortexM3\ARM_GCC_541\Debug\pandemic.a(CyFlash.o)
 .debug_line    0x00005078      0x260 .\CortexM3\ARM_GCC_541\Debug\pandemic.a(CySpc.o)

.debug_frame    0x00000000     0x343c
 *(.debug_frame)
 .debug_frame   0x00000000      0x13c .\CortexM3\ARM_GCC_541\Debug\event_groups.o
 .debug_frame   0x0000013c       0x70 .\CortexM3\ARM_GCC_541\Debug\list.o
 .debug_frame   0x000001ac      0x9b8 .\CortexM3\ARM_GCC_541\Debug\mpu_wrappers.o
 .debug_frame   0x00000b64       0xe0 .\CortexM3\ARM_GCC_541\Debug\port.o
 .debug_frame   0x00000c44      0x3c0 .\CortexM3\ARM_GCC_541\Debug\queue.o
 .debug_frame   0x00001004      0x2f0 .\CortexM3\ARM_GCC_541\Debug\stream_buffer.o
 .debug_frame   0x000012f4      0x664 .\CortexM3\ARM_GCC_541\Debug\tasks.o
 .debug_frame   0x00001958      0x260 .\CortexM3\ARM_GCC_541\Debug\timers.o
 .debug_frame   0x00001bb8       0x8c .\CortexM3\ARM_GCC_541\Debug\heap_2.o
 .debug_frame   0x00001c44      0x130 .\CortexM3\ARM_GCC_541\Debug\main.o
 .debug_frame   0x00001d74      0x118 .\CortexM3\ARM_GCC_541\Debug\pandemic.o
 .debug_frame   0x00001e8c       0xb8 .\CortexM3\ARM_GCC_541\Debug\cyfitter_cfg.o
 .debug_frame   0x00001f44       0xb8 .\CortexM3\ARM_GCC_541\Debug\Cm3Start.o
 .debug_frame   0x00001ffc       0x50 .\CortexM3\ARM_GCC_541\Debug\pandemic.a(LED1.o)
 .debug_frame   0x0000204c       0x50 .\CortexM3\ARM_GCC_541\Debug\pandemic.a(LED2.o)
 .debug_frame   0x0000209c       0x50 .\CortexM3\ARM_GCC_541\Debug\pandemic.a(LED3.o)
 .debug_frame   0x000020ec       0x50 .\CortexM3\ARM_GCC_541\Debug\pandemic.a(LED4.o)
 .debug_frame   0x0000213c       0x58 .\CortexM3\ARM_GCC_541\Debug\pandemic.a(KB_keyboard.o)
 .debug_frame   0x00002194      0x1e8 .\CortexM3\ARM_GCC_541\Debug\pandemic.a(LCD.o)
 .debug_frame   0x0000237c       0x50 .\CortexM3\ARM_GCC_541\Debug\pandemic.a(KB_KeyboardCol1.o)
 .debug_frame   0x000023cc       0x50 .\CortexM3\ARM_GCC_541\Debug\pandemic.a(KB_KeyboardCol3.o)
 .debug_frame   0x0000241c       0x50 .\CortexM3\ARM_GCC_541\Debug\pandemic.a(KB_KeyboardCol2.o)
 .debug_frame   0x0000246c       0x50 .\CortexM3\ARM_GCC_541\Debug\pandemic.a(KB_KeyboardRow0.o)
 .debug_frame   0x000024bc       0x50 .\CortexM3\ARM_GCC_541\Debug\pandemic.a(KB_KeyboardRow1.o)
 .debug_frame   0x0000250c       0x50 .\CortexM3\ARM_GCC_541\Debug\pandemic.a(KB_KeyboardRow2.o)
 .debug_frame   0x0000255c       0x50 .\CortexM3\ARM_GCC_541\Debug\pandemic.a(KB_KeyboardRow3.o)
 .debug_frame   0x000025ac      0x738 .\CortexM3\ARM_GCC_541\Debug\pandemic.a(CyLib.o)
 .debug_frame   0x00002ce4      0x1f8 .\CortexM3\ARM_GCC_541\Debug\pandemic.a(cyPm.o)
 .debug_frame   0x00002edc      0x194 .\CortexM3\ARM_GCC_541\Debug\pandemic.a(CyFlash.o)
 .debug_frame   0x00003070      0x180 .\CortexM3\ARM_GCC_541\Debug\pandemic.a(CySpc.o)
 .debug_frame   0x000031f0       0x20 c:/program files (x86)/cypress/psoc creator/4.3/psoc creator/import/gnu/arm/5.4.1/bin/../lib/gcc/arm-none-eabi/5.4.1/../../../../arm-none-eabi/lib/armv7-m\libg_nano.a(lib_a-errno.o)
 .debug_frame   0x00003210       0x28 c:/program files (x86)/cypress/psoc creator/4.3/psoc creator/import/gnu/arm/5.4.1/bin/../lib/gcc/arm-none-eabi/5.4.1/../../../../arm-none-eabi/lib/armv7-m\libg_nano.a(lib_a-exit.o)
 .debug_frame   0x00003238       0x2c c:/program files (x86)/cypress/psoc creator/4.3/psoc creator/import/gnu/arm/5.4.1/bin/../lib/gcc/arm-none-eabi/5.4.1/../../../../arm-none-eabi/lib/armv7-m\libg_nano.a(lib_a-init.o)
 .debug_frame   0x00003264       0x28 c:/program files (x86)/cypress/psoc creator/4.3/psoc creator/import/gnu/arm/5.4.1/bin/../lib/gcc/arm-none-eabi/5.4.1/../../../../arm-none-eabi/lib/armv7-m\libg_nano.a(lib_a-memcpy-stub.o)
 .debug_frame   0x0000328c       0x20 c:/program files (x86)/cypress/psoc creator/4.3/psoc creator/import/gnu/arm/5.4.1/bin/../lib/gcc/arm-none-eabi/5.4.1/../../../../arm-none-eabi/lib/armv7-m\libg_nano.a(lib_a-memset.o)
 .debug_frame   0x000032ac       0x44 c:/program files (x86)/cypress/psoc creator/4.3/psoc creator/import/gnu/arm/5.4.1/bin/../lib/gcc/arm-none-eabi/5.4.1/../../../../arm-none-eabi/lib/armv7-m\libg_nano.a(lib_a-rand.o)
 .debug_frame   0x000032f0       0x30 c:/program files (x86)/cypress/psoc creator/4.3/psoc creator/import/gnu/arm/5.4.1/bin/../lib/gcc/arm-none-eabi/5.4.1/../../../../arm-none-eabi/lib/armv7-m\libg_nano.a(lib_a-malloc.o)
 .debug_frame   0x00003320       0x38 c:/program files (x86)/cypress/psoc creator/4.3/psoc creator/import/gnu/arm/5.4.1/bin/../lib/gcc/arm-none-eabi/5.4.1/../../../../arm-none-eabi/lib/armv7-m\libg_nano.a(lib_a-nano-freer.o)
 .debug_frame   0x00003358       0x2c c:/program files (x86)/cypress/psoc creator/4.3/psoc creator/import/gnu/arm/5.4.1/bin/../lib/gcc/arm-none-eabi/5.4.1/../../../../arm-none-eabi/lib/armv7-m\libg_nano.a(lib_a-nano-mallocr.o)
 .debug_frame   0x00003384       0x2c c:/program files (x86)/cypress/psoc creator/4.3/psoc creator/import/gnu/arm/5.4.1/bin/../lib/gcc/arm-none-eabi/5.4.1/../../../../arm-none-eabi/lib/armv7-m\libg_nano.a(lib_a-sbrkr.o)
 .debug_frame   0x000033b0       0x30 c:/program files (x86)/cypress/psoc creator/4.3/psoc creator/import/gnu/arm/5.4.1/bin/../lib/gcc/arm-none-eabi/5.4.1/../../../../arm-none-eabi/lib/armv7-m\libg_nano.a(lib_a-mlock.o)
 .debug_frame   0x000033e0       0x5c c:/program files (x86)/cypress/psoc creator/4.3/psoc creator/import/gnu/arm/5.4.1/bin/../lib/gcc/arm-none-eabi/5.4.1/../../../../arm-none-eabi/lib/armv7-m\libg_nano.a(lib_a-reent.o)

.debug_str      0x00000000     0x3f06
 *(.debug_str)
 .debug_str     0x00000000      0x186 .\CortexM3\ARM_GCC_541\Debug\croutine.o
                                0x1bf (size before relaxing)
 .debug_str     0x00000186      0x3a9 .\CortexM3\ARM_GCC_541\Debug\event_groups.o
                                0x640 (size before relaxing)
 .debug_str     0x0000052f       0x91 .\CortexM3\ARM_GCC_541\Debug\list.o
                                0x30e (size before relaxing)
 .debug_str     0x000005c0      0xc48 .\CortexM3\ARM_GCC_541\Debug\mpu_wrappers.o
                               0x14ac (size before relaxing)
 .debug_str     0x00001208      0x12d .\CortexM3\ARM_GCC_541\Debug\port.o
                                0x383 (size before relaxing)
 .debug_str     0x00001335      0x4bf .\CortexM3\ARM_GCC_541\Debug\queue.o
                                0xad3 (size before relaxing)
 .debug_str     0x000017f4      0x254 .\CortexM3\ARM_GCC_541\Debug\stream_buffer.o
                                0x874 (size before relaxing)
 .debug_str     0x00001a48      0x5b8 .\CortexM3\ARM_GCC_541\Debug\tasks.o
                                0xfed (size before relaxing)
 .debug_str     0x00002000      0x2b3 .\CortexM3\ARM_GCC_541\Debug\timers.o
                                0x89e (size before relaxing)
 .debug_str     0x000022b3       0xff .\CortexM3\ARM_GCC_541\Debug\heap_2.o
                                0x367 (size before relaxing)
 .debug_str     0x000023b2      0x298 .\CortexM3\ARM_GCC_541\Debug\main.o
                                0x516 (size before relaxing)
 .debug_str     0x0000264a      0x17b .\CortexM3\ARM_GCC_541\Debug\pandemic.o
                                0x515 (size before relaxing)
 .debug_str     0x000027c5      0x107 .\CortexM3\ARM_GCC_541\Debug\cyfitter_cfg.o
                                0x2f4 (size before relaxing)
 .debug_str     0x000028cc       0x75 .\CortexM3\ARM_GCC_541\Debug\cymetadata.o
                                0x21d (size before relaxing)
 .debug_str     0x00002941      0x130 .\CortexM3\ARM_GCC_541\Debug\Cm3Start.o
                                0x346 (size before relaxing)
 .debug_str     0x00002a71       0x61 .\CortexM3\ARM_GCC_541\Debug\pandemic.a(LED1.o)
                                0x219 (size before relaxing)
 .debug_str     0x00002ad2       0x4b .\CortexM3\ARM_GCC_541\Debug\pandemic.a(LED2.o)
                                0x219 (size before relaxing)
 .debug_str     0x00002b1d       0x4b .\CortexM3\ARM_GCC_541\Debug\pandemic.a(LED3.o)
                                0x219 (size before relaxing)
 .debug_str     0x00002b68       0x4b .\CortexM3\ARM_GCC_541\Debug\pandemic.a(LED4.o)
                                0x219 (size before relaxing)
 .debug_str     0x00002bb3       0xcb .\CortexM3\ARM_GCC_541\Debug\pandemic.a(KB_keyboard.o)
                                0x2a5 (size before relaxing)
 .debug_str     0x00002c7e      0x147 .\CortexM3\ARM_GCC_541\Debug\pandemic.a(LCD.o)
                                0x367 (size before relaxing)
 .debug_str     0x00002dc5       0x77 .\CortexM3\ARM_GCC_541\Debug\pandemic.a(KB_KeyboardCol1.o)
                                0x250 (size before relaxing)
 .debug_str     0x00002e3c       0x77 .\CortexM3\ARM_GCC_541\Debug\pandemic.a(KB_KeyboardCol3.o)
                                0x250 (size before relaxing)
 .debug_str     0x00002eb3       0x77 .\CortexM3\ARM_GCC_541\Debug\pandemic.a(KB_KeyboardCol2.o)
                                0x250 (size before relaxing)
 .debug_str     0x00002f2a       0x78 .\CortexM3\ARM_GCC_541\Debug\pandemic.a(KB_KeyboardRow0.o)
                                0x250 (size before relaxing)
 .debug_str     0x00002fa2       0x78 .\CortexM3\ARM_GCC_541\Debug\pandemic.a(KB_KeyboardRow1.o)
                                0x250 (size before relaxing)
 .debug_str     0x0000301a       0x78 .\CortexM3\ARM_GCC_541\Debug\pandemic.a(KB_KeyboardRow2.o)
                                0x250 (size before relaxing)
 .debug_str     0x00003092       0x78 .\CortexM3\ARM_GCC_541\Debug\pandemic.a(KB_KeyboardRow3.o)
                                0x250 (size before relaxing)
 .debug_str     0x0000310a      0x829 .\CortexM3\ARM_GCC_541\Debug\pandemic.a(CyLib.o)
                                0xa83 (size before relaxing)
 .debug_str     0x00003933      0x365 .\CortexM3\ARM_GCC_541\Debug\pandemic.a(cyPm.o)
                                0x76f (size before relaxing)
 .debug_str     0x00003c98      0x1bb .\CortexM3\ARM_GCC_541\Debug\pandemic.a(CyFlash.o)
                                0x3fc (size before relaxing)
 .debug_str     0x00003e53       0xb3 .\CortexM3\ARM_GCC_541\Debug\pandemic.a(CySpc.o)
                                0x374 (size before relaxing)

.debug_loc      0x00000000     0x92e9
 *(.debug_loc)
 .debug_loc     0x00000000      0x6e0 .\CortexM3\ARM_GCC_541\Debug\event_groups.o
 .debug_loc     0x000006e0       0x65 .\CortexM3\ARM_GCC_541\Debug\list.o
 .debug_loc     0x00000745     0x2060 .\CortexM3\ARM_GCC_541\Debug\mpu_wrappers.o
 .debug_loc     0x000027a5       0xa8 .\CortexM3\ARM_GCC_541\Debug\port.o
 .debug_loc     0x0000284d     0x146c .\CortexM3\ARM_GCC_541\Debug\queue.o
 .debug_loc     0x00003cb9     0x10b5 .\CortexM3\ARM_GCC_541\Debug\stream_buffer.o
 .debug_loc     0x00004d6e     0x16c9 .\CortexM3\ARM_GCC_541\Debug\tasks.o
 .debug_loc     0x00006437      0x9d7 .\CortexM3\ARM_GCC_541\Debug\timers.o
 .debug_loc     0x00006e0e      0x1cc .\CortexM3\ARM_GCC_541\Debug\heap_2.o
 .debug_loc     0x00006fda      0x1d1 .\CortexM3\ARM_GCC_541\Debug\main.o
 .debug_loc     0x000071ab      0x14a .\CortexM3\ARM_GCC_541\Debug\pandemic.o
 .debug_loc     0x000072f5      0x168 .\CortexM3\ARM_GCC_541\Debug\cyfitter_cfg.o
 .debug_loc     0x0000745d      0x144 .\CortexM3\ARM_GCC_541\Debug\Cm3Start.o
 .debug_loc     0x000075a1       0x42 .\CortexM3\ARM_GCC_541\Debug\pandemic.a(LED1.o)
 .debug_loc     0x000075e3       0x42 .\CortexM3\ARM_GCC_541\Debug\pandemic.a(LED2.o)
 .debug_loc     0x00007625       0x42 .\CortexM3\ARM_GCC_541\Debug\pandemic.a(LED3.o)
 .debug_loc     0x00007667       0x42 .\CortexM3\ARM_GCC_541\Debug\pandemic.a(LED4.o)
 .debug_loc     0x000076a9      0x3c6 .\CortexM3\ARM_GCC_541\Debug\pandemic.a(LCD.o)
 .debug_loc     0x00007a6f       0x42 .\CortexM3\ARM_GCC_541\Debug\pandemic.a(KB_KeyboardCol1.o)
 .debug_loc     0x00007ab1       0x42 .\CortexM3\ARM_GCC_541\Debug\pandemic.a(KB_KeyboardCol3.o)
 .debug_loc     0x00007af3       0x42 .\CortexM3\ARM_GCC_541\Debug\pandemic.a(KB_KeyboardCol2.o)
 .debug_loc     0x00007b35       0x42 .\CortexM3\ARM_GCC_541\Debug\pandemic.a(KB_KeyboardRow0.o)
 .debug_loc     0x00007b77       0x42 .\CortexM3\ARM_GCC_541\Debug\pandemic.a(KB_KeyboardRow1.o)
 .debug_loc     0x00007bb9       0x42 .\CortexM3\ARM_GCC_541\Debug\pandemic.a(KB_KeyboardRow2.o)
 .debug_loc     0x00007bfb       0x42 .\CortexM3\ARM_GCC_541\Debug\pandemic.a(KB_KeyboardRow3.o)
 .debug_loc     0x00007c3d      0xa11 .\CortexM3\ARM_GCC_541\Debug\pandemic.a(CyLib.o)
 .debug_loc     0x0000864e      0x1e4 .\CortexM3\ARM_GCC_541\Debug\pandemic.a(cyPm.o)
 .debug_loc     0x00008832      0x3b2 .\CortexM3\ARM_GCC_541\Debug\pandemic.a(CyFlash.o)
 .debug_loc     0x00008be4      0x705 .\CortexM3\ARM_GCC_541\Debug\pandemic.a(CySpc.o)

.debug_macinfo
 *(.debug_macinfo)

.debug_ranges   0x00000000      0xfb0
 *(.debug_ranges)
 .debug_ranges  0x00000000       0x70 .\CortexM3\ARM_GCC_541\Debug\event_groups.o
 .debug_ranges  0x00000070       0x30 .\CortexM3\ARM_GCC_541\Debug\list.o
 .debug_ranges  0x000000a0      0x250 .\CortexM3\ARM_GCC_541\Debug\mpu_wrappers.o
 .debug_ranges  0x000002f0       0x60 .\CortexM3\ARM_GCC_541\Debug\port.o
 .debug_ranges  0x00000350      0x150 .\CortexM3\ARM_GCC_541\Debug\queue.o
 .debug_ranges  0x000004a0       0xb0 .\CortexM3\ARM_GCC_541\Debug\stream_buffer.o
 .debug_ranges  0x00000550      0x1f8 .\CortexM3\ARM_GCC_541\Debug\tasks.o
 .debug_ranges  0x00000748       0xa8 .\CortexM3\ARM_GCC_541\Debug\timers.o
 .debug_ranges  0x000007f0       0x30 .\CortexM3\ARM_GCC_541\Debug\heap_2.o
 .debug_ranges  0x00000820       0x58 .\CortexM3\ARM_GCC_541\Debug\main.o
 .debug_ranges  0x00000878       0x60 .\CortexM3\ARM_GCC_541\Debug\pandemic.o
 .debug_ranges  0x000008d8       0x40 .\CortexM3\ARM_GCC_541\Debug\cyfitter_cfg.o
 .debug_ranges  0x00000918       0x38 .\CortexM3\ARM_GCC_541\Debug\Cm3Start.o
 .debug_ranges  0x00000950       0x28 .\CortexM3\ARM_GCC_541\Debug\pandemic.a(LED1.o)
 .debug_ranges  0x00000978       0x28 .\CortexM3\ARM_GCC_541\Debug\pandemic.a(LED2.o)
 .debug_ranges  0x000009a0       0x28 .\CortexM3\ARM_GCC_541\Debug\pandemic.a(LED3.o)
 .debug_ranges  0x000009c8       0x28 .\CortexM3\ARM_GCC_541\Debug\pandemic.a(LED4.o)
 .debug_ranges  0x000009f0       0x20 .\CortexM3\ARM_GCC_541\Debug\pandemic.a(KB_keyboard.o)
 .debug_ranges  0x00000a10       0x88 .\CortexM3\ARM_GCC_541\Debug\pandemic.a(LCD.o)
 .debug_ranges  0x00000a98       0x28 .\CortexM3\ARM_GCC_541\Debug\pandemic.a(KB_KeyboardCol1.o)
 .debug_ranges  0x00000ac0       0x28 .\CortexM3\ARM_GCC_541\Debug\pandemic.a(KB_KeyboardCol3.o)
 .debug_ranges  0x00000ae8       0x28 .\CortexM3\ARM_GCC_541\Debug\pandemic.a(KB_KeyboardCol2.o)
 .debug_ranges  0x00000b10       0x28 .\CortexM3\ARM_GCC_541\Debug\pandemic.a(KB_KeyboardRow0.o)
 .debug_ranges  0x00000b38       0x28 .\CortexM3\ARM_GCC_541\Debug\pandemic.a(KB_KeyboardRow1.o)
 .debug_ranges  0x00000b60       0x28 .\CortexM3\ARM_GCC_541\Debug\pandemic.a(KB_KeyboardRow2.o)
 .debug_ranges  0x00000b88       0x28 .\CortexM3\ARM_GCC_541\Debug\pandemic.a(KB_KeyboardRow3.o)
 .debug_ranges  0x00000bb0      0x290 .\CortexM3\ARM_GCC_541\Debug\pandemic.a(CyLib.o)
 .debug_ranges  0x00000e40       0x88 .\CortexM3\ARM_GCC_541\Debug\pandemic.a(cyPm.o)
 .debug_ranges  0x00000ec8       0x78 .\CortexM3\ARM_GCC_541\Debug\pandemic.a(CyFlash.o)
 .debug_ranges  0x00000f40       0x70 .\CortexM3\ARM_GCC_541\Debug\pandemic.a(CySpc.o)

.comment        0x00000000       0x6e
 .comment       0x00000000       0x6e .\CortexM3\ARM_GCC_541\Debug\croutine.o
                                 0x6f (size before relaxing)
 .comment       0x0000006e       0x6f .\CortexM3\ARM_GCC_541\Debug\event_groups.o
 .comment       0x0000006e       0x6f .\CortexM3\ARM_GCC_541\Debug\list.o
 .comment       0x0000006e       0x6f .\CortexM3\ARM_GCC_541\Debug\mpu_wrappers.o
 .comment       0x0000006e       0x6f .\CortexM3\ARM_GCC_541\Debug\port.o
 .comment       0x0000006e       0x6f .\CortexM3\ARM_GCC_541\Debug\queue.o
 .comment       0x0000006e       0x6f .\CortexM3\ARM_GCC_541\Debug\stream_buffer.o
 .comment       0x0000006e       0x6f .\CortexM3\ARM_GCC_541\Debug\tasks.o
 .comment       0x0000006e       0x6f .\CortexM3\ARM_GCC_541\Debug\timers.o
 .comment       0x0000006e       0x6f .\CortexM3\ARM_GCC_541\Debug\heap_2.o
 .comment       0x0000006e       0x6f .\CortexM3\ARM_GCC_541\Debug\main.o
 .comment       0x0000006e       0x6f .\CortexM3\ARM_GCC_541\Debug\pandemic.o
 .comment       0x0000006e       0x6f .\CortexM3\ARM_GCC_541\Debug\cyfitter_cfg.o
 .comment       0x0000006e       0x6f .\CortexM3\ARM_GCC_541\Debug\cymetadata.o
 .comment       0x0000006e       0x6f .\CortexM3\ARM_GCC_541\Debug\Cm3Start.o
 .comment       0x0000006e       0x6f .\CortexM3\ARM_GCC_541\Debug\pandemic.a(LED1.o)
 .comment       0x0000006e       0x6f .\CortexM3\ARM_GCC_541\Debug\pandemic.a(LED2.o)
 .comment       0x0000006e       0x6f .\CortexM3\ARM_GCC_541\Debug\pandemic.a(LED3.o)
 .comment       0x0000006e       0x6f .\CortexM3\ARM_GCC_541\Debug\pandemic.a(LED4.o)
 .comment       0x0000006e       0x6f .\CortexM3\ARM_GCC_541\Debug\pandemic.a(KB_keyboard.o)
 .comment       0x0000006e       0x6f .\CortexM3\ARM_GCC_541\Debug\pandemic.a(LCD.o)
 .comment       0x0000006e       0x6f .\CortexM3\ARM_GCC_541\Debug\pandemic.a(KB_KeyboardCol1.o)
 .comment       0x0000006e       0x6f .\CortexM3\ARM_GCC_541\Debug\pandemic.a(KB_KeyboardCol3.o)
 .comment       0x0000006e       0x6f .\CortexM3\ARM_GCC_541\Debug\pandemic.a(KB_KeyboardCol2.o)
 .comment       0x0000006e       0x6f .\CortexM3\ARM_GCC_541\Debug\pandemic.a(KB_KeyboardRow0.o)
 .comment       0x0000006e       0x6f .\CortexM3\ARM_GCC_541\Debug\pandemic.a(KB_KeyboardRow1.o)
 .comment       0x0000006e       0x6f .\CortexM3\ARM_GCC_541\Debug\pandemic.a(KB_KeyboardRow2.o)
 .comment       0x0000006e       0x6f .\CortexM3\ARM_GCC_541\Debug\pandemic.a(KB_KeyboardRow3.o)
 .comment       0x0000006e       0x6f .\CortexM3\ARM_GCC_541\Debug\pandemic.a(CyLib.o)
 .comment       0x0000006e       0x6f .\CortexM3\ARM_GCC_541\Debug\pandemic.a(cyPm.o)
 .comment       0x0000006e       0x6f .\CortexM3\ARM_GCC_541\Debug\pandemic.a(CyFlash.o)
 .comment       0x0000006e       0x6f .\CortexM3\ARM_GCC_541\Debug\pandemic.a(CySpc.o)

.debug_weaknames
 *(.debug_weaknames)

.debug_funcnames
 *(.debug_funcnames)

.debug_typenames
 *(.debug_typenames)

.debug_varnames
 *(.debug_varnames)

.note.gnu.arm.ident
 *(.note.gnu.arm.ident)

.ARM.attributes
                0x00000000       0x29
 *(.ARM.attributes)
 .ARM.attributes
                0x00000000       0x1d c:/program files (x86)/cypress/psoc creator/4.3/psoc creator/import/gnu/arm/5.4.1/bin/../lib/gcc/arm-none-eabi/5.4.1/armv7-m/crti.o
 .ARM.attributes
                0x0000001d       0x2d c:/program files (x86)/cypress/psoc creator/4.3/psoc creator/import/gnu/arm/5.4.1/bin/../lib/gcc/arm-none-eabi/5.4.1/armv7-m/crtbegin.o
 .ARM.attributes
                0x0000004a       0x1b c:/program files (x86)/cypress/psoc creator/4.3/psoc creator/import/gnu/arm/5.4.1/bin/../lib/gcc/arm-none-eabi/5.4.1/../../../../arm-none-eabi/lib/armv7-m/crt0.o
 .ARM.attributes
                0x00000065       0x33 .\CortexM3\ARM_GCC_541\Debug\croutine.o
 .ARM.attributes
                0x00000098       0x33 .\CortexM3\ARM_GCC_541\Debug\event_groups.o
 .ARM.attributes
                0x000000cb       0x33 .\CortexM3\ARM_GCC_541\Debug\list.o
 .ARM.attributes
                0x000000fe       0x33 .\CortexM3\ARM_GCC_541\Debug\mpu_wrappers.o
 .ARM.attributes
                0x00000131       0x33 .\CortexM3\ARM_GCC_541\Debug\port.o
 .ARM.attributes
                0x00000164       0x33 .\CortexM3\ARM_GCC_541\Debug\queue.o
 .ARM.attributes
                0x00000197       0x33 .\CortexM3\ARM_GCC_541\Debug\stream_buffer.o
 .ARM.attributes
                0x000001ca       0x33 .\CortexM3\ARM_GCC_541\Debug\tasks.o
 .ARM.attributes
                0x000001fd       0x33 .\CortexM3\ARM_GCC_541\Debug\timers.o
 .ARM.attributes
                0x00000230       0x33 .\CortexM3\ARM_GCC_541\Debug\heap_2.o
 .ARM.attributes
                0x00000263       0x33 .\CortexM3\ARM_GCC_541\Debug\main.o
 .ARM.attributes
                0x00000296       0x33 .\CortexM3\ARM_GCC_541\Debug\pandemic.o
 .ARM.attributes
                0x000002c9       0x33 .\CortexM3\ARM_GCC_541\Debug\cyfitter_cfg.o
 .ARM.attributes
                0x000002fc       0x33 .\CortexM3\ARM_GCC_541\Debug\cymetadata.o
 .ARM.attributes
                0x0000032f       0x33 .\CortexM3\ARM_GCC_541\Debug\Cm3Start.o
 .ARM.attributes
                0x00000362       0x33 .\CortexM3\ARM_GCC_541\Debug\pandemic.a(LED1.o)
 .ARM.attributes
                0x00000395       0x33 .\CortexM3\ARM_GCC_541\Debug\pandemic.a(LED2.o)
 .ARM.attributes
                0x000003c8       0x33 .\CortexM3\ARM_GCC_541\Debug\pandemic.a(LED3.o)
 .ARM.attributes
                0x000003fb       0x33 .\CortexM3\ARM_GCC_541\Debug\pandemic.a(LED4.o)
 .ARM.attributes
                0x0000042e       0x33 .\CortexM3\ARM_GCC_541\Debug\pandemic.a(KB_keyboard.o)
 .ARM.attributes
                0x00000461       0x33 .\CortexM3\ARM_GCC_541\Debug\pandemic.a(LCD.o)
 .ARM.attributes
                0x00000494       0x33 .\CortexM3\ARM_GCC_541\Debug\pandemic.a(KB_KeyboardCol1.o)
 .ARM.attributes
                0x000004c7       0x33 .\CortexM3\ARM_GCC_541\Debug\pandemic.a(KB_KeyboardCol3.o)
 .ARM.attributes
                0x000004fa       0x33 .\CortexM3\ARM_GCC_541\Debug\pandemic.a(KB_KeyboardCol2.o)
 .ARM.attributes
                0x0000052d       0x33 .\CortexM3\ARM_GCC_541\Debug\pandemic.a(KB_KeyboardRow0.o)
 .ARM.attributes
                0x00000560       0x33 .\CortexM3\ARM_GCC_541\Debug\pandemic.a(KB_KeyboardRow1.o)
 .ARM.attributes
                0x00000593       0x33 .\CortexM3\ARM_GCC_541\Debug\pandemic.a(KB_KeyboardRow2.o)
 .ARM.attributes
                0x000005c6       0x33 .\CortexM3\ARM_GCC_541\Debug\pandemic.a(KB_KeyboardRow3.o)
 .ARM.attributes
                0x000005f9       0x33 .\CortexM3\ARM_GCC_541\Debug\pandemic.a(CyLib.o)
 .ARM.attributes
                0x0000062c       0x33 .\CortexM3\ARM_GCC_541\Debug\pandemic.a(cyPm.o)
 .ARM.attributes
                0x0000065f       0x21 .\CortexM3\ARM_GCC_541\Debug\pandemic.a(CyBootAsmGnu.o)
 .ARM.attributes
                0x00000680       0x33 .\CortexM3\ARM_GCC_541\Debug\pandemic.a(CyFlash.o)
 .ARM.attributes
                0x000006b3       0x33 .\CortexM3\ARM_GCC_541\Debug\pandemic.a(CySpc.o)
 .ARM.attributes
                0x000006e6       0x2d c:/program files (x86)/cypress/psoc creator/4.3/psoc creator/import/gnu/arm/5.4.1/bin/../lib/gcc/arm-none-eabi/5.4.1/../../../../arm-none-eabi/lib/armv7-m\libg_nano.a(lib_a-errno.o)
 .ARM.attributes
                0x00000713       0x2d c:/program files (x86)/cypress/psoc creator/4.3/psoc creator/import/gnu/arm/5.4.1/bin/../lib/gcc/arm-none-eabi/5.4.1/../../../../arm-none-eabi/lib/armv7-m\libg_nano.a(lib_a-exit.o)
 .ARM.attributes
                0x00000740       0x2d c:/program files (x86)/cypress/psoc creator/4.3/psoc creator/import/gnu/arm/5.4.1/bin/../lib/gcc/arm-none-eabi/5.4.1/../../../../arm-none-eabi/lib/armv7-m\libg_nano.a(lib_a-impure.o)
 .ARM.attributes
                0x0000076d       0x2d c:/program files (x86)/cypress/psoc creator/4.3/psoc creator/import/gnu/arm/5.4.1/bin/../lib/gcc/arm-none-eabi/5.4.1/../../../../arm-none-eabi/lib/armv7-m\libg_nano.a(lib_a-init.o)
 .ARM.attributes
                0x0000079a       0x2d c:/program files (x86)/cypress/psoc creator/4.3/psoc creator/import/gnu/arm/5.4.1/bin/../lib/gcc/arm-none-eabi/5.4.1/../../../../arm-none-eabi/lib/armv7-m\libg_nano.a(lib_a-memcpy-stub.o)
 .ARM.attributes
                0x000007c7       0x2d c:/program files (x86)/cypress/psoc creator/4.3/psoc creator/import/gnu/arm/5.4.1/bin/../lib/gcc/arm-none-eabi/5.4.1/../../../../arm-none-eabi/lib/armv7-m\libg_nano.a(lib_a-memset.o)
 .ARM.attributes
                0x000007f4       0x2d c:/program files (x86)/cypress/psoc creator/4.3/psoc creator/import/gnu/arm/5.4.1/bin/../lib/gcc/arm-none-eabi/5.4.1/../../../../arm-none-eabi/lib/armv7-m\libg_nano.a(lib_a-rand.o)
 .ARM.attributes
                0x00000821       0x2d c:/program files (x86)/cypress/psoc creator/4.3/psoc creator/import/gnu/arm/5.4.1/bin/../lib/gcc/arm-none-eabi/5.4.1/../../../../arm-none-eabi/lib/armv7-m\libg_nano.a(lib_a-malloc.o)
 .ARM.attributes
                0x0000084e       0x2d c:/program files (x86)/cypress/psoc creator/4.3/psoc creator/import/gnu/arm/5.4.1/bin/../lib/gcc/arm-none-eabi/5.4.1/../../../../arm-none-eabi/lib/armv7-m\libg_nano.a(lib_a-nano-freer.o)
 .ARM.attributes
                0x0000087b       0x2d c:/program files (x86)/cypress/psoc creator/4.3/psoc creator/import/gnu/arm/5.4.1/bin/../lib/gcc/arm-none-eabi/5.4.1/../../../../arm-none-eabi/lib/armv7-m\libg_nano.a(lib_a-nano-mallocr.o)
 .ARM.attributes
                0x000008a8       0x2d c:/program files (x86)/cypress/psoc creator/4.3/psoc creator/import/gnu/arm/5.4.1/bin/../lib/gcc/arm-none-eabi/5.4.1/../../../../arm-none-eabi/lib/armv7-m\libg_nano.a(lib_a-sbrkr.o)
 .ARM.attributes
                0x000008d5       0x2d c:/program files (x86)/cypress/psoc creator/4.3/psoc creator/import/gnu/arm/5.4.1/bin/../lib/gcc/arm-none-eabi/5.4.1/../../../../arm-none-eabi/lib/armv7-m\libg_nano.a(lib_a-mlock.o)
 .ARM.attributes
                0x00000902       0x2d c:/program files (x86)/cypress/psoc creator/4.3/psoc creator/import/gnu/arm/5.4.1/bin/../lib/gcc/arm-none-eabi/5.4.1/../../../../arm-none-eabi/lib/armv7-m\libg_nano.a(lib_a-reent.o)
 .ARM.attributes
                0x0000092f       0x2d c:/program files (x86)/cypress/psoc creator/4.3/psoc creator/import/gnu/arm/5.4.1/bin/../lib/gcc/arm-none-eabi/5.4.1/armv7-m/crtend.o
 .ARM.attributes
                0x0000095c       0x1d c:/program files (x86)/cypress/psoc creator/4.3/psoc creator/import/gnu/arm/5.4.1/bin/../lib/gcc/arm-none-eabi/5.4.1/armv7-m/crtn.o

/DISCARD/
 *(.note.GNU-stack)
OUTPUT(C:\Users\IEUser\Desktop\RTCS\Project assignment-20200331\ELECH410-201920_proj_resources\project_pandemic_empty\pandemic.cydsn\CortexM3\ARM_GCC_541\Debug\pandemic.elf elf32-littlearm)
